Microchip MPLAB XC8 Compiler V2.46

Linker command line:

-W-3 \
  --edf=C:\Program Files\Microchip\xc8\v2.46\pic\dat\20240104201356_en.msgs \
  -cn -h+dist/default/production\FR761_V03.X.production.sym \
  --cmf=dist/default/production\FR761_V03.X.production.cmf -z -Q16F1936 \
  -oC:\Users\t00904\AppData\Local\Temp\xcCsa20.2\driver_tmp_3.o \
  --defsym=__MPLAB_BUILD=1 --fixupoverflow=error \
  -Mdist/default/production/FR761_V03.X.production.map \
  --md=C:\Users\t00904\AppData\Local\Temp\xcCsa20.2\driver_tmp_0.dat -E1 \
  -ver=XC8 Compiler --acfsm=1493 -ACODE=00h-07FFhx4 -ASTRCODE=00h-01FFFh \
  -ASTRING=00h-0FFhx32 -ACONST=00h-0FFhx32 -AENTRY=00h-0FFhx32 \
  -ACOMMON=070h-07Fh -ABANK0=020h-06Fh -ABANK1=0A0h-0EFh \
  -ABANK2=0120h-016Fh -ABANK3=01A0h-01EFh -ABANK4=0220h-026Fh \
  -ABANK5=02A0h-02EFh -ABANK6=0320h-032Fh -ABIGRAM=02000h-021EFh \
  -ARAM=020h-06Fh,0A0h-0EFh,0120h-016Fh,01A0h-01EFh,0220h-026Fh,02A0h-02EFh,0320h-032Fh \
  -AABS1=020h-07Fh,0A0h-0EFh,0120h-016Fh,01A0h-01EFh,0220h-026Fh,02A0h-02EFh,0320h-032Fh \
  -ASFR0=00h-01Fh -ASFR1=080h-09Fh -ASFR2=0100h-011Fh -ASFR3=0180h-019Fh \
  -ASFR4=0200h-021Fh -ASFR5=0280h-029Fh -ASFR6=0300h-031Fh \
  -ASFR7=0380h-03EFh -ASFR8=0400h-046Fh -ASFR9=0480h-04EFh \
  -ASFR10=0500h-056Fh -ASFR11=0580h-05EFh -ASFR12=0600h-066Fh \
  -ASFR13=0680h-06EFh -ASFR14=0700h-076Fh -ASFR15=0780h-07EFh \
  -ASFR16=0800h-086Fh -ASFR17=0880h-08EFh -ASFR18=0900h-096Fh \
  -ASFR19=0980h-09EFh -ASFR20=0A00h-0A6Fh -ASFR21=0A80h-0AEFh \
  -ASFR22=0B00h-0B6Fh -ASFR23=0B80h-0BEFh -ASFR24=0C00h-0C6Fh \
  -ASFR25=0C80h-0CEFh -ASFR26=0D00h-0D6Fh -ASFR27=0D80h-0DEFh \
  -ASFR28=0E00h-0E6Fh -ASFR29=0E80h-0EEFh -ASFR30=0F00h-0F6Fh \
  -ASFR31=0F80h-0FEFh -ACONFIG=08007h-08008h -DCONFIG=2 \
  -AIDLOC=08000h-08003h -DIDLOC=2 -AEEDATA=00h-0FFh/0F000h \
  -peeprom_data=EEDATA -DEEDATA=2 -DCODE=2 -DSTRCODE=2 -DSTRING=2 -DCONST=2 \
  -DENTRY=2 -preset_vec=00h,intentry,sivt,init,end_init -ppowerup=CODE \
  -pcinit=CODE -pfunctab=ENTRY -k \
  C:\Users\t00904\AppData\Local\Temp\xcCsa20.2\driver_tmp_15.o \
  dist/default/production\FR761_V03.X.production.o 

Object code version is 3.11

Machine type is 16F1936



                Name                               Link     Load   Length Selector   Space Scale
C:\Users\t00904\AppData\Local\Temp\xcCsa20.2\driver_tmp_15.o
                end_init                              2        2        2        0       0
                reset_vec                             0        0        2        0       0
                config                             8007     8007        2        0       4
dist/default/production\FR761_V03.X.production.o
                cinit                               7F5      7F5        B      FEA       0
                config                             8007     8007        2        0       4
                text20                              3E5      3E5        C      7CA       0
                text19                              43E      43E       1B      87C       0
                text18                              3DA      3DA        B      7B4       0
                text17                              3BE      3BE        8      77C       0
                text16                              3C6      3C6        A      78C       0
                text15                              3B4      3B4        4      768       0
                text14                              3FE      3FE       13      7FC       0
                text13                              5B5      5B5       48      B6A       0
                text12                              427      427       17      84E       0
                text11                              459      459       26      8B2       0
                text10                              411      411       16      822       0
                text9                               3F1      3F1        D      7E2       0
                text8                               6EC      6EC      109      DD8       0
                text7                               3D0      3D0        A      7A0       0
                text6                               4AF      4AF       3A      95E       0
                text5                               4E9      4E9       44      9D2       0
                text4                               52D      52D       44      A5A       0
                text3                               571      571       44      AE2       0
                text2                               5FD      5FD       EF      BFA       0
                text1                               3B3      3B3        1      766       0
                maintext                            47F      47F       30      8FE       0
                cstackBANK0                          31       31        5       20       1
                cstackCOMMON                         70       70        E       70       1
                clrtext                             3B8      3B8        6      770       0
                bssBANK0                             20       20       11       20       1

TOTAL           Name                               Link     Load   Length     Space
        CLASS   CODE           
                end_init                              2        2        2         0
                cinit                               7F5      7F5        B         0
                reset_vec                             0        0        2         0
                text20                              3E5      3E5        C         0
                text19                              43E      43E       1B         0
                text18                              3DA      3DA        B         0
                text17                              3BE      3BE        8         0
                text16                              3C6      3C6        A         0
                text15                              3B4      3B4        4         0
                text14                              3FE      3FE       13         0
                text13                              5B5      5B5       48         0
                text12                              427      427       17         0
                text11                              459      459       26         0
                text10                              411      411       16         0
                text9                               3F1      3F1        D         0
                text8                               6EC      6EC      109         0
                text7                               3D0      3D0        A         0
                text6                               4AF      4AF       3A         0
                text5                               4E9      4E9       44         0
                text4                               52D      52D       44         0
                text3                               571      571       44         0
                text2                               5FD      5FD       EF         0
                text1                               3B3      3B3        1         0
                maintext                            47F      47F       30         0
                clrtext                             3B8      3B8        6         0

        CLASS   STRCODE        

        CLASS   STRING         

        CLASS   CONST          

        CLASS   ENTRY          

        CLASS   COMMON         
                cstackCOMMON                         70       70        E         1

        CLASS   BANK0          
                cstackBANK0                          31       31        5         1
                bssBANK0                             20       20       11         1

        CLASS   BANK1          

        CLASS   BANK2          

        CLASS   BANK3          

        CLASS   BANK4          

        CLASS   BANK5          

        CLASS   BANK6          

        CLASS   BIGRAM         

        CLASS   RAM            

        CLASS   ABS1           
                abs_s1                               7E       7E        2         1

        CLASS   SFR0           

        CLASS   SFR1           

        CLASS   SFR2           

        CLASS   SFR3           

        CLASS   SFR4           

        CLASS   SFR5           

        CLASS   SFR6           

        CLASS   SFR7           

        CLASS   SFR8           

        CLASS   SFR9           

        CLASS   SFR10          

        CLASS   SFR11          

        CLASS   SFR12          

        CLASS   SFR13          

        CLASS   SFR14          

        CLASS   SFR15          

        CLASS   SFR16          

        CLASS   SFR17          

        CLASS   SFR18          

        CLASS   SFR19          

        CLASS   SFR20          

        CLASS   SFR21          

        CLASS   SFR22          

        CLASS   SFR23          

        CLASS   SFR24          

        CLASS   SFR25          

        CLASS   SFR26          

        CLASS   SFR27          

        CLASS   SFR28          

        CLASS   SFR29          

        CLASS   SFR30          

        CLASS   SFR31          

        CLASS   CONFIG         
                config                             8007     8007        2         4

        CLASS   IDLOC          

        CLASS   EEDATA         

        CLASS   BANK31         

        CLASS   BANK30         

        CLASS   BANK29         

        CLASS   BANK28         

        CLASS   BANK27         

        CLASS   BANK26         

        CLASS   BANK25         

        CLASS   BANK24         

        CLASS   BANK23         

        CLASS   BANK22         

        CLASS   BANK21         

        CLASS   BANK20         

        CLASS   BANK19         

        CLASS   BANK18         

        CLASS   BANK17         

        CLASS   BANK16         

        CLASS   BANK15         

        CLASS   BANK14         

        CLASS   BANK13         

        CLASS   BANK12         

        CLASS   BANK11         

        CLASS   BANK10         

        CLASS   BANK9          

        CLASS   BANK8          

        CLASS   BANK7          

        CLASS   HEAP           

        CLASS   STACK          



SEGMENTS        Name                           Load    Length   Top    Selector   Space  Class     Delta

                reset_vec                      000000  000004  000004         0       0  CODE        2
                bssBANK0                       000020  000016  000036        20       1  BANK0       1
                cstackCOMMON                   000070  00000E  00007E        70       1  COMMON      1
                text1                          0003B3  000001  0003B4       766       0  CODE        2
                text15                         0003B4  000004  0003B8       768       0  CODE        2
                clrtext                        0003B8  000006  0003BE       770       0  CODE        2
                text17                         0003BE  000008  0003C6       77C       0  CODE        2
                text16                         0003C6  00000A  0003D0       78C       0  CODE        2
                text7                          0003D0  00000A  0003DA       7A0       0  CODE        2
                text18                         0003DA  00000B  0003E5       7B4       0  CODE        2
                text20                         0003E5  00000C  0003F1       7CA       0  CODE        2
                text9                          0003F1  00000D  0003FE       7E2       0  CODE        2
                text14                         0003FE  000013  000411       7FC       0  CODE        2
                text10                         000411  000016  000427       822       0  CODE        2
                text12                         000427  000017  00043E       84E       0  CODE        2
                text19                         00043E  00001B  000459       87C       0  CODE        2
                text11                         000459  000026  00047F       8B2       0  CODE        2
                maintext                       00047F  000030  0004AF       8FE       0  CODE        2
                text6                          0004AF  00003A  0004E9       95E       0  CODE        2
                text5                          0004E9  000044  00052D       9D2       0  CODE        2
                text4                          00052D  000044  000571       A5A       0  CODE        2
                text3                          000571  000044  0005B5       AE2       0  CODE        2
                text13                         0005B5  000048  0005FD       B6A       0  CODE        2
                text2                          0005FD  0000EF  0006EC       BFA       0  CODE        2
                text8                          0006EC  000109  0007F5       DD8       0  CODE        2
                cinit                          0007F5  00000B  000800       FEA       0  CODE        2


UNUSED ADDRESS RANGES

        Name                Unused          Largest block    Delta
        BANK0            00036-0006F              3A           1
        BANK1            000A0-000EF              50           1
        BANK2            00120-0016F              50           1
        BANK3            001A0-001EF              50           1
        BANK4            00220-0026F              50           1
        BANK5            002A0-002EF              50           1
        BANK6            00320-0032F              10           1
        BIGRAM           02000-021EF             1F0           1
        CODE             00004-003B2             3AF           2
                         00800-01FFF             800
        CONST            00004-003B2             100           2
                         00800-01FFF             100
        EEDATA           0F000-0F0FF             100           2
        ENTRY            00004-003B2             100           2
                         00800-01FFF             100
        IDLOC            08000-08003               4           2
        RAM              00036-0006F              3A           1
                         000A0-000EF              50
                         00120-0016F              50
                         001A0-001EF              50
                         00220-0026F              50
                         002A0-002EF              50
                         00320-0032F              10
        SFR0             00000-0001F              20           1
        SFR1             00080-0009F              20           1
        SFR10            00500-0056F              70           1
        SFR11            00580-005EF              70           1
        SFR12            00600-0066F              70           1
        SFR13            00680-006EF              70           1
        SFR14            00700-0076F              70           1
        SFR15            00780-007EF              70           1
        SFR16            00800-0086F              70           1
        SFR17            00880-008EF              70           1
        SFR18            00900-0096F              70           1
        SFR19            00980-009EF              70           1
        SFR2             00100-0011F              20           1
        SFR20            00A00-00A6F              70           1
        SFR21            00A80-00AEF              70           1
        SFR22            00B00-00B6F              70           1
        SFR23            00B80-00BEF              70           1
        SFR24            00C00-00C6F              70           1
        SFR25            00C80-00CEF              70           1
        SFR26            00D00-00D6F              70           1
        SFR27            00D80-00DEF              70           1
        SFR28            00E00-00E6F              70           1
        SFR29            00E80-00EEF              70           1
        SFR3             00180-0019F              20           1
        SFR30            00F00-00F6F              70           1
        SFR31            00F80-00FEF              70           1
        SFR4             00200-0021F              20           1
        SFR5             00280-0029F              20           1
        SFR6             00300-0031F              20           1
        SFR7             00380-003EF              70           1
        SFR8             00400-0046F              70           1
        SFR9             00480-004EF              70           1
        STRCODE          00004-003B2             3AF           2
                         00800-01FFF            1800
        STRING           00004-003B2             100           2
                         00800-01FFF             100

                                  Symbol Table

Delay_ms@input_ms               cstackCOMMON 00071
Delay_ms@ms                     cstackCOMMON 00073
LED_ON@InputData                cstackCOMMON 00079
LED_ON@data                     cstackCOMMON 0007A
LED_SET@InputData               cstackCOMMON 00073
LED_SET@LED_num                 cstackCOMMON 00075
LED_SET@data                    cstackCOMMON 00076
LED_SET@i                       cstackCOMMON 00078
LED_SET@num                     cstackCOMMON 00077
LED_SET_Gradually_ON@InputData  cstackCOMMON 0007A
LED_SET_Gradually_ON@j          cstackCOMMON 0007B
PWM_SendData@InputData          cstackCOMMON 00070
PWM_SendData@bitmask            cstackCOMMON 00072
PWM_SendData@data               cstackCOMMON 00071
Streamer_SEG1_OFF@InputData     cstackCOMMON 0007A
Streamer_SEG1_OFF@data          cstackCOMMON 0007B
Streamer_SEG1_OFF@j             cstackCOMMON 0007D
Streamer_SEG1_OFF@num           cstackCOMMON 0007C
Streamer_SEG1_ON@InputData      cstackCOMMON 0007A
Streamer_SEG1_ON@data           cstackCOMMON 0007B
Streamer_SEG1_ON@j              cstackCOMMON 0007D
Streamer_SEG1_ON@num            cstackCOMMON 0007C
Streamer_SEG2_ON@InputData      cstackCOMMON 0007A
Streamer_SEG2_ON@data           cstackCOMMON 0007B
Streamer_SEG2_ON@j              cstackCOMMON 0007D
Streamer_SEG2_ON@num            cstackCOMMON 0007C
TrunLight@InputData             cstackBANK0  00031
TrunLight@data                  cstackBANK0  00033
TrunLight@j                     cstackBANK0  00032
TrunLight@seg1_num              cstackBANK0  00034
TrunLight@seg2_num              cstackBANK0  00035
_ANSELA                         (abs)        0018C
_ANSELB                         (abs)        0018D
_APFCON                         (abs)        0011D
_BORCON                         (abs)        00116
_CCP5CON                        (abs)        0031E
_CCPR5H                         (abs)        0031D
_CCPR5L                         (abs)        0031C
_CCPTMRS1bits                   (abs)        0029F
_Delay_ms                       text12       00427
_LATA                           (abs)        0010C
_LATB                           (abs)        0010D
_LATBbits                       (abs)        0010D
_LATC                           (abs)        0010E
_LATCbits                       (abs)        0010E
_LATE                           (abs)        00110
_LED_OFF                        text9        003F1
_LED_ON                         text7        003D0
_LED_SET                        text10       00411
_LED_SET_Gradually_ON           text6        004AF
_OPTION_REGbits                 (abs)        00095
_OSCCON                         (abs)        00099
_OSCILLATOR_Initialize          text20       003E5
_OSCTUNE                        (abs)        00098
_PIN_MANAGER_Initialize         text19       0043E
_PIR1bits                       (abs)        00011
_PIR3bits                       (abs)        00013
_PLLR                           (abs)        004D6
_PORTAbits                      (abs)        0000C
_PORTBbits                      (abs)        0000D
_PORTCbits                      (abs)        0000E
_PR2                            (abs)        0001B
_PR6                            (abs)        0041D
_PWM5_Initialize                text18       003DA
_PWM_SendData                   text11       00459
_SYSTEM_Initialize              text14       003FE
_Streamer_SEG1_OFF              text5        004E9
_Streamer_SEG1_ON               text4        0052D
_Streamer_SEG2_ON               text3        00571
_T100us_cnt                     bssBANK0     0002C
_T100us_cnt1                    bssBANK0     0002B
_T1MS_cnt                       bssBANK0     00020
_T1MS_disable_cnt               bssBANK0     00024
_T250MS_cnt                     bssBANK0     0002F
_T2CON                          (abs)        0001C
_T5MS_cnt                       bssBANK0     0002A
_T6CON                          (abs)        0041E
_TMR2                           (abs)        0001A
_TMR2IF                         (abs)        00089
_TMR2_Initialize                text17       003BE
_TMR6                           (abs)        0041C
_TMR6_Initialize                text16       003C6
_TRISA                          (abs)        0008C
_TRISB                          (abs)        0008D
_TRISC                          (abs)        0008E
_TRISE                          (abs)        00090
_Timer                          text13       005B5
_TrunLight                      text8        006EC
_WDTCON                         (abs)        00097
_WDT_Initialize                 text15       003B4
_WPUB                           (abs)        0020D
_WPUE                           (abs)        00210
_WelcomeLight                   text2        005FD
__H__absolute__                 __absolute__ 00000
__Habs1                         abs1         00000
__Hbank0                        bank0        00000
__Hbank1                        bank1        00000
__Hbank10                       bank10       00000
__Hbank11                       bank11       00000
__Hbank12                       bank12       00000
__Hbank13                       bank13       00000
__Hbank14                       bank14       00000
__Hbank15                       bank15       00000
__Hbank16                       bank16       00000
__Hbank17                       bank17       00000
__Hbank18                       bank18       00000
__Hbank19                       bank19       00000
__Hbank2                        bank2        00000
__Hbank20                       bank20       00000
__Hbank21                       bank21       00000
__Hbank22                       bank22       00000
__Hbank23                       bank23       00000
__Hbank24                       bank24       00000
__Hbank25                       bank25       00000
__Hbank26                       bank26       00000
__Hbank27                       bank27       00000
__Hbank28                       bank28       00000
__Hbank29                       bank29       00000
__Hbank3                        bank3        00000
__Hbank30                       bank30       00000
__Hbank31                       bank31       00000
__Hbank4                        bank4        00000
__Hbank5                        bank5        00000
__Hbank6                        bank6        00000
__Hbank7                        bank7        00000
__Hbank8                        bank8        00000
__Hbank9                        bank9        00000
__Hbigram                       bigram       00000
__HbssBANK0                     bssBANK0     00000
__Hcinit                        cinit        00800
__Hclrtext                      clrtext      00000
__Hcode                         code         00000
__Hcommon                       common       00000
__Hconfig                       config       08009
__HcstackBANK0                  cstackBANK0  00000
__HcstackCOMMON                 cstackCOMMON 00000
__Heeprom_data                  eeprom_data  00000
__Hend_init                     end_init     00004
__Hfunctab                      functab      00000
__Hheap                         heap         00000
__Hinit                         init         00002
__Hintentry                     intentry     00002
__Hmaintext                     maintext     00000
__Hpowerup                      powerup      00000
__Hram                          ram          00000
__Hreset_vec                    reset_vec    00002
__Hsfr0                         sfr0         00000
__Hsfr1                         sfr1         00000
__Hsfr10                        sfr10        00000
__Hsfr11                        sfr11        00000
__Hsfr12                        sfr12        00000
__Hsfr13                        sfr13        00000
__Hsfr14                        sfr14        00000
__Hsfr15                        sfr15        00000
__Hsfr16                        sfr16        00000
__Hsfr17                        sfr17        00000
__Hsfr18                        sfr18        00000
__Hsfr19                        sfr19        00000
__Hsfr2                         sfr2         00000
__Hsfr20                        sfr20        00000
__Hsfr21                        sfr21        00000
__Hsfr22                        sfr22        00000
__Hsfr23                        sfr23        00000
__Hsfr24                        sfr24        00000
__Hsfr25                        sfr25        00000
__Hsfr26                        sfr26        00000
__Hsfr27                        sfr27        00000
__Hsfr28                        sfr28        00000
__Hsfr29                        sfr29        00000
__Hsfr3                         sfr3         00000
__Hsfr30                        sfr30        00000
__Hsfr31                        sfr31        00000
__Hsfr4                         sfr4         00000
__Hsfr5                         sfr5         00000
__Hsfr6                         sfr6         00000
__Hsfr7                         sfr7         00000
__Hsfr8                         sfr8         00000
__Hsfr9                         sfr9         00000
__Hsivt                         sivt         00002
__Hspace_0                      (abs)        00800
__Hspace_1                      (abs)        0007E
__Hspace_2                      (abs)        00000
__Hspace_3                      (abs)        00000
__Hspace_4                      (abs)        10010
__Hstack                        stack        00000
__Hstrings                      strings      00000
__Htext                         text         00000
__L__absolute__                 __absolute__ 00000
__Labs1                         abs1         00000
__Lbank0                        bank0        00000
__Lbank1                        bank1        00000
__Lbank10                       bank10       00000
__Lbank11                       bank11       00000
__Lbank12                       bank12       00000
__Lbank13                       bank13       00000
__Lbank14                       bank14       00000
__Lbank15                       bank15       00000
__Lbank16                       bank16       00000
__Lbank17                       bank17       00000
__Lbank18                       bank18       00000
__Lbank19                       bank19       00000
__Lbank2                        bank2        00000
__Lbank20                       bank20       00000
__Lbank21                       bank21       00000
__Lbank22                       bank22       00000
__Lbank23                       bank23       00000
__Lbank24                       bank24       00000
__Lbank25                       bank25       00000
__Lbank26                       bank26       00000
__Lbank27                       bank27       00000
__Lbank28                       bank28       00000
__Lbank29                       bank29       00000
__Lbank3                        bank3        00000
__Lbank30                       bank30       00000
__Lbank31                       bank31       00000
__Lbank4                        bank4        00000
__Lbank5                        bank5        00000
__Lbank6                        bank6        00000
__Lbank7                        bank7        00000
__Lbank8                        bank8        00000
__Lbank9                        bank9        00000
__Lbigram                       bigram       00000
__LbssBANK0                     bssBANK0     00000
__Lcinit                        cinit        007F5
__Lclrtext                      clrtext      00000
__Lcode                         code         00000
__Lcommon                       common       00000
__Lconfig                       config       00000
__LcstackBANK0                  cstackBANK0  00000
__LcstackCOMMON                 cstackCOMMON 00000
__Leeprom_data                  eeprom_data  00000
__Lend_init                     end_init     00002
__Lfunctab                      functab      00000
__Lheap                         heap         00000
__Linit                         init         00002
__Lintentry                     intentry     00002
__Lmaintext                     maintext     00000
__Lpowerup                      powerup      00000
__Lram                          ram          00000
__Lreset_vec                    reset_vec    00000
__Lsfr0                         sfr0         00000
__Lsfr1                         sfr1         00000
__Lsfr10                        sfr10        00000
__Lsfr11                        sfr11        00000
__Lsfr12                        sfr12        00000
__Lsfr13                        sfr13        00000
__Lsfr14                        sfr14        00000
__Lsfr15                        sfr15        00000
__Lsfr16                        sfr16        00000
__Lsfr17                        sfr17        00000
__Lsfr18                        sfr18        00000
__Lsfr19                        sfr19        00000
__Lsfr2                         sfr2         00000
__Lsfr20                        sfr20        00000
__Lsfr21                        sfr21        00000
__Lsfr22                        sfr22        00000
__Lsfr23                        sfr23        00000
__Lsfr24                        sfr24        00000
__Lsfr25                        sfr25        00000
__Lsfr26                        sfr26        00000
__Lsfr27                        sfr27        00000
__Lsfr28                        sfr28        00000
__Lsfr29                        sfr29        00000
__Lsfr3                         sfr3         00000
__Lsfr30                        sfr30        00000
__Lsfr31                        sfr31        00000
__Lsfr4                         sfr4         00000
__Lsfr5                         sfr5         00000
__Lsfr6                         sfr6         00000
__Lsfr7                         sfr7         00000
__Lsfr8                         sfr8         00000
__Lsfr9                         sfr9         00000
__Lsivt                         sivt         00002
__Lspace_0                      (abs)        00000
__Lspace_1                      (abs)        00000
__Lspace_2                      (abs)        00000
__Lspace_3                      (abs)        00000
__Lspace_4                      (abs)        00000
__Lstack                        stack        00000
__Lstrings                      strings      00000
__Ltext                         text         00000
__S0                            (abs)        00800
__S1                            (abs)        0007E
__S3                            (abs)        00000
___heap_hi                      (abs)        00000
___heap_lo                      (abs)        00000
___int_sp                       stack        00000
___int_stack_hi                 stack        00000
___int_stack_lo                 stack        00000
___latbits                      (abs)        00002
___sp                           stack        00000
___stack_hi                     stack        00000
___stack_lo                     stack        00000
___stackhi                      (abs)        00000
___stacklo                      (abs)        00000
__end_of_Delay_ms               text12       0043E
__end_of_LED_OFF                text9        003FE
__end_of_LED_ON                 text7        003DA
__end_of_LED_SET                text10       00427
__end_of_LED_SET_Gradually_ON   text6        004E9
__end_of_OSCILLATOR_Initialize  text20       003F1
__end_of_PIN_MANAGER_Initialize text19       00459
__end_of_PWM5_Initialize        text18       003E5
__end_of_PWM_SendData           text11       0047F
__end_of_SYSTEM_Initialize      text14       00411
__end_of_Streamer_SEG1_OFF      text5        0052D
__end_of_Streamer_SEG1_ON       text4        00571
__end_of_Streamer_SEG2_ON       text3        005B5
__end_of_TMR2_Initialize        text17       003C6
__end_of_TMR6_Initialize        text16       003D0
__end_of_Timer                  text13       005FD
__end_of_TrunLight              text8        007F5
__end_of_WDT_Initialize         text15       003B8
__end_of_WelcomeLight           text2        006EC
__end_of__initialization        cinit        007FD
__end_of_main                   maintext     004AF
__end_of_todo                   text1        003B4
__initialization                cinit        007F5
__pbssBANK0                     bssBANK0     00020
__pcstackBANK0                  cstackBANK0  00031
__pcstackCOMMON                 cstackCOMMON 00070
__pmaintext                     maintext     0047F
__ptext1                        text1        003B3
__ptext10                       text10       00411
__ptext11                       text11       00459
__ptext12                       text12       00427
__ptext13                       text13       005B5
__ptext14                       text14       003FE
__ptext15                       text15       003B4
__ptext16                       text16       003C6
__ptext17                       text17       003BE
__ptext18                       text18       003DA
__ptext19                       text19       0043E
__ptext2                        text2        005FD
__ptext20                       text20       003E5
__ptext3                        text3        00571
__ptext4                        text4        0052D
__ptext5                        text5        004E9
__ptext6                        text6        004AF
__ptext7                        text7        003D0
__ptext8                        text8        006EC
__ptext9                        text9        003F1
_fACC                           bssBANK0     00028
_fDRL                           bssBANK0     00026
_fLoBeam                        bssBANK0     00029
_fPOS                           bssBANK0     00027
_fTurn                          bssBANK0     0002E
_fWelcome                       bssBANK0     0002D
_i                              bssBANK0     00022
_main                           maintext     0047F
_mode                           bssBANK0     00030
_todo                           text1        003B3
btemp                           (abs)        0007E
clear_ram0                      clrtext      003B8
end_of_initialization           cinit        007FD
intlevel0                       functab      00000
intlevel1                       functab      00000
intlevel2                       functab      00000
intlevel3                       functab      00000
intlevel4                       functab      00000
intlevel5                       functab      00000
reset_vec                       reset_vec    00000
start                           init         00002
start_initialization            cinit        007F5
wtemp0                          (abs)        0007E


MODULE INFORMATION

Module		Function		Class		Link	Load	Size
mcc_generated_files/tmr6.c
		_TMR6_Initialize		CODE           	03C6	0000	10

mcc_generated_files/tmr6.c estimated size: 10

mcc_generated_files/tmr2.c
		_TMR2_Initialize		CODE           	03BE	0000	8

mcc_generated_files/tmr2.c estimated size: 8

timer.c
		_Timer         		CODE           	05B5	0000	72
		_Delay_ms      		CODE           	0427	0000	23

timer.c estimated size: 95

mcc_generated_files/pin_manager.c
		_PIN_MANAGER_Initialize		CODE           	043E	0000	27

mcc_generated_files/pin_manager.c estimated size: 27

PWM.c
		_PWM_SendData  		CODE           	0459	0000	38
		_Streamer_SEG1_OFF		CODE           	04E9	0000	68
		_LED_SET       		CODE           	0411	0000	22
		_LED_OFF       		CODE           	03F1	0000	13
		_WelcomeLight  		CODE           	05FD	0000	239
		_Streamer_SEG1_ON		CODE           	052D	0000	68
		_Streamer_SEG2_ON		CODE           	0571	0000	68
		_LED_SET_Gradually_ON		CODE           	04AF	0000	58
		_LED_ON        		CODE           	03D0	0000	10
		_TrunLight     		CODE           	06EC	0000	265

PWM.c estimated size: 849

shared
		__initialization		CODE           	07F5	0000	8

shared estimated size: 8

mcc_generated_files/pwm5.c
		_PWM5_Initialize		CODE           	03DA	0000	11

mcc_generated_files/pwm5.c estimated size: 11

mcc_generated_files/mcc.c
		_WDT_Initialize		CODE           	03B4	0000	4
		_OSCILLATOR_Initialize		CODE           	03E5	0000	12
		_SYSTEM_Initialize		CODE           	03FE	0000	19

mcc_generated_files/mcc.c estimated size: 35

main.c
		_main          		CODE           	047F	0000	48
		_todo          		CODE           	03B3	0000	1

main.c estimated size: 49

