Microchip MPLAB XC8 Compiler V2.46

Linker command line:

-W-3 --edf=c:\PROGRA~1\MICROC~1\xc8\v2.46\pic\dat\20240104201356_en.msgs \
  -cn -h+D:\yiming\00work\FR761.X\out\FR761\default.sym \
  --cmf=D:\yiming\00work\FR761.X\out\FR761\default.cmf -z -w9 \
  --disl=596:off --norlf -Q16F1936 \
  -oC:\Users\t00904\AppData\Local\Temp\xcDs9lk.3\driver_tmp_3.o \
  --defsym=__MPLAB_BUILD=1 -Mmem.map \
  --md=C:\Users\t00904\AppData\Local\Temp\xcDs9lk.3\driver_tmp_0.dat -E1 \
  -ver=XC8 Compiler --acfsm=1493 -ACODE=00h-07FFhx4 -ASTRCODE=00h-01FFFh \
  -ASTRING=00h-0FFhx32 -ACONST=00h-0FFhx32 -AENTRY=00h-0FFhx32 \
  -ACOMMON=070h-07Fh -ABANK0=020h-06Fh -ABANK1=0A0h-0EFh \
  -ABANK2=0120h-016Fh -ABANK3=01A0h-01EFh -ABANK4=0220h-026Fh \
  -ABANK5=02A0h-02EFh -ABANK6=0320h-032Fh -ABIGRAM=02000h-021EFh \
  -ARAM=020h-06Fh,0A0h-0EFh,0120h-016Fh,01A0h-01EFh,0220h-026Fh,02A0h-02EFh,0320h-032Fh \
  -AABS1=020h-07Fh,0A0h-0EFh,0120h-016Fh,01A0h-01EFh,0220h-026Fh,02A0h-02EFh,0320h-032Fh \
  -ASFR0=00h-01Fh -ASFR1=080h-09Fh -ASFR2=0100h-011Fh -ASFR3=0180h-019Fh \
  -ASFR4=0200h-021Fh -ASFR5=0280h-029Fh -ASFR6=0300h-031Fh \
  -ASFR7=0380h-03EFh -ASFR8=0400h-046Fh -ASFR9=0480h-04EFh \
  -ASFR10=0500h-056Fh -ASFR11=0580h-05EFh -ASFR12=0600h-066Fh \
  -ASFR13=0680h-06EFh -ASFR14=0700h-076Fh -ASFR15=0780h-07EFh \
  -ASFR16=0800h-086Fh -ASFR17=0880h-08EFh -ASFR18=0900h-096Fh \
  -ASFR19=0980h-09EFh -ASFR20=0A00h-0A6Fh -ASFR21=0A80h-0AEFh \
  -ASFR22=0B00h-0B6Fh -ASFR23=0B80h-0BEFh -ASFR24=0C00h-0C6Fh \
  -ASFR25=0C80h-0CEFh -ASFR26=0D00h-0D6Fh -ASFR27=0D80h-0DEFh \
  -ASFR28=0E00h-0E6Fh -ASFR29=0E80h-0EEFh -ASFR30=0F00h-0F6Fh \
  -ASFR31=0F80h-0FEFh -ACONFIG=08007h-08008h -DCONFIG=2 \
  -AIDLOC=08000h-08003h -DIDLOC=2 -AEEDATA=00h-0FFh/0F000h \
  -peeprom_data=EEDATA -DEEDATA=2 -DCODE=2 -DSTRCODE=2 -DSTRING=2 -DCONST=2 \
  -DENTRY=2 -preset_vec=00h,intentry=04h,sivt,init,end_init -ppowerup=CODE \
  -pcinit=CODE -pfunctab=ENTRY -k \
  C:\Users\t00904\AppData\Local\Temp\xcDs9lk.3\driver_tmp_15.o \
  D:\yiming\00work\FR761.X\out\FR761\default.o 

Object code version is 3.11

Machine type is 16F1936



                Name                               Link     Load   Length Selector   Space Scale
C:\Users\t00904\AppData\Local\Temp\xcDs9lk.3\driver_tmp_15.o
                end_init                             38       38        3        8       0
                reset_vec                             0        0        2        0       0
                config                             8007     8007        2        0       4
                idloc                              8000     8000        4        0       5
D:\yiming\00work\FR761.X\out\FR761\default.o
                cinit                                3B       3B       1A        8       0
                intentry                              4        4       34        8       0
                config                             8007     8007        2        0       4
                idloc                              8000     8000        4        0       5
                text71                              65E      65E       18        8       0
                text70                              78F      78F        4      EEE       0
                text69                              7AD      7AD        1      EEE       0
                text68                              78B      78B        4      EEE       0
                text67                              430      430       39        8       0
                text66                              580      580       22        8       0
                text65                              7AC      7AC        1      EEE       0
                text64                              6D8      6D8        E        8       0
                text63                              6C8      6C8       10        8       0
                text61                              76E      76E        5        8       0
                text60                              6B5      6B5       13        8       0
                text59                              397      397       55        8       0
                text58                              5F5      5F5       1B        8       0
                text57                              510      510       26        8       0
                text56                              68C      68C       16        8       0
                text55                              759      759        6        8       0
                text54                              4EA      4EA       26        8       0
                text53                              79F      79F        3      EEE       0
                text52                              6A2      6A2       13        8       0
                text51                              23C      23C       86        8       0
                text50                              32D      32D       6A        8       0
                text49                              644      644       1A        8       0
                text48                              769      769        5        8       0
                text47                              764      764        5        8       0
                text46                              49C      49C       28        8       0
                text45                              469      469       33        8       0
                text44                              55B      55B       25        8       0
                text43                              536      536       25        8       0
                text42                              2C2      2C2       6B        8       0
                text41                              787      787        4      EEE       0
                text40                              70A      70A        B        8       0
                text39                              783      783        4      EEE       0
                text38                              7AB      7AB        1      EEE       0
                text37                              7AA      7AA        1      EEE       0
                text36                              77F      77F        4      EEE       0
                text35                              77B      77B        4      EEE       0
                text34                              7A9      7A9        1      EEE       0
                text33                              7A8      7A8        1      EEE       0
                text32                              62A      62A       1A        8       0
                text31                              5BE      5BE       1C        8       0
                text30                              79C      79C        3      EEE       0
                text29                              799      799        3      EEE       0
                text28                              7A7      7A7        1      EEE       0
                text27                              7A6      7A6        1      EEE       0
                text26                              7A5      7A5        1      EEE       0
                text25                              7A4      7A4        1      EEE       0
                text24                              16D      16D       CF        8       0
                text23                               55       55      118        8       0
                text22                              753      753        6        8       0
                text21                              74D      74D        6        8       0
                text20                              747      747        6        8       0
                text19                              741      741        6        8       0
                text18                              73B      73B        6        8       0
                text17                              796      796        3      EEE       0
                text16                              7A3      7A3        1      EEE       0
                text15                              3EC      3EC       44        8       0
                text14                              735      735        6        8       0
                text13                              727      727        8        8       0
                text12                              676      676       16        8       0
                text11                              6E6      6E6        D        8       0
                text10                              6F3      6F3        C        8       0
                text9                               610      610       1A        8       0
                text8                               6FF      6FF        B        8       0
                text7                               793      793        3      EEE       0
                text6                               75F      75F        5        8       0
                text5                               5DA      5DA       1B        8       0
                text4                               71F      71F        8        8       0
                text3                               715      715        A        8       0
                text2                               777      777        4      EEE       0
                text1                               5A2      5A2       1C        8       0
                maintext                            4C4      4C4       26        8       0
                cstackBANK0                          5D       5D        D       20       1
                cstackCOMMON                         70       70        B       70       1
                clrtext                             72F      72F        6        8       0
                bssBANK1                             A0       A0       18       A0       1
                dataBANK0                            6A       6A        1       20       1
                bssBANK0                             20       20       3D       20       1
                bssCOMMON                            7B       7B        2       70       1
                stringtext1                         773      773        4      EE6       0
                idataBANK0                          7A2      7A2        1      EEE       0

TOTAL           Name                               Link     Load   Length     Space
        CLASS   CODE           
                end_init                             38       38        3         0
                cinit                                3B       3B       1A         0
                intentry                              4        4       34         0
                reset_vec                             0        0        2         0
                text71                              65E      65E       18         0
                text70                              78F      78F        4         0
                text69                              7AD      7AD        1         0
                text68                              78B      78B        4         0
                text67                              430      430       39         0
                text66                              580      580       22         0
                text65                              7AC      7AC        1         0
                text64                              6D8      6D8        E         0
                text63                              6C8      6C8       10         0
                text61                              76E      76E        5         0
                text60                              6B5      6B5       13         0
                text59                              397      397       55         0
                text58                              5F5      5F5       1B         0
                text57                              510      510       26         0
                text56                              68C      68C       16         0
                text55                              759      759        6         0
                text54                              4EA      4EA       26         0
                text53                              79F      79F        3         0
                text52                              6A2      6A2       13         0
                text51                              23C      23C       86         0
                text50                              32D      32D       6A         0
                text49                              644      644       1A         0
                text48                              769      769        5         0
                text47                              764      764        5         0
                text46                              49C      49C       28         0
                text45                              469      469       33         0
                text44                              55B      55B       25         0
                text43                              536      536       25         0
                text42                              2C2      2C2       6B         0
                text41                              787      787        4         0
                text40                              70A      70A        B         0
                text39                              783      783        4         0
                text38                              7AB      7AB        1         0
                text37                              7AA      7AA        1         0
                text36                              77F      77F        4         0
                text35                              77B      77B        4         0
                text34                              7A9      7A9        1         0
                text33                              7A8      7A8        1         0
                text32                              62A      62A       1A         0
                text31                              5BE      5BE       1C         0
                text30                              79C      79C        3         0
                text29                              799      799        3         0
                text28                              7A7      7A7        1         0
                text27                              7A6      7A6        1         0
                text26                              7A5      7A5        1         0
                text25                              7A4      7A4        1         0
                text24                              16D      16D       CF         0
                text23                               55       55      118         0
                text22                              753      753        6         0
                text21                              74D      74D        6         0
                text20                              747      747        6         0
                text19                              741      741        6         0
                text18                              73B      73B        6         0
                text17                              796      796        3         0
                text16                              7A3      7A3        1         0
                text15                              3EC      3EC       44         0
                text14                              735      735        6         0
                text13                              727      727        8         0
                text12                              676      676       16         0
                text11                              6E6      6E6        D         0
                text10                              6F3      6F3        C         0
                text9                               610      610       1A         0
                text8                               6FF      6FF        B         0
                text7                               793      793        3         0
                text6                               75F      75F        5         0
                text5                               5DA      5DA       1B         0
                text4                               71F      71F        8         0
                text3                               715      715        A         0
                text2                               777      777        4         0
                text1                               5A2      5A2       1C         0
                maintext                            4C4      4C4       26         0
                clrtext                             72F      72F        6         0
                idataBANK0                          7A2      7A2        1         0

        CLASS   STRCODE        
                stringtext1                         773      773        4         0

        CLASS   STRING         

        CLASS   CONST          

        CLASS   ENTRY          

        CLASS   COMMON         
                cstackCOMMON                         70       70        B         1
                bssCOMMON                            7B       7B        2         1

        CLASS   BANK0          
                cstackBANK0                          5D       5D        D         1
                dataBANK0                            6A       6A        1         1
                bssBANK0                             20       20       3D         1

        CLASS   BANK1          
                bssBANK1                             A0       A0       18         1

        CLASS   BANK2          

        CLASS   BANK3          

        CLASS   BANK4          

        CLASS   BANK5          

        CLASS   BANK6          

        CLASS   BIGRAM         

        CLASS   RAM            

        CLASS   ABS1           
                abs_s1                               7E       7E        2         1

        CLASS   SFR0           

        CLASS   SFR1           

        CLASS   SFR2           

        CLASS   SFR3           

        CLASS   SFR4           

        CLASS   SFR5           

        CLASS   SFR6           

        CLASS   SFR7           

        CLASS   SFR8           

        CLASS   SFR9           

        CLASS   SFR10          

        CLASS   SFR11          

        CLASS   SFR12          

        CLASS   SFR13          

        CLASS   SFR14          

        CLASS   SFR15          

        CLASS   SFR16          

        CLASS   SFR17          

        CLASS   SFR18          

        CLASS   SFR19          

        CLASS   SFR20          

        CLASS   SFR21          

        CLASS   SFR22          

        CLASS   SFR23          

        CLASS   SFR24          

        CLASS   SFR25          

        CLASS   SFR26          

        CLASS   SFR27          

        CLASS   SFR28          

        CLASS   SFR29          

        CLASS   SFR30          

        CLASS   SFR31          

        CLASS   CONFIG         
                config                             8007     8007        2         4

        CLASS   IDLOC          
                idloc                              8000     8000        4         5

        CLASS   EEDATA         

        CLASS   BANK31         

        CLASS   BANK30         

        CLASS   BANK29         

        CLASS   BANK28         

        CLASS   BANK27         

        CLASS   BANK26         

        CLASS   BANK25         

        CLASS   BANK24         

        CLASS   BANK23         

        CLASS   BANK22         

        CLASS   BANK21         

        CLASS   BANK20         

        CLASS   BANK19         

        CLASS   BANK18         

        CLASS   BANK17         

        CLASS   BANK16         

        CLASS   BANK15         

        CLASS   BANK14         

        CLASS   BANK13         

        CLASS   BANK12         

        CLASS   BANK11         

        CLASS   BANK10         

        CLASS   BANK9          

        CLASS   BANK8          

        CLASS   BANK7          

        CLASS   HEAP           

        CLASS   STACK          



SEGMENTS        Name                           Load    Length   Top    Selector   Space  Class     Delta

                reset_vec                      000000  000002  000002         0       0  CODE        2
                intentry                       000004  00076F  000773         8       0  CODE        2
                bssBANK0                       000020  00004B  00006B        20       1  BANK0       1
                cstackCOMMON                   000070  00000D  00007D        70       1  COMMON      1
                bssBANK1                       0000A0  000018  0000B8        A0       1  BANK1       1
                stringtext1                    000773  000004  000777       EE6       0  STRCODE     2
                text2                          000777  000037  0007AE       EEE       0  CODE        2


UNUSED ADDRESS RANGES

        Name                Unused          Largest block    Delta
        BANK0            0006B-0006F               5           1
        BANK1            000B8-000EF              38           1
        BANK2            00120-0016F              50           1
        BANK3            001A0-001EF              50           1
        BANK4            00220-0026F              50           1
        BANK5            002A0-002EF              50           1
        BANK6            00320-0032F              10           1
        BIGRAM           02000-021EF             1F0           1
        CODE             00002-00003               2           2
                         007AE-01FFF             800
        COMMON           0007D-0007D               1           1
        CONST            00002-00003               2           2
                         007AE-01FFF             100
        EEDATA           0F000-0F0FF             100           2
        ENTRY            00002-00003               2           2
                         007AE-01FFF             100
        RAM              0006B-0006F               5           1
                         000B8-000EF              38
                         00120-0016F              50
                         001A0-001EF              50
                         00220-0026F              50
                         002A0-002EF              50
                         00320-0032F              10
        SFR0             00000-0001F              20           1
        SFR1             00080-0009F              20           1
        SFR10            00500-0056F              70           1
        SFR11            00580-005EF              70           1
        SFR12            00600-0066F              70           1
        SFR13            00680-006EF              70           1
        SFR14            00700-0076F              70           1
        SFR15            00780-007EF              70           1
        SFR16            00800-0086F              70           1
        SFR17            00880-008EF              70           1
        SFR18            00900-0096F              70           1
        SFR19            00980-009EF              70           1
        SFR2             00100-0011F              20           1
        SFR20            00A00-00A6F              70           1
        SFR21            00A80-00AEF              70           1
        SFR22            00B00-00B6F              70           1
        SFR23            00B80-00BEF              70           1
        SFR24            00C00-00C6F              70           1
        SFR25            00C80-00CEF              70           1
        SFR26            00D00-00D6F              70           1
        SFR27            00D80-00DEF              70           1
        SFR28            00E00-00E6F              70           1
        SFR29            00E80-00EEF              70           1
        SFR3             00180-0019F              20           1
        SFR30            00F00-00F6F              70           1
        SFR31            00F80-00FEF              70           1
        SFR4             00200-0021F              20           1
        SFR5             00280-0029F              20           1
        SFR6             00300-0031F              20           1
        SFR7             00380-003EF              70           1
        SFR8             00400-0046F              70           1
        SFR9             00480-004EF              70           1
        STRCODE          00002-00003               2           2
                         007AE-01FFF            1852
        STRING           00002-00003               2           2
                         007AE-01FFF             100

                                  Symbol Table

_EUSART_is_rx_ready                                              
__H__absolute__                                __absolute__ 00000
__Habs1                                        abs1         00000
__Hbank0                                       bank0        00000
__Hbank1                                       bank1        00000
__Hbank10                                      bank10       00000
__Hbank11                                      bank11       00000
__Hbank12                                      bank12       00000
__Hbank13                                      bank13       00000
__Hbank14                                      bank14       00000
__Hbank15                                      bank15       00000
__Hbank16                                      bank16       00000
__Hbank17                                      bank17       00000
__Hbank18                                      bank18       00000
__Hbank19                                      bank19       00000
__Hbank2                                       bank2        00000
__Hbank20                                      bank20       00000
__Hbank21                                      bank21       00000
__Hbank22                                      bank22       00000
__Hbank23                                      bank23       00000
__Hbank24                                      bank24       00000
__Hbank25                                      bank25       00000
__Hbank26                                      bank26       00000
__Hbank27                                      bank27       00000
__Hbank28                                      bank28       00000
__Hbank29                                      bank29       00000
__Hbank3                                       bank3        00000
__Hbank30                                      bank30       00000
__Hbank31                                      bank31       00000
__Hbank4                                       bank4        00000
__Hbank5                                       bank5        00000
__Hbank6                                       bank6        00000
__Hbank7                                       bank7        00000
__Hbank8                                       bank8        00000
__Hbank9                                       bank9        00000
__Hbigram                                      bigram       00000
__HbssBANK0                                    bssBANK0     00000
__HbssBANK1                                    bssBANK1     00000
__HbssCOMMON                                   bssCOMMON    00000
__Hclrtext                                     clrtext      00000
__Hcode                                        code         00000
__Hcommon                                      common       00000
__HcstackBANK0                                 cstackBANK0  00000
__HcstackCOMMON                                cstackCOMMON 00000
__HdataBANK0                                   dataBANK0    00000
__Heeprom_data                                 eeprom_data  00000
__Hfunctab                                     functab      00000
__Hheap                                        heap         00000
__HidataBANK0                                  idataBANK0   00000
__Hmaintext                                    maintext     00000
__Hpowerup                                     powerup      00000
__Hram                                         ram          00000
__Hsfr0                                        sfr0         00000
__Hsfr1                                        sfr1         00000
__Hsfr10                                       sfr10        00000
__Hsfr11                                       sfr11        00000
__Hsfr12                                       sfr12        00000
__Hsfr13                                       sfr13        00000
__Hsfr14                                       sfr14        00000
__Hsfr15                                       sfr15        00000
__Hsfr16                                       sfr16        00000
__Hsfr17                                       sfr17        00000
__Hsfr18                                       sfr18        00000
__Hsfr19                                       sfr19        00000
__Hsfr2                                        sfr2         00000
__Hsfr20                                       sfr20        00000
__Hsfr21                                       sfr21        00000
__Hsfr22                                       sfr22        00000
__Hsfr23                                       sfr23        00000
__Hsfr24                                       sfr24        00000
__Hsfr25                                       sfr25        00000
__Hsfr26                                       sfr26        00000
__Hsfr27                                       sfr27        00000
__Hsfr28                                       sfr28        00000
__Hsfr29                                       sfr29        00000
__Hsfr3                                        sfr3         00000
__Hsfr30                                       sfr30        00000
__Hsfr31                                       sfr31        00000
__Hsfr4                                        sfr4         00000
__Hsfr5                                        sfr5         00000
__Hsfr6                                        sfr6         00000
__Hsfr7                                        sfr7         00000
__Hsfr8                                        sfr8         00000
__Hsfr9                                        sfr9         00000
__Hspace_2                                     (abs)        00000
__Hspace_3                                     (abs)        00000
__Hstack                                       stack        00000
__Hstrings                                     strings      00000
__Hstringtext1                                 stringtext1  00000
__Htext                                        text         00000
__L__absolute__                                __absolute__ 00000
__Labs1                                        abs1         00000
__Lbank0                                       bank0        00000
__Lbank1                                       bank1        00000
__Lbank10                                      bank10       00000
__Lbank11                                      bank11       00000
__Lbank12                                      bank12       00000
__Lbank13                                      bank13       00000
__Lbank14                                      bank14       00000
__Lbank15                                      bank15       00000
__Lbank16                                      bank16       00000
__Lbank17                                      bank17       00000
__Lbank18                                      bank18       00000
__Lbank19                                      bank19       00000
__Lbank2                                       bank2        00000
__Lbank20                                      bank20       00000
__Lbank21                                      bank21       00000
__Lbank22                                      bank22       00000
__Lbank23                                      bank23       00000
__Lbank24                                      bank24       00000
__Lbank25                                      bank25       00000
__Lbank26                                      bank26       00000
__Lbank27                                      bank27       00000
__Lbank28                                      bank28       00000
__Lbank29                                      bank29       00000
__Lbank3                                       bank3        00000
__Lbank30                                      bank30       00000
__Lbank31                                      bank31       00000
__Lbank4                                       bank4        00000
__Lbank5                                       bank5        00000
__Lbank6                                       bank6        00000
__Lbank7                                       bank7        00000
__Lbank8                                       bank8        00000
__Lbank9                                       bank9        00000
__Lbigram                                      bigram       00000
__LbssBANK0                                    bssBANK0     00000
__LbssBANK1                                    bssBANK1     00000
__LbssCOMMON                                   bssCOMMON    00000
__Lclrtext                                     clrtext      00000
__Lcode                                        code         00000
__Lcommon                                      common       00000
__Lconfig                                      config       00000
__LcstackBANK0                                 cstackBANK0  00000
__LcstackCOMMON                                cstackCOMMON 00000
__LdataBANK0                                   dataBANK0    00000
__Leeprom_data                                 eeprom_data  00000
__Lfunctab                                     functab      00000
__Lheap                                        heap         00000
__LidataBANK0                                  idataBANK0   00000
__Lidloc                                       idloc        00000
__Lmaintext                                    maintext     00000
__Lpowerup                                     powerup      00000
__Lram                                         ram          00000
__Lreset_vec                                   reset_vec    00000
__Lsfr0                                        sfr0         00000
__Lsfr1                                        sfr1         00000
__Lsfr10                                       sfr10        00000
__Lsfr11                                       sfr11        00000
__Lsfr12                                       sfr12        00000
__Lsfr13                                       sfr13        00000
__Lsfr14                                       sfr14        00000
__Lsfr15                                       sfr15        00000
__Lsfr16                                       sfr16        00000
__Lsfr17                                       sfr17        00000
__Lsfr18                                       sfr18        00000
__Lsfr19                                       sfr19        00000
__Lsfr2                                        sfr2         00000
__Lsfr20                                       sfr20        00000
__Lsfr21                                       sfr21        00000
__Lsfr22                                       sfr22        00000
__Lsfr23                                       sfr23        00000
__Lsfr24                                       sfr24        00000
__Lsfr25                                       sfr25        00000
__Lsfr26                                       sfr26        00000
__Lsfr27                                       sfr27        00000
__Lsfr28                                       sfr28        00000
__Lsfr29                                       sfr29        00000
__Lsfr3                                        sfr3         00000
__Lsfr30                                       sfr30        00000
__Lsfr31                                       sfr31        00000
__Lsfr4                                        sfr4         00000
__Lsfr5                                        sfr5         00000
__Lsfr6                                        sfr6         00000
__Lsfr7                                        sfr7         00000
__Lsfr8                                        sfr8         00000
__Lsfr9                                        sfr9         00000
__Lspace_0                                     (abs)        00000
__Lspace_1                                     (abs)        00000
__Lspace_2                                     (abs)        00000
__Lspace_3                                     (abs)        00000
__Lspace_4                                     (abs)        00000
__Lstack                                       stack        00000
__Lstrings                                     strings      00000
__Lstringtext1                                 stringtext1  00000
__Ltext                                        text         00000
__S3                                           (abs)        00000
___heap_hi                                     (abs)        00000
___heap_lo                                     (abs)        00000
___int_sp                                      stack        00000
___int_stack_hi                                stack        00000
___int_stack_lo                                stack        00000
___sp                                          stack        00000
___stack_hi                                    stack        00000
___stack_lo                                    stack        00000
___stackhi                                     (abs)        00000
___stacklo                                     (abs)        00000
intlevel0                                      functab      00000
intlevel1                                      functab      00000
intlevel2                                      functab      00000
intlevel3                                      functab      00000
intlevel4                                      functab      00000
intlevel5                                      functab      00000
reset_vec                                      reset_vec    00000
___latbits                                     (abs)        00002
__Hreset_vec                                   reset_vec    00002
_INTERRUPT_InterruptManager                    intentry     00004
__Lintentry                                    intentry     00004
__pintentry                                    intentry     00004
_INTCONbits                                    (abs)        0000B
_PORTAbits                                     (abs)        0000C
_PORTBbits                                     (abs)        0000D
_PIR1bits                                      (abs)        00011
_PIR3bits                                      (abs)        00013
_TMR0                                          (abs)        00015
_TMR2                                          (abs)        0001A
_PR2                                           (abs)        0001B
_T2CON                                         (abs)        0001C
__pbssBANK0                                    bssBANK0     00020
_eusartRxStatusBuffer                          bssBANK0     00020
_T1MS_cnt                                      bssBANK0     00028
_TMR0_InterruptHandler                         bssBANK0     0002A
_EUSART_ErrorHandler                           bssBANK0     0002C
_EUSART_OverrunErrorHandler                    bssBANK0     0002E
_EUSART_FramingErrorHandler                    bssBANK0     00030
_EUSART_RxDefaultInterruptHandler              bssBANK0     00032
_EUSART_TxDefaultInterruptHandler              bssBANK0     00034
_LIN_rxCommand                                 bssBANK0     00036
_LIN_processData                               bssBANK0     00038
_fLoBeam                                       bssBANK0     0003A
_T250MS_cnt                                    bssBANK0     0003C
_T5MS_cnt                                      bssBANK0     0003D
_T100us_cnt1                                   bssBANK0     0003E
_T100us_cnt                                    bssBANK0     0003F
_timer0ReloadVal                               bssBANK0     00040
_eusartRxLastError                             bssBANK0     00041
_eusartRxCount                                 bssBANK0     00042
_eusartTxBufferRemaining                       bssBANK0     00043
_eusartTxTail                                  bssBANK0     00044
_eusartTxHead                                  bssBANK0     00045
LIN_handler@rxDataIndex                        bssBANK0     00046
LIN_handler@LIN_rxState                        bssBANK0     00047
_CountCallBack                                 bssBANK0     00048
_LIN_timerRunning                              bssBANK0     00049
_LIN_rxCommandLength                           bssBANK0     0004A
_LIN_rxInProgress                              bssBANK0     0004B
_lampFlags                                     bssBANK0     0004C
_lampState                                     bssBANK0     0004E
_fColorSeletDisable                            bssBANK0     0004F
_LIN_packet                                    bssBANK0     00050
__pcstackBANK0                                 cstackBANK0  0005D
LIN_sendPacket@length                          cstackBANK0  0005E
LIN_sendPacket@i                               cstackBANK0  0005F
LIN_queuePacket@cmd                            cstackBANK0  00064
LIN_queuePacket@i                              cstackBANK0  00065
LIN_queuePacket@tempSchedule                   cstackBANK0  00066
_LIN_timeout                                   dataBANK0    0006A
__pdataBANK0                                   dataBANK0    0006A
__Hinit                                        init         00038
__Hintentry                                    intentry     00038
__Hsivt                                        sivt         00038
__Lend_init                                    end_init     00038
__Linit                                        init         00038
__Lsivt                                        sivt         00038
__end_of_INTERRUPT_InterruptManager            intentry     00038
__pcstackCOMMON                                cstackCOMMON 00070
EUSART_SetErrorHandler@interruptHandler        cstackCOMMON 00071
EUSART_SetFramingErrorHandler@interruptHandler cstackCOMMON 00071
EUSART_SetOverrunErrorHandler@interruptHandler cstackCOMMON 00071
EUSART_SetRxInterruptHandler@interruptHandler  cstackCOMMON 00071
EUSART_SetTxInterruptHandler@interruptHandler  cstackCOMMON 00071
LIN_getChecksum@pid                            cstackCOMMON 00071
LIN_getFromTable@param                         cstackCOMMON 00071
LIN_startTimer@timeout                         cstackCOMMON 00071
PWM_SendData@InputData                         cstackCOMMON 00071
TMR0_SetInterruptHandler@InterruptHandler      cstackCOMMON 00071
TMR0_WriteTimer@timerVal                       cstackCOMMON 00071
Delay_ms@input_ms                              cstackCOMMON 00072
EUSART_Read@readValue                          cstackCOMMON 00072
EUSART_Write@txData                            cstackCOMMON 00072
LIN_calcParity@CMD                             cstackCOMMON 00072
LIN_getChecksum@data                           cstackCOMMON 00072
PWM_SendData@data                              cstackCOMMON 00072
LIN_calcParity@PID                             cstackCOMMON 00073
LIN_init@command                               cstackCOMMON 00073
PWM_SendData@bitmask                           cstackCOMMON 00073
Delay_ms@ms                                    cstackCOMMON 00074
LED_SET@InputData                              cstackCOMMON 00074
LIN_getFromTable@cmd                           cstackCOMMON 00074
LIN_getChecksum@length                         cstackCOMMON 00075
LIN_getFromTable@length                        cstackCOMMON 00075
LIN_init@processData                           cstackCOMMON 00075
LED_SET@LED_num                                cstackCOMMON 00076
LIN_getChecksum@i                              cstackCOMMON 00076
LIN_getFromTable@rxCommand                     cstackCOMMON 00076
__Hend_init                                    end_init     0003B
__Lcinit                                       cinit        0003B
__initialization                               cinit        0003B
LED_SET@data                                   cstackCOMMON 00077
LIN_getChecksum@checksum                       cstackCOMMON 00077
LIN_init@tableLength                           cstackCOMMON 00077
LED_SET@num                                    cstackCOMMON 00078
LIN_checkPID@pid                               cstackCOMMON 00078
LED_SET@i                                      cstackCOMMON 00079
LIN_getPacket@cmd                              cstackCOMMON 00079
LIN_sendPacket@pid                             cstackCOMMON 00079
LIN_getPacket@data                             cstackCOMMON 0007A
LIN_sendPacket@data                            cstackCOMMON 0007A
__pbssCOMMON                                   bssCOMMON    0007B
_eusartRxTail                                  bssCOMMON    0007B
_eusartRxHead                                  bssCOMMON    0007C
_TMR2IF                                        (abs)        00089
_TRISA                                         (abs)        0008C
_TRISB                                         (abs)        0008D
_TRISC                                         (abs)        0008E
_TRISE                                         (abs)        00090
_PIE1bits                                      (abs)        00091
_OPTION_REG                                    (abs)        00095
_OPTION_REGbits                                (abs)        00095
_WDTCON                                        (abs)        00097
_OSCTUNE                                       (abs)        00098
_OSCCON                                        (abs)        00099
__pbssBANK1                                    bssBANK1     000A0
_eusartRxBuffer                                bssBANK1     000A0
__end_of__initialization                       cinit        00051
_eusartTxBuffer                                bssBANK1     000A8
_LIN_handler                                   text23       00055
__Hcinit                                       cinit        00055
__ptext23                                      text23       00055
_SW_STATE_Data                                 bssBANK1     000B0
__Hspace_1                                     (abs)        000B8
__S1                                           (abs)        000B8
_LATA                                          (abs)        0010C
_LATB                                          (abs)        0010D
_LATBbits                                      (abs)        0010D
_LATC                                          (abs)        0010E
_LATCbits                                      (abs)        0010E
_LATE                                          (abs)        00110
_BORCON                                        (abs)        00116
_APFCON                                        (abs)        0011D
_ANSELA                                        (abs)        0018C
_ANSELB                                        (abs)        0018D
_RCREG                                         (abs)        00199
_TXREG                                         (abs)        0019A
_SPBRGL                                        (abs)        0019B
_SPBRGH                                        (abs)        0019C
_RCSTA                                         (abs)        0019D
_RCSTAbits                                     (abs)        0019D
_TXSTA                                         (abs)        0019E
_TXSTAbits                                     (abs)        0019E
_BAUDCON                                       (abs)        0019F
_BAUDCONbits                                   (abs)        0019F
_WPUB                                          (abs)        0020D
_WPUE                                          (abs)        00210
_CCPTMRS1bits                                  (abs)        0029F
__end_of_LIN_handler                           text23       0016D
__ptext24                                      text24       0016D
_processLIN                                    text24       0016D
_CCPR5L                                        (abs)        0031C
_CCPR5H                                        (abs)        0031D
_CCP5CON                                       (abs)        0031E
_TMR6                                          (abs)        0041C
_PR6                                           (abs)        0041D
_T6CON                                         (abs)        0041E
_T6CONbits                                     (abs)        0041E
_LIN_calcParity                                text51       0023C
__end_of_processLIN                            text24       0023C
__ptext51                                      text51       0023C
_PLLR                                          (abs)        004D6
_LIN_queuePacket                               text42       002C2
__end_of_LIN_calcParity                        text51       002C2
__ptext42                                      text42       002C2
_LIN_getFromTable                              text50       0032D
__end_of_LIN_queuePacket                       text42       0032D
__ptext50                                      text50       0032D
_Timer                                         text59       00397
__end_of_LIN_getFromTable                      text50       00397
__ptext59                                      text59       00397
__Hspace_0                                     (abs)        007AE
__S0                                           (abs)        007AE
_EUSART_Initialize                             text15       003EC
__end_of_Timer                                 text59       003EC
__ptext15                                      text15       003EC
_EUSART_Receive_ISR                            text67       00430
__end_of_EUSART_Initialize                     text15       00430
__ptext67                                      text67       00430
_LIN_getChecksum                               text45       00469
__end_of_EUSART_Receive_ISR                    text67       00469
__ptext45                                      text45       00469
_EUSART_Write                                  text46       0049C
__end_of_LIN_getChecksum                       text45       0049C
__ptext46                                      text46       0049C
__end_of_EUSART_Write                          text46       004C4
__pmaintext                                    maintext     004C4
_main                                          maintext     004C4
_EUSART_Read                                   text54       004EA
__end_of_main                                  maintext     004EA
__ptext54                                      text54       004EA
_PWM_SendData                                  text57       00510
__end_of_EUSART_Read                           text54       00510
__ptext57                                      text57       00510
__end_of_PWM_SendData                          text57       00536
__ptext43                                      text43       00536
_memcpy                                        text43       00536
_LIN_sendPacket                                text44       0055B
__end_of_memcpy                                text43       0055B
__ptext44                                      text44       0055B
_EUSART_Transmit_ISR                           text66       00580
__end_of_LIN_sendPacket                        text44       00580
__ptext66                                      text66       00580
_SYSTEM_Initialize                             text1        005A2
__end_of_EUSART_Transmit_ISR                   text66       005A2
__ptext1                                       text1        005A2
_LIN_getPacket                                 text31       005BE
__end_of_SYSTEM_Initialize                     text1        005BE
__ptext31                                      text31       005BE
_TMR0_Initialize                               text5        005DA
__end_of_LIN_getPacket                         text31       005DA
__ptext5                                       text5        005DA
_Delay_ms                                      text58       005F5
__end_of_TMR0_Initialize                       text5        005F5
__ptext58                                      text58       005F5
_PIN_MANAGER_Initialize                        text9        00610
__end_of_Delay_ms                              text58       00610
__ptext9                                       text9        00610
__end_of_PIN_MANAGER_Initialize                text9        0062A
__ptext32                                      text32       0062A
_memset                                        text32       0062A
_LIN_checkPID                                  text49       00644
__end_of_memset                                text32       00644
__ptext49                                      text49       00644
_EUSART_RxDataHandler                          text71       0065E
__end_of_LIN_checkPID                          text49       0065E
__ptext71                                      text71       0065E
_LIN_init                                      text12       00676
__end_of_EUSART_RxDataHandler                  text71       00676
__ptext12                                      text12       00676
_LED_SET                                       text56       0068C
__end_of_LIN_init                              text12       0068C
__ptext56                                      text56       0068C
_LIN_breakCheck                                text52       006A2
__end_of_LED_SET                               text56       006A2
__ptext52                                      text52       006A2
_AutoBaud_Detect                               text60       006B5
__end_of_LIN_breakCheck                        text52       006B5
__ptext60                                      text60       006B5
_TMR0_ISR                                      text63       006C8
__end_of_AutoBaud_Detect                       text60       006C8
__ptext63                                      text63       006C8
_LIN_timerHandler                              text64       006D8
__end_of_TMR0_ISR                              text63       006D8
__ptext64                                      text64       006D8
_LIN_Slave_Initialize                          text11       006E6
__end_of_LIN_timerHandler                      text64       006E6
__ptext11                                      text11       006E6
_OSCILLATOR_Initialize                         text10       006F3
__end_of_LIN_Slave_Initialize                  text11       006F3
__ptext10                                      text10       006F3
_PWM5_Initialize                               text8        006FF
__end_of_OSCILLATOR_Initialize                 text10       006FF
__ptext8                                       text8        006FF
_LIN_startTimer                                text40       0070A
__end_of_PWM5_Initialize                       text8        0070A
__ptext40                                      text40       0070A
_TMR6_Initialize                               text3        00715
__end_of_LIN_startTimer                        text40       00715
__ptext3                                       text3        00715
_TMR2_Initialize                               text4        0071F
__end_of_TMR6_Initialize                       text3        0071F
__ptext4                                       text4        0071F
_LIN_setTimerHandler                           text13       00727
__end_of_TMR2_Initialize                       text4        00727
__ptext13                                      text13       00727
__end_of_LIN_setTimerHandler                   text13       0072F
_TMR0_SetInterruptHandler                      text14       00735
__ptext14                                      text14       00735
_EUSART_SetTxInterruptHandler                  text18       0073B
__end_of_TMR0_SetInterruptHandler              text14       0073B
__ptext18                                      text18       0073B
_EUSART_SetRxInterruptHandler                  text19       00741
__end_of_EUSART_SetTxInterruptHandler          text18       00741
__ptext19                                      text19       00741
_EUSART_SetOverrunErrorHandler                 text20       00747
__end_of_EUSART_SetRxInterruptHandler          text19       00747
__ptext20                                      text20       00747
_EUSART_SetFramingErrorHandler                 text21       0074D
__end_of_EUSART_SetOverrunErrorHandler         text20       0074D
__ptext21                                      text21       0074D
_EUSART_SetErrorHandler                        text22       00753
__end_of_EUSART_SetFramingErrorHandler         text21       00753
__ptext22                                      text22       00753
_LED_OFF                                       text55       00759
__end_of_EUSART_SetErrorHandler                text22       00759
__ptext55                                      text55       00759
_TMR0_WriteTimer                               text6        0075F
__end_of_LED_OFF                               text55       0075F
__ptext6                                       text6        0075F
_LIN_enableRx                                  text47       00764
__end_of_TMR0_WriteTimer                       text6        00764
__ptext47                                      text47       00764
_LIN_disableRx                                 text48       00769
__end_of_LIN_enableRx                          text47       00769
__ptext48                                      text48       00769
_AutoBaud_Detect_ON                            text61       0076E
__end_of_LIN_disableRx                         text48       0076E
__ptext61                                      text61       0076E
__end_of_AutoBaud_Detect_ON                    text61       00773
__pstringtext1                                 stringtext1  00773
_scheduleTable                                 stringtext1  00773
_WDT_Initialize                                text2        00777
__end_of_scheduleTable                         stringtext1  00777
__ptext2                                       text2        00777
_HIBEAM_ON                                     text35       0077B
__end_of_WDT_Initialize                        text2        0077B
__ptext35                                      text35       0077B
_HIBEAM_OFF                                    text36       0077F
__end_of_HIBEAM_ON                             text35       0077F
__ptext36                                      text36       0077F
_LIN_stopTimer                                 text39       00783
__end_of_HIBEAM_OFF                            text36       00783
__ptext39                                      text39       00783
_TMR0_Reload                                   text41       00787
__end_of_LIN_stopTimer                         text39       00787
__ptext41                                      text41       00787
_EUSART_DefaultOverrunErrorHandler             text68       0078B
__end_of_TMR0_Reload                           text41       0078B
__ptext68                                      text68       0078B
_EUSART_DefaultErrorHandler                    text70       0078F
__end_of_EUSART_DefaultOverrunErrorHandler     text68       0078F
__ptext70                                      text70       0078F
_TMR0_ReadTimer                                text7        00793
__end_of_EUSART_DefaultErrorHandler            text70       00793
__ptext7                                       text7        00793
_EUSART_is_tx_done                             text17       00796
__end_of_TMR0_ReadTimer                        text7        00796
__ptext17                                      text17       00796
_LOBEAM_ON                                     text29       00799
__end_of_EUSART_is_tx_done                     text17       00799
__ptext29                                      text29       00799
_LOBEAM_OFF                                    text30       0079C
__end_of_LOBEAM_ON                             text29       0079C
__ptext30                                      text30       0079C
_EUSART_get_last_status                        text53       0079F
__end_of_LOBEAM_OFF                            text30       0079F
__ptext53                                      text53       0079F
__end_of_EUSART_get_last_status                text53       007A2
__pidataBANK0                                  idataBANK0   007A2
_EUSART_is_tx_ready                            text16       007A3
__ptext16                                      text16       007A3
_RIGHT_ON                                      text25       007A4
__end_of_EUSART_is_tx_ready                    text16       007A4
__ptext25                                      text25       007A4
_RIGHT_OFF                                     text26       007A5
__end_of_RIGHT_ON                              text25       007A5
__ptext26                                      text26       007A5
_POS_ON                                        text27       007A6
__end_of_RIGHT_OFF                             text26       007A6
__ptext27                                      text27       007A6
_POS_OFF                                       text28       007A7
__end_of_POS_ON                                text27       007A7
__ptext28                                      text28       007A7
_LEFT_ON                                       text33       007A8
__end_of_POS_OFF                               text28       007A8
__ptext33                                      text33       007A8
_LEFT_OFF                                      text34       007A9
__end_of_LEFT_ON                               text33       007A9
__ptext34                                      text34       007A9
_DRL_ON                                        text37       007AA
__end_of_LEFT_OFF                              text34       007AA
__ptext37                                      text37       007AA
_DRL_OFF                                       text38       007AB
__end_of_DRL_ON                                text37       007AB
__ptext38                                      text38       007AB
_TMR0_DefaultInterruptHandler                  text65       007AC
__end_of_DRL_OFF                               text38       007AC
__ptext65                                      text65       007AC
_EUSART_DefaultFramingErrorHandler             text69       007AD
__end_of_TMR0_DefaultInterruptHandler          text65       007AD
__ptext69                                      text69       007AD
__end_of_EUSART_DefaultFramingErrorHandler     text69       007AE
__Hidloc                                       idloc        08004
__Hspace_4                                     (abs)        10010
__Hconfig                                      config       08009
processLIN@cmd                                 cstackBANK0  0005D
processLIN@tempRxData                          cstackBANK0  0005E
memcpy@s1                                      cstackCOMMON 00071
memset@c                                       cstackCOMMON 00071
memcpy@n                                       cstackCOMMON 00072
memset@n                                       cstackCOMMON 00073
memcpy@tmp                                     cstackCOMMON 00075
memcpy@d                                       cstackCOMMON 00076
memset@p                                       cstackCOMMON 00076
memcpy@s                                       cstackCOMMON 00077
memset@dest                                    cstackCOMMON 00077
memcpy@d1                                      cstackCOMMON 00078
btemp                                          (abs)        0007E
int$flags                                      (abs)        0007E
end_of_initialization                          cinit        00051
clear_ram0                                     clrtext      0072F
start                                          init         00038
start_initialization                           cinit        0003B
wtemp0                                         (abs)        0007E
