Microchip MPLAB XC8 Compiler V2.46

Linker command line:

-W-3 \
  --edf=C:\Program Files\Microchip\xc8\v2.46\pic\dat\20240104201356_en.msgs \
  -cn -h+dist/default/production\FR761.X.production.sym \
  --cmf=dist/default/production\FR761.X.production.cmf -z -Q16F1936 \
  -oC:\Users\t00904\AppData\Local\Temp\xcBsk8k.1\driver_tmp_3.o \
  --defsym=__MPLAB_BUILD=1 --fixupoverflow=error \
  -Mdist/default/production/FR761.X.production.map \
  --md=C:\Users\t00904\AppData\Local\Temp\xcBsk8k.1\driver_tmp_0.dat -E1 \
  -ver=XC8 Compiler --acfsm=1493 -ACODE=00h-07FFhx4 -ASTRCODE=00h-01FFFh \
  -ASTRING=00h-0FFhx32 -ACONST=00h-0FFhx32 -AENTRY=00h-0FFhx32 \
  -ACOMMON=070h-07Fh -ABANK0=020h-06Fh -ABANK1=0A0h-0EFh \
  -ABANK2=0120h-016Fh -ABANK3=01A0h-01EFh -ABANK4=0220h-026Fh \
  -ABANK5=02A0h-02EFh -ABANK6=0320h-032Fh -ABIGRAM=02000h-021EFh \
  -ARAM=020h-06Fh,0A0h-0EFh,0120h-016Fh,01A0h-01EFh,0220h-026Fh,02A0h-02EFh,0320h-032Fh \
  -AABS1=020h-07Fh,0A0h-0EFh,0120h-016Fh,01A0h-01EFh,0220h-026Fh,02A0h-02EFh,0320h-032Fh \
  -ASFR0=00h-01Fh -ASFR1=080h-09Fh -ASFR2=0100h-011Fh -ASFR3=0180h-019Fh \
  -ASFR4=0200h-021Fh -ASFR5=0280h-029Fh -ASFR6=0300h-031Fh \
  -ASFR7=0380h-03EFh -ASFR8=0400h-046Fh -ASFR9=0480h-04EFh \
  -ASFR10=0500h-056Fh -ASFR11=0580h-05EFh -ASFR12=0600h-066Fh \
  -ASFR13=0680h-06EFh -ASFR14=0700h-076Fh -ASFR15=0780h-07EFh \
  -ASFR16=0800h-086Fh -ASFR17=0880h-08EFh -ASFR18=0900h-096Fh \
  -ASFR19=0980h-09EFh -ASFR20=0A00h-0A6Fh -ASFR21=0A80h-0AEFh \
  -ASFR22=0B00h-0B6Fh -ASFR23=0B80h-0BEFh -ASFR24=0C00h-0C6Fh \
  -ASFR25=0C80h-0CEFh -ASFR26=0D00h-0D6Fh -ASFR27=0D80h-0DEFh \
  -ASFR28=0E00h-0E6Fh -ASFR29=0E80h-0EEFh -ASFR30=0F00h-0F6Fh \
  -ASFR31=0F80h-0FEFh -ACONFIG=08007h-08008h -DCONFIG=2 \
  -AIDLOC=08000h-08003h -DIDLOC=2 -AEEDATA=00h-0FFh/0F000h \
  -peeprom_data=EEDATA -DEEDATA=2 -DCODE=2 -DSTRCODE=2 -DSTRING=2 -DCONST=2 \
  -DENTRY=2 -preset_vec=00h,intentry=04h,sivt,init,end_init -ppowerup=CODE \
  -pcinit=CODE -pfunctab=ENTRY -k \
  C:\Users\t00904\AppData\Local\Temp\xcBsk8k.1\driver_tmp_15.o \
  dist/default/production\FR761.X.production.o 

Object code version is 3.11

Machine type is 16F1936



                Name                               Link     Load   Length Selector   Space Scale
C:\Users\t00904\AppData\Local\Temp\xcBsk8k.1\driver_tmp_15.o
                end_init                             38       38        2        8       0
                reset_vec                             0        0        2        0       0
                config                             8007     8007        2        0       4
dist/default/production\FR761.X.production.o
                cinit                                3A       3A       19        8       0
                intentry                              4        4       34        8       0
                config                             8007     8007        2        0       4
                text78                              ED3      ED3       18     1DA6       0
                text77                              D97      D97        4     1B2E       0
                text76                              D86      D86        1     1B0C       0
                text75                              D9B      D9B        4     1B36       0
                text74                              66A      66A       39        8       0
                text73                              FDE      FDE       22     1FBC       0
                text72                              D87      D87        1     1B0E       0
                text71                              E63      E63        E     1CC6       0
                text70                              E71      E71       10     1CE2       0
                text68                              DB3      DB3        5     1B66       0
                text67                              E81      E81       13     1D02       0
                text66                              E23      E23        9     1C46       0
                text65                              784      784       26        8       0
                text64                              D8B      D8B        3     1B16       0
                text63                              E94      E94       13     1D28       0
                text62                              3D7      3D7       86        8       0
                text61                              4C8      4C8       6A        8       0
                text60                              EEB      EEB       1A     1DD6       0
                text59                              DB8      DB8        5     1B70       0
                text58                              DBD      DBD        5     1B7A       0
                text57                              736      736       28        8       0
                text56                              6A3      6A3       33        8       0
                text55                              7CF      7CF       25        8       0
                text54                              7AA      7AA       25        8       0
                text53                              45D      45D       6B        8       0
                text52                              D9F      D9F        4     1B3E       0
                text51                              E40      E40        B     1C80       0
                text50                              DA3      DA3        4     1B46       0
                text49                              D88      D88        1     1B10       0
                text48                              D89      D89        1     1B12       0
                text47                              DA7      DA7        4     1B4E       0
                text46                              DAB      DAB        4     1B56       0
                text45                              532      532       5A        8       0
                text44                              F1F      F1F       1B     1E3E       0
                text43                              75E      75E       26        8       0
                text42                              EA7      EA7       16     1D4E       0
                text41                              DC7      DC7        6     1B8E       0
                text40                              F3A      F3A       1B     1E74       0
                text39                              34A      34A       8D        8       0
                text38                              DF7      DF7        7     1BEE       0
                text37                              E2C      E2C        A     1C58       0
                text36                              DFE      DFE        7     1BFC       0
                text35                              F05      F05       1A     1E0A       0
                text34                              FA6      FA6       1C     1F4C       0
                text33                              D8E      D8E        3     1B1C       0
                text32                              D91      D91        3     1B22       0
                text31                              D8A      D8A        1     1B14       0
                text30                                2        2        1        0       0
                text29                              F55      F55       1B     1EAA       0
                text28                              E05      E05        7     1C0A       0
                text27                              E0C      E0C        7     1C18       0
                text26                              16B      16B       FB        8       0
                text25                               53       53      118        8       0
                text24                              DCD      DCD        6     1B9A       0
                text23                              DD3      DD3        6     1BA6       0
                text22                              DD9      DD9        6     1BB2       0
                text21                              DDF      DDF        6     1BBE       0
                text20                              DE5      DE5        6     1BCA       0
                text19                              62C      62C       3E        8       0
                text18                              DEB      DEB        6     1BD6       0
                text17                              E13      E13        8     1C26       0
                text16                              EBD      EBD       16     1D7A       0
                text15                              E56      E56        D     1CAC       0
                text14                              7F4      7F4        C        8       0
                text13                              F70      F70       1B     1EE0       0
                text12                              E4B      E4B        B     1C96       0
                text11                              D94      D94        3     1B28       0
                text10                              DC2      DC2        5     1B84       0
                text9                               F8B      F8B       1B     1F16       0
                text8                               E1B      E1B        8     1C36       0
                text7                               E36      E36        A     1C6C       0
                text6                               DAF      DAF        4     1B5E       0
                text5                               FC2      FC2       1C     1F84       0
                text4                               707      707       2F        8       0
                text3                               6D6      6D6       31        8       0
                text2                               58C      58C       51        8       0
                text1                               266      266       E4        8       0
                maintext                            5DD      5DD       4F        8       0
                cstackBANK0                          5D       5D       12       20       1
                cstackCOMMON                         70       70        C       70       1
                clrtext                             DF1      DF1        6     1BE2       0
                bssBANK1                             A0       A0       20       A0       1
                dataBANK0                            6F       6F        1       20       1
                bssBANK0                             20       20       3D       20       1
                bssCOMMON                            7C       7C        1       70       1
                stringtext1                        1000     1000        4     2000       0
                idataBANK0                            3        3        1        6       0

TOTAL           Name                               Link     Load   Length     Space
        CLASS   CODE           
                end_init                             38       38        2         0
                cinit                                3A       3A       19         0
                intentry                              4        4       34         0
                reset_vec                             0        0        2         0
                text78                              ED3      ED3       18         0
                text77                              D97      D97        4         0
                text76                              D86      D86        1         0
                text75                              D9B      D9B        4         0
                text74                              66A      66A       39         0
                text73                              FDE      FDE       22         0
                text72                              D87      D87        1         0
                text71                              E63      E63        E         0
                text70                              E71      E71       10         0
                text68                              DB3      DB3        5         0
                text67                              E81      E81       13         0
                text66                              E23      E23        9         0
                text65                              784      784       26         0
                text64                              D8B      D8B        3         0
                text63                              E94      E94       13         0
                text62                              3D7      3D7       86         0
                text61                              4C8      4C8       6A         0
                text60                              EEB      EEB       1A         0
                text59                              DB8      DB8        5         0
                text58                              DBD      DBD        5         0
                text57                              736      736       28         0
                text56                              6A3      6A3       33         0
                text55                              7CF      7CF       25         0
                text54                              7AA      7AA       25         0
                text53                              45D      45D       6B         0
                text52                              D9F      D9F        4         0
                text51                              E40      E40        B         0
                text50                              DA3      DA3        4         0
                text49                              D88      D88        1         0
                text48                              D89      D89        1         0
                text47                              DA7      DA7        4         0
                text46                              DAB      DAB        4         0
                text45                              532      532       5A         0
                text44                              F1F      F1F       1B         0
                text43                              75E      75E       26         0
                text42                              EA7      EA7       16         0
                text41                              DC7      DC7        6         0
                text40                              F3A      F3A       1B         0
                text39                              34A      34A       8D         0
                text38                              DF7      DF7        7         0
                text37                              E2C      E2C        A         0
                text36                              DFE      DFE        7         0
                text35                              F05      F05       1A         0
                text34                              FA6      FA6       1C         0
                text33                              D8E      D8E        3         0
                text32                              D91      D91        3         0
                text31                              D8A      D8A        1         0
                text30                                2        2        1         0
                text29                              F55      F55       1B         0
                text28                              E05      E05        7         0
                text27                              E0C      E0C        7         0
                text26                              16B      16B       FB         0
                text25                               53       53      118         0
                text24                              DCD      DCD        6         0
                text23                              DD3      DD3        6         0
                text22                              DD9      DD9        6         0
                text21                              DDF      DDF        6         0
                text20                              DE5      DE5        6         0
                text19                              62C      62C       3E         0
                text18                              DEB      DEB        6         0
                text17                              E13      E13        8         0
                text16                              EBD      EBD       16         0
                text15                              E56      E56        D         0
                text14                              7F4      7F4        C         0
                text13                              F70      F70       1B         0
                text12                              E4B      E4B        B         0
                text11                              D94      D94        3         0
                text10                              DC2      DC2        5         0
                text9                               F8B      F8B       1B         0
                text8                               E1B      E1B        8         0
                text7                               E36      E36        A         0
                text6                               DAF      DAF        4         0
                text5                               FC2      FC2       1C         0
                text4                               707      707       2F         0
                text3                               6D6      6D6       31         0
                text2                               58C      58C       51         0
                text1                               266      266       E4         0
                maintext                            5DD      5DD       4F         0
                clrtext                             DF1      DF1        6         0
                idataBANK0                            3        3        1         0

        CLASS   STRCODE        
                stringtext1                        1000     1000        4         0

        CLASS   STRING         

        CLASS   CONST          

        CLASS   ENTRY          

        CLASS   COMMON         
                cstackCOMMON                         70       70        C         1
                bssCOMMON                            7C       7C        1         1

        CLASS   BANK0          
                cstackBANK0                          5D       5D       12         1
                dataBANK0                            6F       6F        1         1
                bssBANK0                             20       20       3D         1

        CLASS   BANK1          
                bssBANK1                             A0       A0       20         1

        CLASS   BANK2          

        CLASS   BANK3          

        CLASS   BANK4          

        CLASS   BANK5          

        CLASS   BANK6          

        CLASS   BIGRAM         

        CLASS   RAM            

        CLASS   ABS1           
                abs_s1                               7E       7E        2         1

        CLASS   SFR0           

        CLASS   SFR1           

        CLASS   SFR2           

        CLASS   SFR3           

        CLASS   SFR4           

        CLASS   SFR5           

        CLASS   SFR6           

        CLASS   SFR7           

        CLASS   SFR8           

        CLASS   SFR9           

        CLASS   SFR10          

        CLASS   SFR11          

        CLASS   SFR12          

        CLASS   SFR13          

        CLASS   SFR14          

        CLASS   SFR15          

        CLASS   SFR16          

        CLASS   SFR17          

        CLASS   SFR18          

        CLASS   SFR19          

        CLASS   SFR20          

        CLASS   SFR21          

        CLASS   SFR22          

        CLASS   SFR23          

        CLASS   SFR24          

        CLASS   SFR25          

        CLASS   SFR26          

        CLASS   SFR27          

        CLASS   SFR28          

        CLASS   SFR29          

        CLASS   SFR30          

        CLASS   SFR31          

        CLASS   CONFIG         
                config                             8007     8007        2         4

        CLASS   IDLOC          

        CLASS   EEDATA         

        CLASS   BANK31         

        CLASS   BANK30         

        CLASS   BANK29         

        CLASS   BANK28         

        CLASS   BANK27         

        CLASS   BANK26         

        CLASS   BANK25         

        CLASS   BANK24         

        CLASS   BANK23         

        CLASS   BANK22         

        CLASS   BANK21         

        CLASS   BANK20         

        CLASS   BANK19         

        CLASS   BANK18         

        CLASS   BANK17         

        CLASS   BANK16         

        CLASS   BANK15         

        CLASS   BANK14         

        CLASS   BANK13         

        CLASS   BANK12         

        CLASS   BANK11         

        CLASS   BANK10         

        CLASS   BANK9          

        CLASS   BANK8          

        CLASS   BANK7          

        CLASS   HEAP           

        CLASS   STACK          



SEGMENTS        Name                           Load    Length   Top    Selector   Space  Class     Delta

                reset_vec                      000000  000003  000003         0       0  CODE        2
                idataBANK0                     000003  000001  000004         6       0  CODE        2
                intentry                       000004  0007FC  000800         8       0  CODE        2
                bssBANK0                       000020  000050  000070        20       1  BANK0       1
                cstackCOMMON                   000070  00000D  00007D        70       1  COMMON      1
                bssBANK1                       0000A0  000020  0000C0        A0       1  BANK1       1
                text76                         000D86  000001  000D87      1B0C       0  CODE        2
                text72                         000D87  000001  000D88      1B0E       0  CODE        2
                text49                         000D88  000001  000D89      1B10       0  CODE        2
                text48                         000D89  000001  000D8A      1B12       0  CODE        2
                text31                         000D8A  000001  000D8B      1B14       0  CODE        2
                text64                         000D8B  000003  000D8E      1B16       0  CODE        2
                text33                         000D8E  000003  000D91      1B1C       0  CODE        2
                text32                         000D91  000003  000D94      1B22       0  CODE        2
                text11                         000D94  000003  000D97      1B28       0  CODE        2
                text77                         000D97  000004  000D9B      1B2E       0  CODE        2
                text75                         000D9B  000004  000D9F      1B36       0  CODE        2
                text52                         000D9F  000004  000DA3      1B3E       0  CODE        2
                text50                         000DA3  000004  000DA7      1B46       0  CODE        2
                text47                         000DA7  000004  000DAB      1B4E       0  CODE        2
                text46                         000DAB  000004  000DAF      1B56       0  CODE        2
                text6                          000DAF  000004  000DB3      1B5E       0  CODE        2
                text68                         000DB3  000005  000DB8      1B66       0  CODE        2
                text59                         000DB8  000005  000DBD      1B70       0  CODE        2
                text58                         000DBD  000005  000DC2      1B7A       0  CODE        2
                text10                         000DC2  000005  000DC7      1B84       0  CODE        2
                text41                         000DC7  000006  000DCD      1B8E       0  CODE        2
                text24                         000DCD  000006  000DD3      1B9A       0  CODE        2
                text23                         000DD3  000006  000DD9      1BA6       0  CODE        2
                text22                         000DD9  000006  000DDF      1BB2       0  CODE        2
                text21                         000DDF  000006  000DE5      1BBE       0  CODE        2
                text20                         000DE5  000006  000DEB      1BCA       0  CODE        2
                text18                         000DEB  000006  000DF1      1BD6       0  CODE        2
                clrtext                        000DF1  000006  000DF7      1BE2       0  CODE        2
                text38                         000DF7  000007  000DFE      1BEE       0  CODE        2
                text36                         000DFE  000007  000E05      1BFC       0  CODE        2
                text28                         000E05  000007  000E0C      1C0A       0  CODE        2
                text27                         000E0C  000007  000E13      1C18       0  CODE        2
                text17                         000E13  000008  000E1B      1C26       0  CODE        2
                text8                          000E1B  000008  000E23      1C36       0  CODE        2
                text66                         000E23  000009  000E2C      1C46       0  CODE        2
                text37                         000E2C  00000A  000E36      1C58       0  CODE        2
                text7                          000E36  00000A  000E40      1C6C       0  CODE        2
                text51                         000E40  00000B  000E4B      1C80       0  CODE        2
                text12                         000E4B  00000B  000E56      1C96       0  CODE        2
                text15                         000E56  00000D  000E63      1CAC       0  CODE        2
                text71                         000E63  00000E  000E71      1CC6       0  CODE        2
                text70                         000E71  000010  000E81      1CE2       0  CODE        2
                text67                         000E81  000013  000E94      1D02       0  CODE        2
                text63                         000E94  000013  000EA7      1D28       0  CODE        2
                text42                         000EA7  000016  000EBD      1D4E       0  CODE        2
                text16                         000EBD  000016  000ED3      1D7A       0  CODE        2
                text78                         000ED3  000018  000EEB      1DA6       0  CODE        2
                text60                         000EEB  00001A  000F05      1DD6       0  CODE        2
                text35                         000F05  00001A  000F1F      1E0A       0  CODE        2
                text44                         000F1F  00001B  000F3A      1E3E       0  CODE        2
                text40                         000F3A  00001B  000F55      1E74       0  CODE        2
                text29                         000F55  00001B  000F70      1EAA       0  CODE        2
                text13                         000F70  00001B  000F8B      1EE0       0  CODE        2
                text9                          000F8B  00001B  000FA6      1F16       0  CODE        2
                text34                         000FA6  00001C  000FC2      1F4C       0  CODE        2
                text5                          000FC2  00001C  000FDE      1F84       0  CODE        2
                text73                         000FDE  000022  001000      1FBC       0  CODE        2
                stringtext1                    001000  000004  001004      2000       0  STRCODE     2


UNUSED ADDRESS RANGES

        Name                Unused          Largest block    Delta
        BANK1            000C0-000EF              30           1
        BANK2            00120-0016F              50           1
        BANK3            001A0-001EF              50           1
        BANK4            00220-0026F              50           1
        BANK5            002A0-002EF              50           1
        BANK6            00320-0032F              10           1
        BIGRAM           02000-021EF             1F0           1
        CODE             00800-00D85             586           2
                         01004-01FFF             7FC
        COMMON           0007D-0007D               1           1
        CONST            00800-00D85             100           2
                         01004-01FFF             100
        EEDATA           0F000-0F0FF             100           2
        ENTRY            00800-00D85             100           2
                         01004-01FFF             100
        IDLOC            08000-08003               4           2
        RAM              000C0-000EF              30           1
                         00120-0016F              50
                         001A0-001EF              50
                         00220-0026F              50
                         002A0-002EF              50
                         00320-0032F              10
        SFR0             00000-0001F              20           1
        SFR1             00080-0009F              20           1
        SFR10            00500-0056F              70           1
        SFR11            00580-005EF              70           1
        SFR12            00600-0066F              70           1
        SFR13            00680-006EF              70           1
        SFR14            00700-0076F              70           1
        SFR15            00780-007EF              70           1
        SFR16            00800-0086F              70           1
        SFR17            00880-008EF              70           1
        SFR18            00900-0096F              70           1
        SFR19            00980-009EF              70           1
        SFR2             00100-0011F              20           1
        SFR20            00A00-00A6F              70           1
        SFR21            00A80-00AEF              70           1
        SFR22            00B00-00B6F              70           1
        SFR23            00B80-00BEF              70           1
        SFR24            00C00-00C6F              70           1
        SFR25            00C80-00CEF              70           1
        SFR26            00D00-00D6F              70           1
        SFR27            00D80-00DEF              70           1
        SFR28            00E00-00E6F              70           1
        SFR29            00E80-00EEF              70           1
        SFR3             00180-0019F              20           1
        SFR30            00F00-00F6F              70           1
        SFR31            00F80-00FEF              70           1
        SFR4             00200-0021F              20           1
        SFR5             00280-0029F              20           1
        SFR6             00300-0031F              20           1
        SFR7             00380-003EF              70           1
        SFR8             00400-0046F              70           1
        SFR9             00480-004EF              70           1
        STRCODE          00800-00D85             586           2
                         01004-01FFF             FFC
        STRING           00800-00D85             100           2
                         01004-01FFF             100

                                  Symbol Table

Delay_ms@input_ms                              cstackCOMMON 00072
Delay_ms@ms                                    cstackCOMMON 00074
EUSART_Read@readValue                          cstackCOMMON 00072
EUSART_SetErrorHandler@interruptHandler        cstackCOMMON 00071
EUSART_SetFramingErrorHandler@interruptHandler cstackCOMMON 00071
EUSART_SetOverrunErrorHandler@interruptHandler cstackCOMMON 00071
EUSART_SetRxInterruptHandler@interruptHandler  cstackCOMMON 00071
EUSART_SetTxInterruptHandler@interruptHandler  cstackCOMMON 00071
EUSART_Write@txData                            cstackCOMMON 00072
LED_ON@InputData                               cstackCOMMON 0007A
LED_ON@data                                    cstackCOMMON 0007B
LED_SET@InputData                              cstackCOMMON 00074
LED_SET@LED_num                                cstackCOMMON 00076
LED_SET@data                                   cstackCOMMON 00077
LED_SET@i                                      cstackCOMMON 00079
LED_SET@num                                    cstackCOMMON 00078
LIN_calcParity@CMD                             cstackCOMMON 00072
LIN_calcParity@PID                             cstackCOMMON 00073
LIN_checkPID@pid                               cstackCOMMON 00078
LIN_getChecksum@checksum                       cstackCOMMON 00077
LIN_getChecksum@data                           cstackCOMMON 00072
LIN_getChecksum@i                              cstackCOMMON 00076
LIN_getChecksum@length                         cstackCOMMON 00075
LIN_getChecksum@pid                            cstackCOMMON 00071
LIN_getFromTable@cmd                           cstackCOMMON 00074
LIN_getFromTable@length                        cstackCOMMON 00075
LIN_getFromTable@param                         cstackCOMMON 00071
LIN_getFromTable@rxCommand                     cstackCOMMON 00076
LIN_getPacket@cmd                              cstackCOMMON 00079
LIN_getPacket@data                             cstackCOMMON 0007A
LIN_handler@LIN_rxState                        bssBANK0     00044
LIN_handler@rxDataIndex                        bssBANK0     00043
LIN_init@command                               cstackCOMMON 00073
LIN_init@processData                           cstackCOMMON 00075
LIN_init@tableLength                           cstackCOMMON 00077
LIN_queuePacket@cmd                            cstackBANK0  00063
LIN_queuePacket@i                              cstackBANK0  00064
LIN_queuePacket@tempSchedule                   cstackBANK0  00065
LIN_sendPacket@data                            cstackCOMMON 0007A
LIN_sendPacket@i                               cstackBANK0  0005E
LIN_sendPacket@length                          cstackBANK0  0005D
LIN_sendPacket@pid                             cstackCOMMON 00079
LIN_startTimer@timeout                         cstackCOMMON 00071
PWM_SendData@InputData                         cstackCOMMON 00071
PWM_SendData@bitmask                           cstackCOMMON 00073
PWM_SendData@data                              cstackCOMMON 00072
Streamer_SEG1_TEST@InputData                   cstackBANK0  0005D
Streamer_SEG1_TEST@data                        cstackBANK0  0005E
Streamer_SEG1_TEST@i                           cstackBANK0  00060
Streamer_SEG1_TEST@num                         cstackBANK0  0005F
Streamer_SEG2_TEST@InputData                   cstackBANK0  0005D
Streamer_SEG2_TEST@data                        cstackBANK0  0005E
Streamer_SEG2_TEST@i                           cstackBANK0  00060
Streamer_SEG2_TEST@num                         cstackBANK0  0005F
TMR0_SetInterruptHandler@InterruptHandler      cstackCOMMON 00071
TMR0_WriteTimer@timerVal                       cstackCOMMON 00071
TrunLight@InputData                            cstackBANK0  0005D
TrunLight@data                                 cstackBANK0  0005F
TrunLight@i                                    cstackBANK0  0005E
TrunLight@seg1_num                             cstackBANK0  00060
TrunLight@seg2_num                             cstackBANK0  00061
_ANSELA                                        (abs)        0018C
_ANSELB                                        (abs)        0018D
_APFCON                                        (abs)        0011D
_AutoBaud_Detect                               text67       00E81
_AutoBaud_Detect_ON                            text68       00DB3
_BAUDCON                                       (abs)        0019F
_BAUDCONbits                                   (abs)        0019F
_BORCON                                        (abs)        00116
_CCP5CON                                       (abs)        0031E
_CCPR5H                                        (abs)        0031D
_CCPR5L                                        (abs)        0031C
_CCPTMRS1bits                                  (abs)        0029F
_CountCallBack                                 bssBANK0     00045
_DRL_OFF                                       text49       00D88
_DRL_ON                                        text48       00D89
_Delay_ms                                      text44       00F1F
_EUSART_DefaultErrorHandler                    text77       00D97
_EUSART_DefaultFramingErrorHandler             text76       00D86
_EUSART_DefaultOverrunErrorHandler             text75       00D9B
_EUSART_ErrorHandler                           bssBANK0     00024
_EUSART_FramingErrorHandler                    bssBANK0     00028
_EUSART_Initialize                             text19       0062C
_EUSART_OverrunErrorHandler                    bssBANK0     00026
_EUSART_Read                                   text65       00784
_EUSART_Receive_ISR                            text74       0066A
_EUSART_RxDataHandler                          text78       00ED3
_EUSART_RxDefaultInterruptHandler              bssBANK0     0002A
_EUSART_SetErrorHandler                        text24       00DCD
_EUSART_SetFramingErrorHandler                 text23       00DD3
_EUSART_SetOverrunErrorHandler                 text22       00DD9
_EUSART_SetRxInterruptHandler                  text21       00DDF
_EUSART_SetTxInterruptHandler                  text20       00DE5
_EUSART_Transmit_ISR                           text73       00FDE
_EUSART_TxDefaultInterruptHandler              bssBANK0     0002C
_EUSART_Write                                  text57       00736
_EUSART_get_last_status                        text64       00D8B
_EUSART_is_rx_ready                            text66       00E23
_HIBEAM_OFF                                    text47       00DA7
_HIBEAM_ON                                     text46       00DAB
_INTCONbits                                    (abs)        0000B
_INTERRUPT_InterruptManager                    intentry     00004
_LATA                                          (abs)        0010C
_LATB                                          (abs)        0010D
_LATBbits                                      (abs)        0010D
_LATC                                          (abs)        0010E
_LATCbits                                      (abs)        0010E
_LATE                                          (abs)        00110
_LED_OFF                                       text41       00DC7
_LED_ON                                        text37       00E2C
_LED_SET                                       text42       00EA7
_LEFT_OFF                                      text40       00F3A
_LEFT_ON                                       text38       00DF7
_LEFT_ON2                                      text36       00DFE
_LIN_Slave_Initialize                          text15       00E56
_LIN_breakCheck                                text63       00E94
_LIN_calcParity                                text62       003D7
_LIN_checkPID                                  text60       00EEB
_LIN_disableRx                                 text59       00DB8
_LIN_enableRx                                  text58       00DBD
_LIN_getChecksum                               text56       006A3
_LIN_getFromTable                              text61       004C8
_LIN_getPacket                                 text34       00FA6
_LIN_handler                                   text25       00053
_LIN_init                                      text16       00EBD
_LIN_packet                                    bssBANK0     00050
_LIN_processData                               bssBANK0     00030
_LIN_queuePacket                               text53       0045D
_LIN_rxCommand                                 bssBANK0     0002E
_LIN_rxCommandLength                           bssBANK0     00047
_LIN_rxInProgress                              bssBANK0     00048
_LIN_sendPacket                                text55       007CF
_LIN_setTimerHandler                           text17       00E13
_LIN_startTimer                                text51       00E40
_LIN_stopTimer                                 text50       00DA3
_LIN_timeout                                   dataBANK0    0006F
_LIN_timerHandler                              text71       00E63
_LIN_timerRunning                              bssBANK0     00046
_LOBEAM_OFF                                    text33       00D8E
_LOBEAM_ON                                     text32       00D91
_OPTION_REG                                    (abs)        00095
_OPTION_REGbits                                (abs)        00095
_OSCCON                                        (abs)        00099
_OSCILLATOR_Initialize                         text14       007F4
_OSCTUNE                                       (abs)        00098
_PIE1bits                                      (abs)        00091
_PIN_MANAGER_Initialize                        text13       00F70
_PIR1bits                                      (abs)        00011
_PIR3bits                                      (abs)        00013
_PLLR                                          (abs)        004D6
_PORTAbits                                     (abs)        0000C
_PORTBbits                                     (abs)        0000D
_PORTCbits                                     (abs)        0000E
_POS_OFF                                       text31       00D8A
_POS_ON                                        text30       00002
_PR2                                           (abs)        0001B
_PR6                                           (abs)        0041D
_PWM5_Initialize                               text12       00E4B
_PWM_SendData                                  text43       0075E
_RCREG                                         (abs)        00199
_RCSTA                                         (abs)        0019D
_RCSTAbits                                     (abs)        0019D
_RIGHT_OFF                                     text29       00F55
_RIGHT_ON                                      text28       00E05
_RIGHT_ON2                                     text27       00E0C
_SPBRGH                                        (abs)        0019C
_SPBRGL                                        (abs)        0019B
_SW_STATE_Data                                 bssBANK1     000B8
_SYSTEM_Initialize                             text5        00FC2
_Streamer_SEG1_TEST                            text4        00707
_Streamer_SEG2_TEST                            text3        006D6
_T100us_cnt                                    bssBANK0     00035
_T100us_cnt1                                   bssBANK0     00034
_T1MS_cnt                                      bssBANK0     00020
_T250MS_cnt                                    bssBANK0     0003A
_T2CON                                         (abs)        0001C
_T5MS_cnt                                      bssBANK0     00033
_T6CON                                         (abs)        0041E
_T6CONbits                                     (abs)        0041E
_TMR0                                          (abs)        00015
_TMR0_DefaultInterruptHandler                  text72       00D87
_TMR0_ISR                                      text70       00E71
_TMR0_Initialize                               text9        00F8B
_TMR0_InterruptHandler                         bssBANK0     00022
_TMR0_ReadTimer                                text11       00D94
_TMR0_Reload                                   text52       00D9F
_TMR0_SetInterruptHandler                      text18       00DEB
_TMR0_WriteTimer                               text10       00DC2
_TMR2                                          (abs)        0001A
_TMR2IF                                        (abs)        00089
_TMR2_Initialize                               text8        00E1B
_TMR6                                          (abs)        0041C
_TMR6_Initialize                               text7        00E36
_TRISA                                         (abs)        0008C
_TRISB                                         (abs)        0008D
_TRISC                                         (abs)        0008E
_TRISE                                         (abs)        00090
_TXREG                                         (abs)        0019A
_TXSTA                                         (abs)        0019E
_TXSTAbits                                     (abs)        0019E
_Timer                                         text45       00532
_Timer_TESTMODE                                text2        0058C
_TrunLight                                     text39       0034A
_WDTCON                                        (abs)        00097
_WDT_Initialize                                text6        00DAF
_WPUB                                          (abs)        0020D
_WPUE                                          (abs)        00210
__H__absolute__                                __absolute__ 00000
__Habs1                                        abs1         00000
__Hbank0                                       bank0        00000
__Hbank1                                       bank1        00000
__Hbank10                                      bank10       00000
__Hbank11                                      bank11       00000
__Hbank12                                      bank12       00000
__Hbank13                                      bank13       00000
__Hbank14                                      bank14       00000
__Hbank15                                      bank15       00000
__Hbank16                                      bank16       00000
__Hbank17                                      bank17       00000
__Hbank18                                      bank18       00000
__Hbank19                                      bank19       00000
__Hbank2                                       bank2        00000
__Hbank20                                      bank20       00000
__Hbank21                                      bank21       00000
__Hbank22                                      bank22       00000
__Hbank23                                      bank23       00000
__Hbank24                                      bank24       00000
__Hbank25                                      bank25       00000
__Hbank26                                      bank26       00000
__Hbank27                                      bank27       00000
__Hbank28                                      bank28       00000
__Hbank29                                      bank29       00000
__Hbank3                                       bank3        00000
__Hbank30                                      bank30       00000
__Hbank31                                      bank31       00000
__Hbank4                                       bank4        00000
__Hbank5                                       bank5        00000
__Hbank6                                       bank6        00000
__Hbank7                                       bank7        00000
__Hbank8                                       bank8        00000
__Hbank9                                       bank9        00000
__Hbigram                                      bigram       00000
__HbssBANK0                                    bssBANK0     00000
__HbssBANK1                                    bssBANK1     00000
__HbssCOMMON                                   bssCOMMON    00000
__Hcinit                                       cinit        00053
__Hclrtext                                     clrtext      00000
__Hcode                                        code         00000
__Hcommon                                      common       00000
__Hconfig                                      config       08009
__HcstackBANK0                                 cstackBANK0  00000
__HcstackCOMMON                                cstackCOMMON 00000
__HdataBANK0                                   dataBANK0    00000
__Heeprom_data                                 eeprom_data  00000
__Hend_init                                    end_init     0003A
__Hfunctab                                     functab      00000
__Hheap                                        heap         00000
__HidataBANK0                                  idataBANK0   00000
__Hinit                                        init         00038
__Hintentry                                    intentry     00038
__Hmaintext                                    maintext     00000
__Hpowerup                                     powerup      00000
__Hram                                         ram          00000
__Hreset_vec                                   reset_vec    00002
__Hsfr0                                        sfr0         00000
__Hsfr1                                        sfr1         00000
__Hsfr10                                       sfr10        00000
__Hsfr11                                       sfr11        00000
__Hsfr12                                       sfr12        00000
__Hsfr13                                       sfr13        00000
__Hsfr14                                       sfr14        00000
__Hsfr15                                       sfr15        00000
__Hsfr16                                       sfr16        00000
__Hsfr17                                       sfr17        00000
__Hsfr18                                       sfr18        00000
__Hsfr19                                       sfr19        00000
__Hsfr2                                        sfr2         00000
__Hsfr20                                       sfr20        00000
__Hsfr21                                       sfr21        00000
__Hsfr22                                       sfr22        00000
__Hsfr23                                       sfr23        00000
__Hsfr24                                       sfr24        00000
__Hsfr25                                       sfr25        00000
__Hsfr26                                       sfr26        00000
__Hsfr27                                       sfr27        00000
__Hsfr28                                       sfr28        00000
__Hsfr29                                       sfr29        00000
__Hsfr3                                        sfr3         00000
__Hsfr30                                       sfr30        00000
__Hsfr31                                       sfr31        00000
__Hsfr4                                        sfr4         00000
__Hsfr5                                        sfr5         00000
__Hsfr6                                        sfr6         00000
__Hsfr7                                        sfr7         00000
__Hsfr8                                        sfr8         00000
__Hsfr9                                        sfr9         00000
__Hsivt                                        sivt         00038
__Hspace_0                                     (abs)        01004
__Hspace_1                                     (abs)        000C0
__Hspace_2                                     (abs)        00000
__Hspace_3                                     (abs)        00000
__Hspace_4                                     (abs)        10010
__Hstack                                       stack        00000
__Hstrings                                     strings      00000
__Hstringtext1                                 stringtext1  00000
__Htext                                        text         00000
__L__absolute__                                __absolute__ 00000
__Labs1                                        abs1         00000
__Lbank0                                       bank0        00000
__Lbank1                                       bank1        00000
__Lbank10                                      bank10       00000
__Lbank11                                      bank11       00000
__Lbank12                                      bank12       00000
__Lbank13                                      bank13       00000
__Lbank14                                      bank14       00000
__Lbank15                                      bank15       00000
__Lbank16                                      bank16       00000
__Lbank17                                      bank17       00000
__Lbank18                                      bank18       00000
__Lbank19                                      bank19       00000
__Lbank2                                       bank2        00000
__Lbank20                                      bank20       00000
__Lbank21                                      bank21       00000
__Lbank22                                      bank22       00000
__Lbank23                                      bank23       00000
__Lbank24                                      bank24       00000
__Lbank25                                      bank25       00000
__Lbank26                                      bank26       00000
__Lbank27                                      bank27       00000
__Lbank28                                      bank28       00000
__Lbank29                                      bank29       00000
__Lbank3                                       bank3        00000
__Lbank30                                      bank30       00000
__Lbank31                                      bank31       00000
__Lbank4                                       bank4        00000
__Lbank5                                       bank5        00000
__Lbank6                                       bank6        00000
__Lbank7                                       bank7        00000
__Lbank8                                       bank8        00000
__Lbank9                                       bank9        00000
__Lbigram                                      bigram       00000
__LbssBANK0                                    bssBANK0     00000
__LbssBANK1                                    bssBANK1     00000
__LbssCOMMON                                   bssCOMMON    00000
__Lcinit                                       cinit        0003A
__Lclrtext                                     clrtext      00000
__Lcode                                        code         00000
__Lcommon                                      common       00000
__Lconfig                                      config       00000
__LcstackBANK0                                 cstackBANK0  00000
__LcstackCOMMON                                cstackCOMMON 00000
__LdataBANK0                                   dataBANK0    00000
__Leeprom_data                                 eeprom_data  00000
__Lend_init                                    end_init     00038
__Lfunctab                                     functab      00000
__Lheap                                        heap         00000
__LidataBANK0                                  idataBANK0   00000
__Linit                                        init         00038
__Lintentry                                    intentry     00004
__Lmaintext                                    maintext     00000
__Lpowerup                                     powerup      00000
__Lram                                         ram          00000
__Lreset_vec                                   reset_vec    00000
__Lsfr0                                        sfr0         00000
__Lsfr1                                        sfr1         00000
__Lsfr10                                       sfr10        00000
__Lsfr11                                       sfr11        00000
__Lsfr12                                       sfr12        00000
__Lsfr13                                       sfr13        00000
__Lsfr14                                       sfr14        00000
__Lsfr15                                       sfr15        00000
__Lsfr16                                       sfr16        00000
__Lsfr17                                       sfr17        00000
__Lsfr18                                       sfr18        00000
__Lsfr19                                       sfr19        00000
__Lsfr2                                        sfr2         00000
__Lsfr20                                       sfr20        00000
__Lsfr21                                       sfr21        00000
__Lsfr22                                       sfr22        00000
__Lsfr23                                       sfr23        00000
__Lsfr24                                       sfr24        00000
__Lsfr25                                       sfr25        00000
__Lsfr26                                       sfr26        00000
__Lsfr27                                       sfr27        00000
__Lsfr28                                       sfr28        00000
__Lsfr29                                       sfr29        00000
__Lsfr3                                        sfr3         00000
__Lsfr30                                       sfr30        00000
__Lsfr31                                       sfr31        00000
__Lsfr4                                        sfr4         00000
__Lsfr5                                        sfr5         00000
__Lsfr6                                        sfr6         00000
__Lsfr7                                        sfr7         00000
__Lsfr8                                        sfr8         00000
__Lsfr9                                        sfr9         00000
__Lsivt                                        sivt         00038
__Lspace_0                                     (abs)        00000
__Lspace_1                                     (abs)        00000
__Lspace_2                                     (abs)        00000
__Lspace_3                                     (abs)        00000
__Lspace_4                                     (abs)        00000
__Lstack                                       stack        00000
__Lstrings                                     strings      00000
__Lstringtext1                                 stringtext1  00000
__Ltext                                        text         00000
__S0                                           (abs)        01004
__S1                                           (abs)        000C0
__S3                                           (abs)        00000
___heap_hi                                     (abs)        00000
___heap_lo                                     (abs)        00000
___int_sp                                      stack        00000
___int_stack_hi                                stack        00000
___int_stack_lo                                stack        00000
___latbits                                     (abs)        00002
___sp                                          stack        00000
___stack_hi                                    stack        00000
___stack_lo                                    stack        00000
___stackhi                                     (abs)        00000
___stacklo                                     (abs)        00000
__end_of_AutoBaud_Detect                       text67       00E94
__end_of_AutoBaud_Detect_ON                    text68       00DB8
__end_of_DRL_OFF                               text49       00D89
__end_of_DRL_ON                                text48       00D8A
__end_of_Delay_ms                              text44       00F3A
__end_of_EUSART_DefaultErrorHandler            text77       00D9B
__end_of_EUSART_DefaultFramingErrorHandler     text76       00D87
__end_of_EUSART_DefaultOverrunErrorHandler     text75       00D9F
__end_of_EUSART_Initialize                     text19       0066A
__end_of_EUSART_Read                           text65       007AA
__end_of_EUSART_Receive_ISR                    text74       006A3
__end_of_EUSART_RxDataHandler                  text78       00EEB
__end_of_EUSART_SetErrorHandler                text24       00DD3
__end_of_EUSART_SetFramingErrorHandler         text23       00DD9
__end_of_EUSART_SetOverrunErrorHandler         text22       00DDF
__end_of_EUSART_SetRxInterruptHandler          text21       00DE5
__end_of_EUSART_SetTxInterruptHandler          text20       00DEB
__end_of_EUSART_Transmit_ISR                   text73       01000
__end_of_EUSART_Write                          text57       0075E
__end_of_EUSART_get_last_status                text64       00D8E
__end_of_EUSART_is_rx_ready                    text66       00E2C
__end_of_HIBEAM_OFF                            text47       00DAB
__end_of_HIBEAM_ON                             text46       00DAF
__end_of_INTERRUPT_InterruptManager            intentry     00038
__end_of_LED_OFF                               text41       00DCD
__end_of_LED_ON                                text37       00E36
__end_of_LED_SET                               text42       00EBD
__end_of_LEFT_OFF                              text40       00F55
__end_of_LEFT_ON                               text38       00DFE
__end_of_LEFT_ON2                              text36       00E05
__end_of_LIN_Slave_Initialize                  text15       00E63
__end_of_LIN_breakCheck                        text63       00EA7
__end_of_LIN_calcParity                        text62       0045D
__end_of_LIN_checkPID                          text60       00F05
__end_of_LIN_disableRx                         text59       00DBD
__end_of_LIN_enableRx                          text58       00DC2
__end_of_LIN_getChecksum                       text56       006D6
__end_of_LIN_getFromTable                      text61       00532
__end_of_LIN_getPacket                         text34       00FC2
__end_of_LIN_handler                           text25       0016B
__end_of_LIN_init                              text16       00ED3
__end_of_LIN_queuePacket                       text53       004C8
__end_of_LIN_sendPacket                        text55       007F4
__end_of_LIN_setTimerHandler                   text17       00E1B
__end_of_LIN_startTimer                        text51       00E4B
__end_of_LIN_stopTimer                         text50       00DA7
__end_of_LIN_timerHandler                      text71       00E71
__end_of_LOBEAM_OFF                            text33       00D91
__end_of_LOBEAM_ON                             text32       00D94
__end_of_OSCILLATOR_Initialize                 text14       00800
__end_of_PIN_MANAGER_Initialize                text13       00F8B
__end_of_POS_OFF                               text31       00D8B
__end_of_POS_ON                                text30       00003
__end_of_PWM5_Initialize                       text12       00E56
__end_of_PWM_SendData                          text43       00784
__end_of_RIGHT_OFF                             text29       00F70
__end_of_RIGHT_ON                              text28       00E0C
__end_of_RIGHT_ON2                             text27       00E13
__end_of_SYSTEM_Initialize                     text5        00FDE
__end_of_Streamer_SEG1_TEST                    text4        00736
__end_of_Streamer_SEG2_TEST                    text3        00707
__end_of_TMR0_DefaultInterruptHandler          text72       00D88
__end_of_TMR0_ISR                              text70       00E81
__end_of_TMR0_Initialize                       text9        00FA6
__end_of_TMR0_ReadTimer                        text11       00D97
__end_of_TMR0_Reload                           text52       00DA3
__end_of_TMR0_SetInterruptHandler              text18       00DF1
__end_of_TMR0_WriteTimer                       text10       00DC7
__end_of_TMR2_Initialize                       text8        00E23
__end_of_TMR6_Initialize                       text7        00E40
__end_of_Timer                                 text45       0058C
__end_of_Timer_TESTMODE                        text2        005DD
__end_of_TrunLight                             text39       003D7
__end_of_WDT_Initialize                        text6        00DB3
__end_of__initialization                       cinit        0004F
__end_of_main                                  maintext     0062C
__end_of_memcpy                                text54       007CF
__end_of_memset                                text35       00F1F
__end_of_processLIN                            text26       00266
__end_of_scheduleTable                         stringtext1  01004
__end_of_testmode                              text1        0034A
__initialization                               cinit        0003A
__pbssBANK0                                    bssBANK0     00020
__pbssBANK1                                    bssBANK1     000A0
__pbssCOMMON                                   bssCOMMON    0007C
__pcstackBANK0                                 cstackBANK0  0005D
__pcstackCOMMON                                cstackCOMMON 00070
__pdataBANK0                                   dataBANK0    0006F
__pidataBANK0                                  idataBANK0   00003
__pintentry                                    intentry     00004
__pmaintext                                    maintext     005DD
__pstringtext1                                 stringtext1  01000
__ptext1                                       text1        00266
__ptext10                                      text10       00DC2
__ptext11                                      text11       00D94
__ptext12                                      text12       00E4B
__ptext13                                      text13       00F70
__ptext14                                      text14       007F4
__ptext15                                      text15       00E56
__ptext16                                      text16       00EBD
__ptext17                                      text17       00E13
__ptext18                                      text18       00DEB
__ptext19                                      text19       0062C
__ptext2                                       text2        0058C
__ptext20                                      text20       00DE5
__ptext21                                      text21       00DDF
__ptext22                                      text22       00DD9
__ptext23                                      text23       00DD3
__ptext24                                      text24       00DCD
__ptext25                                      text25       00053
__ptext26                                      text26       0016B
__ptext27                                      text27       00E0C
__ptext28                                      text28       00E05
__ptext29                                      text29       00F55
__ptext3                                       text3        006D6
__ptext30                                      text30       00002
__ptext31                                      text31       00D8A
__ptext32                                      text32       00D91
__ptext33                                      text33       00D8E
__ptext34                                      text34       00FA6
__ptext35                                      text35       00F05
__ptext36                                      text36       00DFE
__ptext37                                      text37       00E2C
__ptext38                                      text38       00DF7
__ptext39                                      text39       0034A
__ptext4                                       text4        00707
__ptext40                                      text40       00F3A
__ptext41                                      text41       00DC7
__ptext42                                      text42       00EA7
__ptext43                                      text43       0075E
__ptext44                                      text44       00F1F
__ptext45                                      text45       00532
__ptext46                                      text46       00DAB
__ptext47                                      text47       00DA7
__ptext48                                      text48       00D89
__ptext49                                      text49       00D88
__ptext5                                       text5        00FC2
__ptext50                                      text50       00DA3
__ptext51                                      text51       00E40
__ptext52                                      text52       00D9F
__ptext53                                      text53       0045D
__ptext54                                      text54       007AA
__ptext55                                      text55       007CF
__ptext56                                      text56       006A3
__ptext57                                      text57       00736
__ptext58                                      text58       00DBD
__ptext59                                      text59       00DB8
__ptext6                                       text6        00DAF
__ptext60                                      text60       00EEB
__ptext61                                      text61       004C8
__ptext62                                      text62       003D7
__ptext63                                      text63       00E94
__ptext64                                      text64       00D8B
__ptext65                                      text65       00784
__ptext66                                      text66       00E23
__ptext67                                      text67       00E81
__ptext68                                      text68       00DB3
__ptext7                                       text7        00E36
__ptext70                                      text70       00E71
__ptext71                                      text71       00E63
__ptext72                                      text72       00D87
__ptext73                                      text73       00FDE
__ptext74                                      text74       0066A
__ptext75                                      text75       00D9B
__ptext76                                      text76       00D86
__ptext77                                      text77       00D97
__ptext78                                      text78       00ED3
__ptext8                                       text8        00E1B
__ptext9                                       text9        00F8B
_eusartRxBuffer                                bssBANK1     000A8
_eusartRxCount                                 bssBANK0     0003E
_eusartRxHead                                  bssCOMMON    0007C
_eusartRxLastError                             bssBANK0     0003D
_eusartRxStatusBuffer                          bssBANK1     000A0
_eusartRxTail                                  bssBANK0     0003F
_eusartTxBuffer                                bssBANK1     000B0
_eusartTxBufferRemaining                       bssBANK0     00040
_eusartTxHead                                  bssBANK0     00042
_eusartTxTail                                  bssBANK0     00041
_fColorSeletDisable                            bssBANK0     0003B
_fLampSide                                     bssBANK0     0004E
_fLeft_old                                     bssBANK0     00049
_fLoBeam                                       bssBANK0     0004F
_fRight_old                                    bssBANK0     0004A
_fTurn                                         bssBANK0     00039
_ftest                                         bssBANK0     00038
_lampFlags                                     bssBANK0     0004B
_lampState                                     bssBANK0     0004D
_main                                          maintext     005DD
_memcpy                                        text54       007AA
_memset                                        text35       00F05
_mode                                          bssBANK0     00037
_mode_old                                      bssBANK0     00036
_processLIN                                    text26       0016B
_scheduleTable                                 stringtext1  01000
_testmode                                      text1        00266
_timer0ReloadVal                               bssBANK0     0003C
btemp                                          (abs)        0007E
clear_ram0                                     clrtext      00DF1
end_of_initialization                          cinit        0004F
int$flags                                      (abs)        0007E
intlevel0                                      functab      00000
intlevel1                                      functab      00000
intlevel2                                      functab      00000
intlevel3                                      functab      00000
intlevel4                                      functab      00000
intlevel5                                      functab      00000
main@UART_CNT                                  cstackBANK0  0006E
memcpy@d                                       cstackCOMMON 00076
memcpy@d1                                      cstackCOMMON 00078
memcpy@n                                       cstackCOMMON 00072
memcpy@s                                       cstackCOMMON 00077
memcpy@s1                                      cstackCOMMON 00071
memcpy@tmp                                     cstackCOMMON 00075
memset@c                                       cstackCOMMON 00071
memset@dest                                    cstackCOMMON 00077
memset@n                                       cstackCOMMON 00073
memset@p                                       cstackCOMMON 00076
processLIN@cmd                                 cstackBANK0  00062
processLIN@tempRxData                          cstackBANK0  00063
reset_vec                                      reset_vec    00000
start                                          init         00038
start_initialization                           cinit        0003A
wtemp0                                         (abs)        0007E


MODULE INFORMATION

Module		Function		Class		Link	Load	Size
mcc_generated_files/tmr6.c
		_TMR6_Initialize		CODE           	0E36	0000	10

mcc_generated_files/tmr6.c estimated size: 10

mcc_generated_files/tmr2.c
		_TMR2_Initialize		CODE           	0E1B	0000	8

mcc_generated_files/tmr2.c estimated size: 8

mcc_generated_files/interrupt_manager.c
		_INTERRUPT_InterruptManager		CODE           	0004	0000	52

mcc_generated_files/interrupt_manager.c estimated size: 52

mcc_generated_files/tmr0.c
		_TMR0_SetInterruptHandler		CODE           	0DEB	0000	6
		_TMR0_Reload   		CODE           	0D9F	0000	4
		_TMR0_DefaultInterruptHandler		CODE           	0D87	0000	1
		_TMR0_WriteTimer		CODE           	0DC2	0000	5
		_TMR0_ReadTimer		CODE           	0D94	0000	3
		_TMR0_ISR      		CODE           	0E71	0000	16
		_TMR0_Initialize		CODE           	0F8B	0000	27

mcc_generated_files/tmr0.c estimated size: 62

timer.c
		_Timer         		CODE           	0532	0000	90
		_Delay_ms      		CODE           	0F1F	0000	27
		_Timer_TESTMODE		CODE           	058C	0000	81

timer.c estimated size: 198

mcc_generated_files/pin_manager.c
		_PIN_MANAGER_Initialize		CODE           	0F70	0000	27

mcc_generated_files/pin_manager.c estimated size: 27

C:\Program Files\Microchip\xc8\v2.46\pic\sources\c99\common\memset.c
		_memset        		CODE           	0F05	0000	26

C:\Program Files\Microchip\xc8\v2.46\pic\sources\c99\common\memset.c estimated size: 26

PWM.c
		_PWM_SendData  		CODE           	075E	0000	38
		_Streamer_SEG1_TEST		CODE           	0707	0000	47
		_Streamer_SEG2_TEST		CODE           	06D6	0000	49
		_LED_SET       		CODE           	0EA7	0000	22
		_LED_OFF       		CODE           	0DC7	0000	6
		_LED_ON        		CODE           	0E2C	0000	10
		_TrunLight     		CODE           	034A	0000	141

PWM.c estimated size: 313

shared
		_scheduleTable 		STRCODE        	1000	0000	4
		__initialization		CODE           	003A	0000	21

shared estimated size: 25

mcc_generated_files/pwm5.c
		_PWM5_Initialize		CODE           	0E4B	0000	11

mcc_generated_files/pwm5.c estimated size: 11

mcc_generated_files/mcc.c
		_WDT_Initialize		CODE           	0DAF	0000	4
		_OSCILLATOR_Initialize		CODE           	07F4	0000	12
		_SYSTEM_Initialize		CODE           	0FC2	0000	28

mcc_generated_files/mcc.c estimated size: 44

mcc_generated_files/LINDrivers/lin_app.c
		_processLIN    		CODE           	016B	0000	251
		_POS_OFF       		CODE           	0D8A	0000	1
		_HIBEAM_ON     		CODE           	0DAB	0000	4
		_HIBEAM_OFF    		CODE           	0DA7	0000	4
		_RIGHT_ON      		CODE           	0E05	0000	7
		_RIGHT_ON2     		CODE           	0E0C	0000	7
		_RIGHT_OFF     		CODE           	0F55	0000	27
		_LEFT_OFF      		CODE           	0F3A	0000	27
		_LOBEAM_ON     		CODE           	0D91	0000	3
		_LOBEAM_OFF    		CODE           	0D8E	0000	3
		_DRL_ON        		CODE           	0D89	0000	1
		_LIN_Slave_Initialize		CODE           	0E56	0000	13
		_LEFT_ON       		CODE           	0DF7	0000	7
		_LEFT_ON2      		CODE           	0DFE	0000	7
		_POS_ON        		CODE           	0002	0000	1
		_DRL_OFF       		CODE           	0D88	0000	1

mcc_generated_files/LINDrivers/lin_app.c estimated size: 364

C:\Program Files\Microchip\xc8\v2.46\pic\sources\c99\common\memcpy.c
		_memcpy        		CODE           	07AA	0000	37

C:\Program Files\Microchip\xc8\v2.46\pic\sources\c99\common\memcpy.c estimated size: 37

mcc_generated_files/LINDrivers/lin_slave.c
		_LIN_init      		CODE           	0EBD	0000	22
		_LIN_stopTimer 		CODE           	0DA3	0000	4
		_LIN_timerHandler		CODE           	0E63	0000	14
		_LIN_checkPID  		CODE           	0EEB	0000	26
		_LIN_getFromTable		CODE           	04C8	0000	106
		_LIN_getPacket 		CODE           	0FA6	0000	28
		_LIN_sendPacket		CODE           	07CF	0000	37
		_LIN_disableRx 		CODE           	0DB8	0000	5
		_LIN_setTimerHandler		CODE           	0E13	0000	8
		_LIN_startTimer		CODE           	0E40	0000	11
		_LIN_queuePacket		CODE           	045D	0000	107
		_LIN_breakCheck		CODE           	0E94	0000	19
		_LIN_getChecksum		CODE           	06A3	0000	51
		_LIN_handler   		CODE           	0053	0000	280
		_LIN_calcParity		CODE           	03D7	0000	134
		_LIN_enableRx  		CODE           	0DBD	0000	5

mcc_generated_files/LINDrivers/lin_slave.c estimated size: 857

mcc_generated_files/eusart.c
		_EUSART_SetRxInterruptHandler		CODE           	0DDF	0000	6
		_EUSART_SetTxInterruptHandler		CODE           	0DE5	0000	6
		_EUSART_Read   		CODE           	0784	0000	38
		_EUSART_DefaultOverrunErrorHandler		CODE           	0D9B	0000	4
		_EUSART_Write  		CODE           	0736	0000	40
		_EUSART_DefaultErrorHandler		CODE           	0D97	0000	4
		_EUSART_Transmit_ISR		CODE           	0FDE	0000	34
		_EUSART_Initialize		CODE           	062C	0000	62
		_EUSART_SetFramingErrorHandler		CODE           	0DD3	0000	6
		_EUSART_SetErrorHandler		CODE           	0DCD	0000	6
		_EUSART_SetOverrunErrorHandler		CODE           	0DD9	0000	6
		_EUSART_Receive_ISR		CODE           	066A	0000	57
		_EUSART_RxDataHandler		CODE           	0ED3	0000	24
		_EUSART_DefaultFramingErrorHandler		CODE           	0D86	0000	1
		_EUSART_get_last_status		CODE           	0D8B	0000	3
		_EUSART_is_rx_ready		CODE           	0E23	0000	9

mcc_generated_files/eusart.c estimated size: 306

main.c
		_testmode      		CODE           	0266	0000	228
		_main          		CODE           	05DD	0000	79
		_AutoBaud_Detect		CODE           	0E81	0000	19
		_AutoBaud_Detect_ON		CODE           	0DB3	0000	5

main.c estimated size: 331

