Microchip MPLAB XC8 Compiler V2.46

Linker command line:

-W-3 --edf=c:\PROGRA~1\MICROC~1\xc8\v2.46\pic\dat\20240104201356_en.msgs \
  -cn -h+D:\yiming\00work\FR761_V01.X\out\FR761\default.sym \
  --cmf=D:\yiming\00work\FR761_V01.X\out\FR761\default.cmf -z -Q16F1936 \
  -oC:\Users\t00904\AppData\Local\Temp\xcAslu8.\driver_tmp_3.o \
  --defsym=__MPLAB_BUILD=1 --fixupoverflow=error -Mmem.map \
  --md=C:\Users\t00904\AppData\Local\Temp\xcAslu8.\driver_tmp_0.dat -E1 \
  -ver=XC8 Compiler --acfsm=1493 -ACODE=00h-07FFhx4 -ASTRCODE=00h-01FFFh \
  -ASTRING=00h-0FFhx32 -ACONST=00h-0FFhx32 -AENTRY=00h-0FFhx32 \
  -ACOMMON=070h-07Fh -ABANK0=020h-06Fh -ABANK1=0A0h-0EFh \
  -ABANK2=0120h-016Fh -ABANK3=01A0h-01EFh -ABANK4=0220h-026Fh \
  -ABANK5=02A0h-02EFh -ABANK6=0320h-032Fh -ABIGRAM=02000h-021EFh \
  -ARAM=020h-06Fh,0A0h-0EFh,0120h-016Fh,01A0h-01EFh,0220h-026Fh,02A0h-02EFh,0320h-032Fh \
  -AABS1=020h-07Fh,0A0h-0EFh,0120h-016Fh,01A0h-01EFh,0220h-026Fh,02A0h-02EFh,0320h-032Fh \
  -ASFR0=00h-01Fh -ASFR1=080h-09Fh -ASFR2=0100h-011Fh -ASFR3=0180h-019Fh \
  -ASFR4=0200h-021Fh -ASFR5=0280h-029Fh -ASFR6=0300h-031Fh \
  -ASFR7=0380h-03EFh -ASFR8=0400h-046Fh -ASFR9=0480h-04EFh \
  -ASFR10=0500h-056Fh -ASFR11=0580h-05EFh -ASFR12=0600h-066Fh \
  -ASFR13=0680h-06EFh -ASFR14=0700h-076Fh -ASFR15=0780h-07EFh \
  -ASFR16=0800h-086Fh -ASFR17=0880h-08EFh -ASFR18=0900h-096Fh \
  -ASFR19=0980h-09EFh -ASFR20=0A00h-0A6Fh -ASFR21=0A80h-0AEFh \
  -ASFR22=0B00h-0B6Fh -ASFR23=0B80h-0BEFh -ASFR24=0C00h-0C6Fh \
  -ASFR25=0C80h-0CEFh -ASFR26=0D00h-0D6Fh -ASFR27=0D80h-0DEFh \
  -ASFR28=0E00h-0E6Fh -ASFR29=0E80h-0EEFh -ASFR30=0F00h-0F6Fh \
  -ASFR31=0F80h-0FEFh -ACONFIG=08007h-08008h -DCONFIG=2 \
  -AIDLOC=08000h-08003h -DIDLOC=2 -AEEDATA=00h-0FFh/0F000h \
  -peeprom_data=EEDATA -DEEDATA=2 -DCODE=2 -DSTRCODE=2 -DSTRING=2 -DCONST=2 \
  -DENTRY=2 -preset_vec=00h,intentry,sivt,init,end_init -ppowerup=CODE \
  -pcinit=CODE -pfunctab=ENTRY -k \
  C:\Users\t00904\AppData\Local\Temp\xcAslu8.\driver_tmp_15.o \
  D:\yiming\00work\FR761_V01.X\out\FR761\default.o 

Object code version is 3.11

Machine type is 16F1936



                Name                               Link     Load   Length Selector   Space Scale
C:\Users\t00904\AppData\Local\Temp\xcAslu8.\driver_tmp_15.o
                end_init                              2        2        2        0       0
                reset_vec                             0        0        2        0       0
                config                             8007     8007        2        0       4
                idloc                              8000     8000        4        0       5
D:\yiming\00work\FR761_V01.X\out\FR761\default.o
                cinit                               7F0      7F0       10      FE0       0
                config                             8007     8007        2        0       4
                idloc                              8000     8000        4        0       5
                text24                              3CD      3CD        C      79A       0
                text23                              402      402       1B      804       0
                text22                              3C2      3C2        B      784       0
                text21                              3A6      3A6        8      74C       0
                text20                              3AE      3AE        A      75C       0
                text19                              39C      39C        4      738       0
                text18                              3D9      3D9       13      7B2       0
                text17                              478      478       26      8F0       0
                text16                              3EC      3EC       16      7D8       0
                text15                              3A0      3A0        6      740       0
                text14                              3B8      3B8        A      770       0
                text13                              5C3      5C3       5A      B86       0
                text12                              41D      41D       1B      83A       0
                text11                              4C5      4C5       2C      98A       0
                text10                              549      549       2D      A92       0
                text9                               576      576       4D      AEC       0
                text8                               70F      70F       E1      E1E       0
                text7                               682      682       8D      D04       0
                text6                               456      456       22      8AC       0
                text5                               49E      49E       27      93C       0
                text4                               4F1      4F1       2C      9E2       0
                text3                               51D      51D       2C      A3A       0
                text2                               61D      61D       65      C3A       0
                text1                               39B      39B        1      736       0
                maintext                            438      438       1E      870       0
                cstackBANK0                          2C       2C        5       20       1
                cstackCOMMON                         70       70        E       70       1
                bssBANK0                             20       20        C       20       1

TOTAL           Name                               Link     Load   Length     Space
        CLASS   CODE           
                end_init                              2        2        2         0
                cinit                               7F0      7F0       10         0
                reset_vec                             0        0        2         0
                text24                              3CD      3CD        C         0
                text23                              402      402       1B         0
                text22                              3C2      3C2        B         0
                text21                              3A6      3A6        8         0
                text20                              3AE      3AE        A         0
                text19                              39C      39C        4         0
                text18                              3D9      3D9       13         0
                text17                              478      478       26         0
                text16                              3EC      3EC       16         0
                text15                              3A0      3A0        6         0
                text14                              3B8      3B8        A         0
                text13                              5C3      5C3       5A         0
                text12                              41D      41D       1B         0
                text11                              4C5      4C5       2C         0
                text10                              549      549       2D         0
                text9                               576      576       4D         0
                text8                               70F      70F       E1         0
                text7                               682      682       8D         0
                text6                               456      456       22         0
                text5                               49E      49E       27         0
                text4                               4F1      4F1       2C         0
                text3                               51D      51D       2C         0
                text2                               61D      61D       65         0
                text1                               39B      39B        1         0
                maintext                            438      438       1E         0

        CLASS   STRCODE        

        CLASS   STRING         

        CLASS   CONST          

        CLASS   ENTRY          

        CLASS   COMMON         
                cstackCOMMON                         70       70        E         1

        CLASS   BANK0          
                cstackBANK0                          2C       2C        5         1
                bssBANK0                             20       20        C         1

        CLASS   BANK1          

        CLASS   BANK2          

        CLASS   BANK3          

        CLASS   BANK4          

        CLASS   BANK5          

        CLASS   BANK6          

        CLASS   BIGRAM         

        CLASS   RAM            

        CLASS   ABS1           
                abs_s1                               7E       7E        2         1

        CLASS   SFR0           

        CLASS   SFR1           

        CLASS   SFR2           

        CLASS   SFR3           

        CLASS   SFR4           

        CLASS   SFR5           

        CLASS   SFR6           

        CLASS   SFR7           

        CLASS   SFR8           

        CLASS   SFR9           

        CLASS   SFR10          

        CLASS   SFR11          

        CLASS   SFR12          

        CLASS   SFR13          

        CLASS   SFR14          

        CLASS   SFR15          

        CLASS   SFR16          

        CLASS   SFR17          

        CLASS   SFR18          

        CLASS   SFR19          

        CLASS   SFR20          

        CLASS   SFR21          

        CLASS   SFR22          

        CLASS   SFR23          

        CLASS   SFR24          

        CLASS   SFR25          

        CLASS   SFR26          

        CLASS   SFR27          

        CLASS   SFR28          

        CLASS   SFR29          

        CLASS   SFR30          

        CLASS   SFR31          

        CLASS   CONFIG         
                config                             8007     8007        2         4

        CLASS   IDLOC          
                idloc                              8000     8000        4         5

        CLASS   EEDATA         

        CLASS   BANK31         

        CLASS   BANK30         

        CLASS   BANK29         

        CLASS   BANK28         

        CLASS   BANK27         

        CLASS   BANK26         

        CLASS   BANK25         

        CLASS   BANK24         

        CLASS   BANK23         

        CLASS   BANK22         

        CLASS   BANK21         

        CLASS   BANK20         

        CLASS   BANK19         

        CLASS   BANK18         

        CLASS   BANK17         

        CLASS   BANK16         

        CLASS   BANK15         

        CLASS   BANK14         

        CLASS   BANK13         

        CLASS   BANK12         

        CLASS   BANK11         

        CLASS   BANK10         

        CLASS   BANK9          

        CLASS   BANK8          

        CLASS   BANK7          

        CLASS   HEAP           

        CLASS   STACK          



SEGMENTS        Name                           Load    Length   Top    Selector   Space  Class     Delta

                reset_vec                      000000  000004  000004         0       0  CODE        2
                bssBANK0                       000020  000011  000031        20       1  BANK0       1
                cstackCOMMON                   000070  00000E  00007E        70       1  COMMON      1
                text1                          00039B  000001  00039C       736       0  CODE        2
                text19                         00039C  000004  0003A0       738       0  CODE        2
                text15                         0003A0  000006  0003A6       740       0  CODE        2
                text21                         0003A6  000008  0003AE       74C       0  CODE        2
                text20                         0003AE  00000A  0003B8       75C       0  CODE        2
                text14                         0003B8  00000A  0003C2       770       0  CODE        2
                text22                         0003C2  00000B  0003CD       784       0  CODE        2
                text24                         0003CD  00000C  0003D9       79A       0  CODE        2
                text18                         0003D9  000013  0003EC       7B2       0  CODE        2
                text16                         0003EC  000016  000402       7D8       0  CODE        2
                text23                         000402  00001B  00041D       804       0  CODE        2
                text12                         00041D  00001B  000438       83A       0  CODE        2
                maintext                       000438  00001E  000456       870       0  CODE        2
                text6                          000456  000022  000478       8AC       0  CODE        2
                text17                         000478  000026  00049E       8F0       0  CODE        2
                text5                          00049E  000027  0004C5       93C       0  CODE        2
                text11                         0004C5  00002C  0004F1       98A       0  CODE        2
                text4                          0004F1  00002C  00051D       9E2       0  CODE        2
                text3                          00051D  00002C  000549       A3A       0  CODE        2
                text10                         000549  00002D  000576       A92       0  CODE        2
                text9                          000576  00004D  0005C3       AEC       0  CODE        2
                text13                         0005C3  00005A  00061D       B86       0  CODE        2
                text2                          00061D  000065  000682       C3A       0  CODE        2
                text7                          000682  00008D  00070F       D04       0  CODE        2
                text8                          00070F  0000E1  0007F0       E1E       0  CODE        2
                cinit                          0007F0  000010  000800       FE0       0  CODE        2


UNUSED ADDRESS RANGES

        Name                Unused          Largest block    Delta
        BANK0            00031-0006F              3F           1
        BANK1            000A0-000EF              50           1
        BANK2            00120-0016F              50           1
        BANK3            001A0-001EF              50           1
        BANK4            00220-0026F              50           1
        BANK5            002A0-002EF              50           1
        BANK6            00320-0032F              10           1
        BIGRAM           02000-021EF             1F0           1
        CODE             00004-0039A             397           2
                         00800-01FFF             800
        CONST            00004-0039A             100           2
                         00800-01FFF             100
        EEDATA           0F000-0F0FF             100           2
        ENTRY            00004-0039A             100           2
                         00800-01FFF             100
        RAM              00031-0006F              3F           1
                         000A0-000EF              50
                         00120-0016F              50
                         001A0-001EF              50
                         00220-0026F              50
                         002A0-002EF              50
                         00320-0032F              10
        SFR0             00000-0001F              20           1
        SFR1             00080-0009F              20           1
        SFR10            00500-0056F              70           1
        SFR11            00580-005EF              70           1
        SFR12            00600-0066F              70           1
        SFR13            00680-006EF              70           1
        SFR14            00700-0076F              70           1
        SFR15            00780-007EF              70           1
        SFR16            00800-0086F              70           1
        SFR17            00880-008EF              70           1
        SFR18            00900-0096F              70           1
        SFR19            00980-009EF              70           1
        SFR2             00100-0011F              20           1
        SFR20            00A00-00A6F              70           1
        SFR21            00A80-00AEF              70           1
        SFR22            00B00-00B6F              70           1
        SFR23            00B80-00BEF              70           1
        SFR24            00C00-00C6F              70           1
        SFR25            00C80-00CEF              70           1
        SFR26            00D00-00D6F              70           1
        SFR27            00D80-00DEF              70           1
        SFR28            00E00-00E6F              70           1
        SFR29            00E80-00EEF              70           1
        SFR3             00180-0019F              20           1
        SFR30            00F00-00F6F              70           1
        SFR31            00F80-00FEF              70           1
        SFR4             00200-0021F              20           1
        SFR5             00280-0029F              20           1
        SFR6             00300-0031F              20           1
        SFR7             00380-003EF              70           1
        SFR8             00400-0046F              70           1
        SFR9             00480-004EF              70           1
        STRCODE          00004-0039A             397           2
                         00800-01FFF            1800
        STRING           00004-0039A             100           2
                         00800-01FFF             100

                                  Symbol Table

Delay_ms@input_ms               cstackCOMMON 00071
Delay_ms@ms                     cstackCOMMON 00073
LED_ON@InputData                cstackCOMMON 00079
LED_ON@data                     cstackCOMMON 0007A
LED_SET@InputData               cstackCOMMON 00073
LED_SET@LED_num                 cstackCOMMON 00075
LED_SET@data                    cstackCOMMON 00076
LED_SET@i                       cstackCOMMON 00078
LED_SET@num                     cstackCOMMON 00077
LED_SET_Gradually_ON@InputData  cstackCOMMON 0007A
LED_SET_Gradually_ON@j          cstackCOMMON 0007B
PWM_SendData@InputData          cstackCOMMON 00070
PWM_SendData@bitmask            cstackCOMMON 00072
PWM_SendData@data               cstackCOMMON 00071
Streamer_SEG1_OFF@InputData     cstackCOMMON 0007A
Streamer_SEG1_OFF@data          cstackCOMMON 0007B
Streamer_SEG1_OFF@i             cstackCOMMON 0007D
Streamer_SEG1_OFF@num           cstackCOMMON 0007C
Streamer_SEG1_ON@InputData      cstackCOMMON 0007A
Streamer_SEG1_ON@data           cstackCOMMON 0007B
Streamer_SEG1_ON@i              cstackCOMMON 0007D
Streamer_SEG1_ON@num            cstackCOMMON 0007C
Streamer_SEG1_TEST@InputData    cstackCOMMON 0007A
Streamer_SEG1_TEST@data         cstackCOMMON 0007B
Streamer_SEG1_TEST@i            cstackCOMMON 0007D
Streamer_SEG1_TEST@num          cstackCOMMON 0007C
Streamer_SEG2_ON@InputData      cstackCOMMON 0007A
Streamer_SEG2_ON@data           cstackCOMMON 0007B
Streamer_SEG2_ON@i              cstackCOMMON 0007D
Streamer_SEG2_ON@num            cstackCOMMON 0007C
Streamer_SEG2_TEST@InputData    cstackCOMMON 0007A
Streamer_SEG2_TEST@data         cstackCOMMON 0007B
Streamer_SEG2_TEST@i            cstackCOMMON 0007D
Streamer_SEG2_TEST@num          cstackCOMMON 0007C
TrunLight@InputData             cstackBANK0  0002C
TrunLight@data                  cstackBANK0  0002E
TrunLight@i                     cstackBANK0  0002D
TrunLight@seg1_num              cstackBANK0  0002F
TrunLight@seg2_num              cstackBANK0  00030
_ANSELA                         (abs)        0018C
_ANSELB                         (abs)        0018D
_APFCON                         (abs)        0011D
_BORCON                         (abs)        00116
_CCP5CON                        (abs)        0031E
_CCPR5H                         (abs)        0031D
_CCPR5L                         (abs)        0031C
_CCPTMRS1bits                   (abs)        0029F
_Delay_ms                       text12       0041D
_LATA                           (abs)        0010C
_LATB                           (abs)        0010D
_LATBbits                       (abs)        0010D
_LATC                           (abs)        0010E
_LATCbits                       (abs)        0010E
_LATE                           (abs)        00110
_LED_OFF                        text15       003A0
_LED_ON                         text14       003B8
_LED_SET                        text16       003EC
_LED_SET_Gradually_ON           text6        00456
_OPTION_REGbits                 (abs)        00095
_OSCCON                         (abs)        00099
_OSCILLATOR_Initialize          text24       003CD
_OSCTUNE                        (abs)        00098
_PIN_MANAGER_Initialize         text23       00402
_PIR1bits                       (abs)        00011
_PIR3bits                       (abs)        00013
_PLLR                           (abs)        004D6
_PORTAbits                      (abs)        0000C
_PORTBbits                      (abs)        0000D
_PORTCbits                      (abs)        0000E
_PR2                            (abs)        0001B
_PR6                            (abs)        0041D
_PWM5_Initialize                text22       003C2
_PWM_SendData                   text17       00478
_SYSTEM_Initialize              text18       003D9
_Streamer_SEG1_OFF              text5        0049E
_Streamer_SEG1_ON               text4        004F1
_Streamer_SEG1_TEST             text11       004C5
_Streamer_SEG2_ON               text3        0051D
_Streamer_SEG2_TEST             text10       00549
_T100us_cnt                     bssBANK0     00026
_T100us_cnt1                    bssBANK0     00025
_T1MS_cnt                       bssBANK0     00020
_T250MS_cnt                     bssBANK0     0002A
_T2CON                          (abs)        0001C
_T5MS_cnt                       bssBANK0     00024
_T6CON                          (abs)        0041E
_TMR0                           (abs)        00015
_TMR2                           (abs)        0001A
_TMR2IF                         (abs)        00089
_TMR2_Initialize                text21       003A6
_TMR6                           (abs)        0041C
_TMR6_Initialize                text20       003AE
_TRISA                          (abs)        0008C
_TRISB                          (abs)        0008D
_TRISC                          (abs)        0008E
_TRISE                          (abs)        00090
_Timer                          text13       005C3
_Timer_TESTMODE                 text9        00576
_TrunLight                      text7        00682
_WDTCON                         (abs)        00097
_WDT_Initialize                 text19       0039C
_WPUB                           (abs)        0020D
_WPUE                           (abs)        00210
_WelcomeLight                   text2        0061D
__H__absolute__                 __absolute__ 00000
__Habs1                         abs1         00000
__Hbank0                        bank0        00000
__Hbank1                        bank1        00000
__Hbank10                       bank10       00000
__Hbank11                       bank11       00000
__Hbank12                       bank12       00000
__Hbank13                       bank13       00000
__Hbank14                       bank14       00000
__Hbank15                       bank15       00000
__Hbank16                       bank16       00000
__Hbank17                       bank17       00000
__Hbank18                       bank18       00000
__Hbank19                       bank19       00000
__Hbank2                        bank2        00000
__Hbank20                       bank20       00000
__Hbank21                       bank21       00000
__Hbank22                       bank22       00000
__Hbank23                       bank23       00000
__Hbank24                       bank24       00000
__Hbank25                       bank25       00000
__Hbank26                       bank26       00000
__Hbank27                       bank27       00000
__Hbank28                       bank28       00000
__Hbank29                       bank29       00000
__Hbank3                        bank3        00000
__Hbank30                       bank30       00000
__Hbank31                       bank31       00000
__Hbank4                        bank4        00000
__Hbank5                        bank5        00000
__Hbank6                        bank6        00000
__Hbank7                        bank7        00000
__Hbank8                        bank8        00000
__Hbank9                        bank9        00000
__Hbigram                       bigram       00000
__HbssBANK0                     bssBANK0     00000
__Hcinit                        cinit        00800
__Hclrtext                      clrtext      00000
__Hcode                         code         00000
__Hcommon                       common       00000
__Hconfig                       config       08009
__HcstackBANK0                  cstackBANK0  00000
__HcstackCOMMON                 cstackCOMMON 00000
__Heeprom_data                  eeprom_data  00000
__Hend_init                     end_init     00004
__Hfunctab                      functab      00000
__Hheap                         heap         00000
__Hidloc                        idloc        08004
__Hinit                         init         00002
__Hintentry                     intentry     00002
__Hmaintext                     maintext     00000
__Hpowerup                      powerup      00000
__Hram                          ram          00000
__Hreset_vec                    reset_vec    00002
__Hsfr0                         sfr0         00000
__Hsfr1                         sfr1         00000
__Hsfr10                        sfr10        00000
__Hsfr11                        sfr11        00000
__Hsfr12                        sfr12        00000
__Hsfr13                        sfr13        00000
__Hsfr14                        sfr14        00000
__Hsfr15                        sfr15        00000
__Hsfr16                        sfr16        00000
__Hsfr17                        sfr17        00000
__Hsfr18                        sfr18        00000
__Hsfr19                        sfr19        00000
__Hsfr2                         sfr2         00000
__Hsfr20                        sfr20        00000
__Hsfr21                        sfr21        00000
__Hsfr22                        sfr22        00000
__Hsfr23                        sfr23        00000
__Hsfr24                        sfr24        00000
__Hsfr25                        sfr25        00000
__Hsfr26                        sfr26        00000
__Hsfr27                        sfr27        00000
__Hsfr28                        sfr28        00000
__Hsfr29                        sfr29        00000
__Hsfr3                         sfr3         00000
__Hsfr30                        sfr30        00000
__Hsfr31                        sfr31        00000
__Hsfr4                         sfr4         00000
__Hsfr5                         sfr5         00000
__Hsfr6                         sfr6         00000
__Hsfr7                         sfr7         00000
__Hsfr8                         sfr8         00000
__Hsfr9                         sfr9         00000
__Hsivt                         sivt         00002
__Hspace_0                      (abs)        00800
__Hspace_1                      (abs)        0007E
__Hspace_2                      (abs)        00000
__Hspace_3                      (abs)        00000
__Hspace_4                      (abs)        10010
__Hstack                        stack        00000
__Hstrings                      strings      00000
__Htext                         text         00000
__L__absolute__                 __absolute__ 00000
__Labs1                         abs1         00000
__Lbank0                        bank0        00000
__Lbank1                        bank1        00000
__Lbank10                       bank10       00000
__Lbank11                       bank11       00000
__Lbank12                       bank12       00000
__Lbank13                       bank13       00000
__Lbank14                       bank14       00000
__Lbank15                       bank15       00000
__Lbank16                       bank16       00000
__Lbank17                       bank17       00000
__Lbank18                       bank18       00000
__Lbank19                       bank19       00000
__Lbank2                        bank2        00000
__Lbank20                       bank20       00000
__Lbank21                       bank21       00000
__Lbank22                       bank22       00000
__Lbank23                       bank23       00000
__Lbank24                       bank24       00000
__Lbank25                       bank25       00000
__Lbank26                       bank26       00000
__Lbank27                       bank27       00000
__Lbank28                       bank28       00000
__Lbank29                       bank29       00000
__Lbank3                        bank3        00000
__Lbank30                       bank30       00000
__Lbank31                       bank31       00000
__Lbank4                        bank4        00000
__Lbank5                        bank5        00000
__Lbank6                        bank6        00000
__Lbank7                        bank7        00000
__Lbank8                        bank8        00000
__Lbank9                        bank9        00000
__Lbigram                       bigram       00000
__LbssBANK0                     bssBANK0     00000
__Lcinit                        cinit        007F0
__Lclrtext                      clrtext      00000
__Lcode                         code         00000
__Lcommon                       common       00000
__Lconfig                       config       00000
__LcstackBANK0                  cstackBANK0  00000
__LcstackCOMMON                 cstackCOMMON 00000
__Leeprom_data                  eeprom_data  00000
__Lend_init                     end_init     00002
__Lfunctab                      functab      00000
__Lheap                         heap         00000
__Lidloc                        idloc        00000
__Linit                         init         00002
__Lintentry                     intentry     00002
__Lmaintext                     maintext     00000
__Lpowerup                      powerup      00000
__Lram                          ram          00000
__Lreset_vec                    reset_vec    00000
__Lsfr0                         sfr0         00000
__Lsfr1                         sfr1         00000
__Lsfr10                        sfr10        00000
__Lsfr11                        sfr11        00000
__Lsfr12                        sfr12        00000
__Lsfr13                        sfr13        00000
__Lsfr14                        sfr14        00000
__Lsfr15                        sfr15        00000
__Lsfr16                        sfr16        00000
__Lsfr17                        sfr17        00000
__Lsfr18                        sfr18        00000
__Lsfr19                        sfr19        00000
__Lsfr2                         sfr2         00000
__Lsfr20                        sfr20        00000
__Lsfr21                        sfr21        00000
__Lsfr22                        sfr22        00000
__Lsfr23                        sfr23        00000
__Lsfr24                        sfr24        00000
__Lsfr25                        sfr25        00000
__Lsfr26                        sfr26        00000
__Lsfr27                        sfr27        00000
__Lsfr28                        sfr28        00000
__Lsfr29                        sfr29        00000
__Lsfr3                         sfr3         00000
__Lsfr30                        sfr30        00000
__Lsfr31                        sfr31        00000
__Lsfr4                         sfr4         00000
__Lsfr5                         sfr5         00000
__Lsfr6                         sfr6         00000
__Lsfr7                         sfr7         00000
__Lsfr8                         sfr8         00000
__Lsfr9                         sfr9         00000
__Lsivt                         sivt         00002
__Lspace_0                      (abs)        00000
__Lspace_1                      (abs)        00000
__Lspace_2                      (abs)        00000
__Lspace_3                      (abs)        00000
__Lspace_4                      (abs)        00000
__Lstack                        stack        00000
__Lstrings                      strings      00000
__Ltext                         text         00000
__S0                            (abs)        00800
__S1                            (abs)        0007E
__S3                            (abs)        00000
___heap_hi                      (abs)        00000
___heap_lo                      (abs)        00000
___int_sp                       stack        00000
___int_stack_hi                 stack        00000
___int_stack_lo                 stack        00000
___latbits                      (abs)        00002
___sp                           stack        00000
___stack_hi                     stack        00000
___stack_lo                     stack        00000
___stackhi                      (abs)        00000
___stacklo                      (abs)        00000
__end_of_Delay_ms               text12       00438
__end_of_LED_OFF                text15       003A6
__end_of_LED_ON                 text14       003C2
__end_of_LED_SET                text16       00402
__end_of_LED_SET_Gradually_ON   text6        00478
__end_of_OSCILLATOR_Initialize  text24       003D9
__end_of_PIN_MANAGER_Initialize text23       0041D
__end_of_PWM5_Initialize        text22       003CD
__end_of_PWM_SendData           text17       0049E
__end_of_SYSTEM_Initialize      text18       003EC
__end_of_Streamer_SEG1_OFF      text5        004C5
__end_of_Streamer_SEG1_ON       text4        0051D
__end_of_Streamer_SEG1_TEST     text11       004F1
__end_of_Streamer_SEG2_ON       text3        00549
__end_of_Streamer_SEG2_TEST     text10       00576
__end_of_TMR2_Initialize        text21       003AE
__end_of_TMR6_Initialize        text20       003B8
__end_of_Timer                  text13       0061D
__end_of_Timer_TESTMODE         text9        005C3
__end_of_TrunLight              text7        0070F
__end_of_WDT_Initialize         text19       003A0
__end_of_WelcomeLight           text2        00682
__end_of__initialization        cinit        007FD
__end_of_main                   maintext     00456
__end_of_testmode               text8        007F0
__end_of_todo                   text1        0039C
__initialization                cinit        007F0
__pbssBANK0                     bssBANK0     00020
__pcstackBANK0                  cstackBANK0  0002C
__pcstackCOMMON                 cstackCOMMON 00070
__pmaintext                     maintext     00438
__ptext1                        text1        0039B
__ptext10                       text10       00549
__ptext11                       text11       004C5
__ptext12                       text12       0041D
__ptext13                       text13       005C3
__ptext14                       text14       003B8
__ptext15                       text15       003A0
__ptext16                       text16       003EC
__ptext17                       text17       00478
__ptext18                       text18       003D9
__ptext19                       text19       0039C
__ptext2                        text2        0061D
__ptext20                       text20       003AE
__ptext21                       text21       003A6
__ptext22                       text22       003C2
__ptext23                       text23       00402
__ptext24                       text24       003CD
__ptext3                        text3        0051D
__ptext4                        text4        004F1
__ptext5                        text5        0049E
__ptext6                        text6        00456
__ptext7                        text7        00682
__ptext8                        text8        0070F
__ptext9                        text9        00576
_fColorSeletDisable             bssBANK0     0002B
_fLoBeam                        bssBANK0     00022
_fTurn                          bssBANK0     00029
_main                           maintext     00438
_mode                           bssBANK0     00028
_mode_old                       bssBANK0     00027
_testmode                       text8        0070F
_todo                           text1        0039B
btemp                           (abs)        0007E
end_of_initialization           cinit        007FD
intlevel0                       functab      00000
intlevel1                       functab      00000
intlevel2                       functab      00000
intlevel3                       functab      00000
intlevel4                       functab      00000
intlevel5                       functab      00000
reset_vec                       reset_vec    00000
start                           init         00002
start_initialization            cinit        007F0
wtemp0                          (abs)        0007E


MODULE INFORMATION

Module		Function		Class		Link	Load	Size
D:\yiming\00work\FR761_V01.X\timer.c
		_Timer         		CODE           	05C3	0000	90
		_Delay_ms      		CODE           	041D	0000	27
		_Timer_TESTMODE		CODE           	0576	0000	77

D:\yiming\00work\FR761_V01.X\timer.c estimated size: 194

D:\yiming\00work\FR761_V01.X\main.c
		_testmode      		CODE           	070F	0000	225
		_main          		CODE           	0438	0000	30
		_todo          		CODE           	039B	0000	1

D:\yiming\00work\FR761_V01.X\main.c estimated size: 256

D:\yiming\00work\FR761_V01.X\mcc_generated_files\tmr6.c
		_TMR6_Initialize		CODE           	03AE	0000	10

D:\yiming\00work\FR761_V01.X\mcc_generated_files\tmr6.c estimated size: 10

D:\yiming\00work\FR761_V01.X\PWM.c
		_PWM_SendData  		CODE           	0478	0000	38
		_Streamer_SEG1_TEST		CODE           	04C5	0000	44
		_Streamer_SEG2_TEST		CODE           	0549	0000	45
		_Streamer_SEG1_OFF		CODE           	049E	0000	39
		_LED_SET       		CODE           	03EC	0000	22
		_LED_OFF       		CODE           	03A0	0000	6
		_WelcomeLight  		CODE           	061D	0000	101
		_Streamer_SEG1_ON		CODE           	04F1	0000	44
		_Streamer_SEG2_ON		CODE           	051D	0000	44
		_LED_SET_Gradually_ON		CODE           	0456	0000	34
		_LED_ON        		CODE           	03B8	0000	10
		_TrunLight     		CODE           	0682	0000	141

D:\yiming\00work\FR761_V01.X\PWM.c estimated size: 568

D:\yiming\00work\FR761_V01.X\mcc_generated_files\tmr2.c
		_TMR2_Initialize		CODE           	03A6	0000	8

D:\yiming\00work\FR761_V01.X\mcc_generated_files\tmr2.c estimated size: 8

D:\yiming\00work\FR761_V01.X\mcc_generated_files\pin_manager.c
		_PIN_MANAGER_Initialize		CODE           	0402	0000	27

D:\yiming\00work\FR761_V01.X\mcc_generated_files\pin_manager.c estimated size: 27

shared
		__initialization		CODE           	07F0	0000	13

shared estimated size: 13

D:\yiming\00work\FR761_V01.X\mcc_generated_files\pwm5.c
		_PWM5_Initialize		CODE           	03C2	0000	11

D:\yiming\00work\FR761_V01.X\mcc_generated_files\pwm5.c estimated size: 11

D:\yiming\00work\FR761_V01.X\mcc_generated_files\mcc.c
		_WDT_Initialize		CODE           	039C	0000	4
		_OSCILLATOR_Initialize		CODE           	03CD	0000	12
		_SYSTEM_Initialize		CODE           	03D9	0000	19

D:\yiming\00work\FR761_V01.X\mcc_generated_files\mcc.c estimated size: 35

