Microchip MPLAB XC8 Compiler V2.46

Linker command line:

-W-3 --edf=c:\PROGRA~1\MICROC~1\xc8\v2.46\pic\dat\20240104201356_en.msgs \
  -cn -h+D:\yiming\00work\FR743_B101L_RX01.X\out\FR682_RX01\default.sym \
  --cmf=D:\yiming\00work\FR743_B101L_RX01.X\out\FR682_RX01\default.cmf -z \
  -Q16F1936 -oC:\Users\t00904\AppData\Local\Temp\xcCs2j4.2\driver_tmp_3.o \
  --defsym=__MPLAB_BUILD=1 --fixupoverflow=error -Mmem.map \
  --md=C:\Users\t00904\AppData\Local\Temp\xcCs2j4.2\driver_tmp_0.dat -E1 \
  -ver=XC8 Compiler --acfsm=1493 -ACODE=00h-07FFhx4 -ASTRCODE=00h-01FFFh \
  -ASTRING=00h-0FFhx32 -ACONST=00h-0FFhx32 -AENTRY=00h-0FFhx32 \
  -ACOMMON=070h-07Fh -ABANK0=020h-06Fh -ABANK1=0A0h-0EFh \
  -ABANK2=0120h-016Fh -ABANK3=01A0h-01EFh -ABANK4=0220h-026Fh \
  -ABANK5=02A0h-02EFh -ABANK6=0320h-032Fh -ABIGRAM=02000h-021EFh \
  -ARAM=020h-06Fh,0A0h-0EFh,0120h-016Fh,01A0h-01EFh,0220h-026Fh,02A0h-02EFh,0320h-032Fh \
  -AABS1=020h-07Fh,0A0h-0EFh,0120h-016Fh,01A0h-01EFh,0220h-026Fh,02A0h-02EFh,0320h-032Fh \
  -ASFR0=00h-01Fh -ASFR1=080h-09Fh -ASFR2=0100h-011Fh -ASFR3=0180h-019Fh \
  -ASFR4=0200h-021Fh -ASFR5=0280h-029Fh -ASFR6=0300h-031Fh \
  -ASFR7=0380h-03EFh -ASFR8=0400h-046Fh -ASFR9=0480h-04EFh \
  -ASFR10=0500h-056Fh -ASFR11=0580h-05EFh -ASFR12=0600h-066Fh \
  -ASFR13=0680h-06EFh -ASFR14=0700h-076Fh -ASFR15=0780h-07EFh \
  -ASFR16=0800h-086Fh -ASFR17=0880h-08EFh -ASFR18=0900h-096Fh \
  -ASFR19=0980h-09EFh -ASFR20=0A00h-0A6Fh -ASFR21=0A80h-0AEFh \
  -ASFR22=0B00h-0B6Fh -ASFR23=0B80h-0BEFh -ASFR24=0C00h-0C6Fh \
  -ASFR25=0C80h-0CEFh -ASFR26=0D00h-0D6Fh -ASFR27=0D80h-0DEFh \
  -ASFR28=0E00h-0E6Fh -ASFR29=0E80h-0EEFh -ASFR30=0F00h-0F6Fh \
  -ASFR31=0F80h-0FEFh -ACONFIG=08007h-08008h -DCONFIG=2 \
  -AIDLOC=08000h-08003h -DIDLOC=2 -AEEDATA=00h-0FFh/0F000h \
  -peeprom_data=EEDATA -DEEDATA=2 -DCODE=2 -DSTRCODE=2 -DSTRING=2 -DCONST=2 \
  -DENTRY=2 -preset_vec=00h,intentry=04h,sivt,init,end_init -ppowerup=CODE \
  -pcinit=CODE -pfunctab=ENTRY -k \
  C:\Users\t00904\AppData\Local\Temp\xcCs2j4.2\driver_tmp_15.o \
  D:\yiming\00work\FR743_B101L_RX01.X\out\FR682_RX01\default.o 

Object code version is 3.11

Machine type is 16F1936



                Name                               Link     Load   Length Selector   Space Scale
C:\Users\t00904\AppData\Local\Temp\xcCs2j4.2\driver_tmp_15.o
                end_init                             38       38        2        8       0
                reset_vec                             0        0        2        0       0
                config                             8007     8007        2        0       4
                idloc                              8000     8000        4        0       5
D:\yiming\00work\FR743_B101L_RX01.X\out\FR682_RX01\default.o
                cinit                                3A       3A       1A        8       0
                intentry                              4        4       34        8       0
                config                             8007     8007        2        0       4
                idloc                              8000     8000        4        0       5
                text61                              575      575       18        8       0
                text60                              6A8      6A8        4      D40       0
                text59                              6D5      6D5        1      D40       0
                text58                              6A4      6A4        4      D40       0
                text57                              3E5      3E5       39        8       0
                text56                              4E9      4E9       22        8       0
                text55                              697      697        5        8       0
                text54                              6D4      6D4        1      D40       0
                text53                              600      600        F        8       0
                text52                              5F0      5F0       10        8       0
                text50                              692      692        5        8       0
                text49                              5DD      5DD       13        8       0
                text48                              643      643        9        8       0
                text47                              479      479       26        8       0
                text46                              6D0      6D0        3      D40       0
                text45                              5CA      5CA       13        8       0
                text44                              24E      24E       86        8       0
                text43                              2D4      2D4       6A        8       0
                text42                              55B      55B       1A        8       0
                text41                              68D      68D        5        8       0
                text40                              688      688        5        8       0
                text39                              451      451       28        8       0
                text38                              41E      41E       33        8       0
                text37                              4C4      4C4       25        8       0
                text36                              49F      49F       25        8       0
                text35                              33E      33E       69        8       0
                text34                              683      683        5        8       0
                text33                              62A      62A        D        8       0
                text32                              67E      67E        5        8       0
                text31                              6CD      6CD        3      D40       0
                text30                              6CA      6CA        3      D40       0
                text29                              6C7      6C7        3      D40       0
                text28                              6C4      6C4        3      D40       0
                text27                              6C1      6C1        3      D40       0
                text26                              6BE      6BE        3      D40       0
                text25                              541      541       1A        8       0
                text24                              50B      50B       1C        8       0
                text23                              6BB      6BB        3      D40       0
                text22                              6B8      6B8        3      D40       0
                text21                              6B5      6B5        3      D40       0
                text20                              6B2      6B2        3      D40       0
                text19                              6AF      6AF        3      D40       0
                text18                              6AC      6AC        3      D40       0
                text17                              17F      17F       CF        8       0
                text16                               54       54      12B        8       0
                text15                              678      678        6        8       0
                text14                              672      672        6        8       0
                text13                              66C      66C        6        8       0
                text12                              666      666        6        8       0
                text11                              660      660        6        8       0
                text10                              3A7      3A7       3E        8       0
                text9                               65A      65A        6        8       0
                text8                               64C      64C        8        8       0
                text7                               58D      58D       16        8       0
                text6                               61D      61D        D        8       0
                text5                               637      637        C        8       0
                text4                               527      527       1A        8       0
                text3                               5A3      5A3       14        8       0
                text2                               6A0      6A0        4      D40       0
                text1                               5B7      5B7       13        8       0
                maintext                            60F      60F        E        8       0
                cstackBANK0                          5C       5C        C       20       1
                cstackCOMMON                         70       70        B       70       1
                clrtext                             654      654        6        8       0
                bssBANK1                             A0       A0       10       A0       1
                dataBANK0                            68       68        1       20       1
                bssBANK0                             20       20       3C       20       1
                bssCOMMON                            7B       7B        2       70       1
                stringtext1                         69C      69C        4      D38       0
                idataBANK0                          6D3      6D3        1      D40       0

TOTAL           Name                               Link     Load   Length     Space
        CLASS   CODE           
                end_init                             38       38        2         0
                cinit                                3A       3A       1A         0
                intentry                              4        4       34         0
                reset_vec                             0        0        2         0
                text61                              575      575       18         0
                text60                              6A8      6A8        4         0
                text59                              6D5      6D5        1         0
                text58                              6A4      6A4        4         0
                text57                              3E5      3E5       39         0
                text56                              4E9      4E9       22         0
                text55                              697      697        5         0
                text54                              6D4      6D4        1         0
                text53                              600      600        F         0
                text52                              5F0      5F0       10         0
                text50                              692      692        5         0
                text49                              5DD      5DD       13         0
                text48                              643      643        9         0
                text47                              479      479       26         0
                text46                              6D0      6D0        3         0
                text45                              5CA      5CA       13         0
                text44                              24E      24E       86         0
                text43                              2D4      2D4       6A         0
                text42                              55B      55B       1A         0
                text41                              68D      68D        5         0
                text40                              688      688        5         0
                text39                              451      451       28         0
                text38                              41E      41E       33         0
                text37                              4C4      4C4       25         0
                text36                              49F      49F       25         0
                text35                              33E      33E       69         0
                text34                              683      683        5         0
                text33                              62A      62A        D         0
                text32                              67E      67E        5         0
                text31                              6CD      6CD        3         0
                text30                              6CA      6CA        3         0
                text29                              6C7      6C7        3         0
                text28                              6C4      6C4        3         0
                text27                              6C1      6C1        3         0
                text26                              6BE      6BE        3         0
                text25                              541      541       1A         0
                text24                              50B      50B       1C         0
                text23                              6BB      6BB        3         0
                text22                              6B8      6B8        3         0
                text21                              6B5      6B5        3         0
                text20                              6B2      6B2        3         0
                text19                              6AF      6AF        3         0
                text18                              6AC      6AC        3         0
                text17                              17F      17F       CF         0
                text16                               54       54      12B         0
                text15                              678      678        6         0
                text14                              672      672        6         0
                text13                              66C      66C        6         0
                text12                              666      666        6         0
                text11                              660      660        6         0
                text10                              3A7      3A7       3E         0
                text9                               65A      65A        6         0
                text8                               64C      64C        8         0
                text7                               58D      58D       16         0
                text6                               61D      61D        D         0
                text5                               637      637        C         0
                text4                               527      527       1A         0
                text3                               5A3      5A3       14         0
                text2                               6A0      6A0        4         0
                text1                               5B7      5B7       13         0
                maintext                            60F      60F        E         0
                clrtext                             654      654        6         0
                idataBANK0                          6D3      6D3        1         0

        CLASS   STRCODE        
                stringtext1                         69C      69C        4         0

        CLASS   STRING         

        CLASS   CONST          

        CLASS   ENTRY          

        CLASS   COMMON         
                cstackCOMMON                         70       70        B         1
                bssCOMMON                            7B       7B        2         1

        CLASS   BANK0          
                cstackBANK0                          5C       5C        C         1
                dataBANK0                            68       68        1         1
                bssBANK0                             20       20       3C         1

        CLASS   BANK1          
                bssBANK1                             A0       A0       10         1

        CLASS   BANK2          

        CLASS   BANK3          

        CLASS   BANK4          

        CLASS   BANK5          

        CLASS   BANK6          

        CLASS   BIGRAM         

        CLASS   RAM            

        CLASS   ABS1           
                abs_s1                               7E       7E        2         1

        CLASS   SFR0           

        CLASS   SFR1           

        CLASS   SFR2           

        CLASS   SFR3           

        CLASS   SFR4           

        CLASS   SFR5           

        CLASS   SFR6           

        CLASS   SFR7           

        CLASS   SFR8           

        CLASS   SFR9           

        CLASS   SFR10          

        CLASS   SFR11          

        CLASS   SFR12          

        CLASS   SFR13          

        CLASS   SFR14          

        CLASS   SFR15          

        CLASS   SFR16          

        CLASS   SFR17          

        CLASS   SFR18          

        CLASS   SFR19          

        CLASS   SFR20          

        CLASS   SFR21          

        CLASS   SFR22          

        CLASS   SFR23          

        CLASS   SFR24          

        CLASS   SFR25          

        CLASS   SFR26          

        CLASS   SFR27          

        CLASS   SFR28          

        CLASS   SFR29          

        CLASS   SFR30          

        CLASS   SFR31          

        CLASS   CONFIG         
                config                             8007     8007        2         4

        CLASS   IDLOC          
                idloc                              8000     8000        4         5

        CLASS   EEDATA         

        CLASS   BANK31         

        CLASS   BANK30         

        CLASS   BANK29         

        CLASS   BANK28         

        CLASS   BANK27         

        CLASS   BANK26         

        CLASS   BANK25         

        CLASS   BANK24         

        CLASS   BANK23         

        CLASS   BANK22         

        CLASS   BANK21         

        CLASS   BANK20         

        CLASS   BANK19         

        CLASS   BANK18         

        CLASS   BANK17         

        CLASS   BANK16         

        CLASS   BANK15         

        CLASS   BANK14         

        CLASS   BANK13         

        CLASS   BANK12         

        CLASS   BANK11         

        CLASS   BANK10         

        CLASS   BANK9          

        CLASS   BANK8          

        CLASS   BANK7          

        CLASS   HEAP           

        CLASS   STACK          



SEGMENTS        Name                           Load    Length   Top    Selector   Space  Class     Delta

                reset_vec                      000000  000002  000002         0       0  CODE        2
                intentry                       000004  000698  00069C         8       0  CODE        2
                bssBANK0                       000020  000049  000069        20       1  BANK0       1
                cstackCOMMON                   000070  00000D  00007D        70       1  COMMON      1
                bssBANK1                       0000A0  000010  0000B0        A0       1  BANK1       1
                stringtext1                    00069C  000004  0006A0       D38       0  STRCODE     2
                text2                          0006A0  000036  0006D6       D40       0  CODE        2


UNUSED ADDRESS RANGES

        Name                Unused          Largest block    Delta
        BANK0            00069-0006F               7           1
        BANK1            000B0-000EF              40           1
        BANK2            00120-0016F              50           1
        BANK3            001A0-001EF              50           1
        BANK4            00220-0026F              50           1
        BANK5            002A0-002EF              50           1
        BANK6            00320-0032F              10           1
        BIGRAM           02000-021EF             1F0           1
        CODE             00002-00003               2           2
                         006D6-01FFF             800
        COMMON           0007D-0007D               1           1
        CONST            00002-00003               2           2
                         006D6-01FFF             100
        EEDATA           0F000-0F0FF             100           2
        ENTRY            00002-00003               2           2
                         006D6-01FFF             100
        RAM              00069-0006F               7           1
                         000B0-000EF              40
                         00120-0016F              50
                         001A0-001EF              50
                         00220-0026F              50
                         002A0-002EF              50
                         00320-0032F              10
        SFR0             00000-0001F              20           1
        SFR1             00080-0009F              20           1
        SFR10            00500-0056F              70           1
        SFR11            00580-005EF              70           1
        SFR12            00600-0066F              70           1
        SFR13            00680-006EF              70           1
        SFR14            00700-0076F              70           1
        SFR15            00780-007EF              70           1
        SFR16            00800-0086F              70           1
        SFR17            00880-008EF              70           1
        SFR18            00900-0096F              70           1
        SFR19            00980-009EF              70           1
        SFR2             00100-0011F              20           1
        SFR20            00A00-00A6F              70           1
        SFR21            00A80-00AEF              70           1
        SFR22            00B00-00B6F              70           1
        SFR23            00B80-00BEF              70           1
        SFR24            00C00-00C6F              70           1
        SFR25            00C80-00CEF              70           1
        SFR26            00D00-00D6F              70           1
        SFR27            00D80-00DEF              70           1
        SFR28            00E00-00E6F              70           1
        SFR29            00E80-00EEF              70           1
        SFR3             00180-0019F              20           1
        SFR30            00F00-00F6F              70           1
        SFR31            00F80-00FEF              70           1
        SFR4             00200-0021F              20           1
        SFR5             00280-0029F              20           1
        SFR6             00300-0031F              20           1
        SFR7             00380-003EF              70           1
        SFR8             00400-0046F              70           1
        SFR9             00480-004EF              70           1
        STRCODE          00002-00003               2           2
                         006D6-01FFF            192A
        STRING           00002-00003               2           2
                         006D6-01FFF             100

                                  Symbol Table

EUSART_Read@readValue                          cstackCOMMON 00072
EUSART_SetErrorHandler@interruptHandler        cstackCOMMON 00071
EUSART_SetFramingErrorHandler@interruptHandler cstackCOMMON 00071
EUSART_SetOverrunErrorHandler@interruptHandler cstackCOMMON 00071
EUSART_SetRxInterruptHandler@interruptHandler  cstackCOMMON 00071
EUSART_SetTxInterruptHandler@interruptHandler  cstackCOMMON 00071
EUSART_Write@txData                            cstackCOMMON 00072
LIN_calcParity@CMD                             cstackCOMMON 00072
LIN_calcParity@PID                             cstackCOMMON 00073
LIN_checkPID@pid                               cstackCOMMON 00078
LIN_getChecksum@checksum                       cstackCOMMON 00077
LIN_getChecksum@data                           cstackCOMMON 00072
LIN_getChecksum@i                              cstackCOMMON 00076
LIN_getChecksum@length                         cstackCOMMON 00075
LIN_getChecksum@pid                            cstackCOMMON 00071
LIN_getFromTable@cmd                           cstackCOMMON 00074
LIN_getFromTable@length                        cstackCOMMON 00075
LIN_getFromTable@param                         cstackCOMMON 00071
LIN_getFromTable@rxCommand                     cstackCOMMON 00076
LIN_getPacket@cmd                              cstackCOMMON 00079
LIN_getPacket@data                             cstackCOMMON 0007A
LIN_handler@LIN_rxState                        bssBANK0     00047
LIN_handler@rxDataIndex                        bssBANK0     00046
LIN_init@command                               cstackCOMMON 00073
LIN_init@processData                           cstackCOMMON 00075
LIN_init@tableLength                           cstackCOMMON 00077
LIN_queuePacket@cmd                            cstackBANK0  00061
LIN_queuePacket@i                              cstackBANK0  00062
LIN_queuePacket@tempSchedule                   cstackBANK0  00063
LIN_sendPacket@data                            cstackCOMMON 0007A
LIN_sendPacket@i                               cstackBANK0  0005E
LIN_sendPacket@length                          cstackBANK0  0005D
LIN_sendPacket@pid                             cstackCOMMON 00079
LIN_startTimer@timeout                         cstackCOMMON 00072
TMR0_SetInterruptHandler@InterruptHandler      cstackCOMMON 00071
TMR0_WriteTimer@timerVal                       cstackCOMMON 00071
_ANSELA                                        (abs)        0018C
_ANSELB                                        (abs)        0018D
_APFCON                                        (abs)        0011D
_AutoBaud_Detect                               text49       005DD
_AutoBaud_Detect_ON                            text50       00692
_BAUDCON                                       (abs)        0019F
_BAUDCONbits                                   (abs)        0019F
_BORCON                                        (abs)        00116
_CountCallBack                                 bssBANK0     00048
_DRL_OFF                                       text31       006CD
_DRL_ON                                        text30       006CA
_EUSART_DefaultErrorHandler                    text60       006A8
_EUSART_DefaultFramingErrorHandler             text59       006D5
_EUSART_DefaultOverrunErrorHandler             text58       006A4
_EUSART_ErrorHandler                           bssBANK0     00032
_EUSART_FramingErrorHandler                    bssBANK0     00036
_EUSART_Initialize                             text10       003A7
_EUSART_OverrunErrorHandler                    bssBANK0     00034
_EUSART_Read                                   text47       00479
_EUSART_Receive_ISR                            text57       003E5
_EUSART_RxDataHandler                          text61       00575
_EUSART_RxDefaultInterruptHandler              bssBANK0     00038
_EUSART_SetErrorHandler                        text15       00678
_EUSART_SetFramingErrorHandler                 text14       00672
_EUSART_SetOverrunErrorHandler                 text13       0066C
_EUSART_SetRxInterruptHandler                  text12       00666
_EUSART_SetTxInterruptHandler                  text11       00660
_EUSART_Transmit_ISR                           text56       004E9
_EUSART_TxDefaultInterruptHandler              bssBANK0     0003A
_EUSART_Write                                  text39       00451
_EUSART_get_last_status                        text46       006D0
_EUSART_is_rx_ready                            text48       00643
_HIBEAM_OFF                                    text29       006C7
_HIBEAM_ON                                     text28       006C4
_INTCONbits                                    (abs)        0000B
_INTERRUPT_InterruptManager                    intentry     00004
_LATA                                          (abs)        0010C
_LATB                                          (abs)        0010D
_LATBbits                                      (abs)        0010D
_LATC                                          (abs)        0010E
_LATCbits                                      (abs)        0010E
_LATE                                          (abs)        00110
_LEFT_OFF                                      text27       006C1
_LEFT_ON                                       text26       006BE
_LIN_Slave_Initialize                          text6        0061D
_LIN_breakCheck                                text45       005CA
_LIN_calcParity                                text44       0024E
_LIN_checkPID                                  text42       0055B
_LIN_disableRx                                 text41       0068D
_LIN_enableRx                                  text40       00688
_LIN_getChecksum                               text38       0041E
_LIN_getFromTable                              text43       002D4
_LIN_getPacket                                 text24       0050B
_LIN_handler                                   text16       00054
_LIN_init                                      text7        0058D
_LIN_packet                                    bssBANK0     0004F
_LIN_processData                               bssBANK0     0003E
_LIN_queuePacket                               text35       0033E
_LIN_rxCommand                                 bssBANK0     0003C
_LIN_rxCommandLength                           bssBANK0     0004A
_LIN_rxInProgress                              bssBANK0     0004B
_LIN_sendPacket                                text37       004C4
_LIN_setTimerHandler                           text8        0064C
_LIN_startTimer                                text33       0062A
_LIN_stopTimer                                 text32       0067E
_LIN_timeout                                   dataBANK0    00068
_LIN_timerHandler                              text53       00600
_LIN_timerRunning                              bssBANK0     00049
_LOBEAM_OFF                                    text23       006BB
_LOBEAM_ON                                     text22       006B8
_OPTION_REG                                    (abs)        00095
_OPTION_REGbits                                (abs)        00095
_OSCCON                                        (abs)        00099
_OSCILLATOR_Initialize                         text5        00637
_OSCTUNE                                       (abs)        00098
_PIE1bits                                      (abs)        00091
_PIN_MANAGER_Initialize                        text4        00527
_PIR1bits                                      (abs)        00011
_PLLR                                          (abs)        004D6
_POS_OFF                                       text21       006B5
_POS_ON                                        text20       006B2
_RCREG                                         (abs)        00199
_RCSTA                                         (abs)        0019D
_RCSTAbits                                     (abs)        0019D
_RIGHT_OFF                                     text19       006AF
_RIGHT_ON                                      text18       006AC
_SPBRGH                                        (abs)        0019C
_SPBRGL                                        (abs)        0019B
_SW_STATE_Data                                 bssBANK1     000A8
_SYSTEM_Initialize                             text1        005B7
_TMR0                                          (abs)        00015
_TMR0_DefaultInterruptHandler                  text54       006D4
_TMR0_ISR                                      text52       005F0
_TMR0_Initialize                               text3        005A3
_TMR0_InterruptHandler                         bssBANK0     00030
_TMR0_SetInterruptHandler                      text9        0065A
_TMR0_WriteTimer                               text34       00683
_TRISA                                         (abs)        0008C
_TRISB                                         (abs)        0008D
_TRISC                                         (abs)        0008E
_TRISE                                         (abs)        00090
_TXREG                                         (abs)        0019A
_TXSTA                                         (abs)        0019E
_TXSTAbits                                     (abs)        0019E
_WDTCON                                        (abs)        00097
_WDT_Initialize                                text2        006A0
_WPUB                                          (abs)        0020D
_WPUE                                          (abs)        00210
__H__absolute__                                __absolute__ 00000
__Habs1                                        abs1         00000
__Hbank0                                       bank0        00000
__Hbank1                                       bank1        00000
__Hbank10                                      bank10       00000
__Hbank11                                      bank11       00000
__Hbank12                                      bank12       00000
__Hbank13                                      bank13       00000
__Hbank14                                      bank14       00000
__Hbank15                                      bank15       00000
__Hbank16                                      bank16       00000
__Hbank17                                      bank17       00000
__Hbank18                                      bank18       00000
__Hbank19                                      bank19       00000
__Hbank2                                       bank2        00000
__Hbank20                                      bank20       00000
__Hbank21                                      bank21       00000
__Hbank22                                      bank22       00000
__Hbank23                                      bank23       00000
__Hbank24                                      bank24       00000
__Hbank25                                      bank25       00000
__Hbank26                                      bank26       00000
__Hbank27                                      bank27       00000
__Hbank28                                      bank28       00000
__Hbank29                                      bank29       00000
__Hbank3                                       bank3        00000
__Hbank30                                      bank30       00000
__Hbank31                                      bank31       00000
__Hbank4                                       bank4        00000
__Hbank5                                       bank5        00000
__Hbank6                                       bank6        00000
__Hbank7                                       bank7        00000
__Hbank8                                       bank8        00000
__Hbank9                                       bank9        00000
__Hbigram                                      bigram       00000
__HbssBANK0                                    bssBANK0     00000
__HbssBANK1                                    bssBANK1     00000
__HbssCOMMON                                   bssCOMMON    00000
__Hcinit                                       cinit        00054
__Hclrtext                                     clrtext      00000
__Hcode                                        code         00000
__Hcommon                                      common       00000
__Hconfig                                      config       08009
__HcstackBANK0                                 cstackBANK0  00000
__HcstackCOMMON                                cstackCOMMON 00000
__HdataBANK0                                   dataBANK0    00000
__Heeprom_data                                 eeprom_data  00000
__Hend_init                                    end_init     0003A
__Hfunctab                                     functab      00000
__Hheap                                        heap         00000
__HidataBANK0                                  idataBANK0   00000
__Hidloc                                       idloc        08004
__Hinit                                        init         00038
__Hintentry                                    intentry     00038
__Hmaintext                                    maintext     00000
__Hpowerup                                     powerup      00000
__Hram                                         ram          00000
__Hreset_vec                                   reset_vec    00002
__Hsfr0                                        sfr0         00000
__Hsfr1                                        sfr1         00000
__Hsfr10                                       sfr10        00000
__Hsfr11                                       sfr11        00000
__Hsfr12                                       sfr12        00000
__Hsfr13                                       sfr13        00000
__Hsfr14                                       sfr14        00000
__Hsfr15                                       sfr15        00000
__Hsfr16                                       sfr16        00000
__Hsfr17                                       sfr17        00000
__Hsfr18                                       sfr18        00000
__Hsfr19                                       sfr19        00000
__Hsfr2                                        sfr2         00000
__Hsfr20                                       sfr20        00000
__Hsfr21                                       sfr21        00000
__Hsfr22                                       sfr22        00000
__Hsfr23                                       sfr23        00000
__Hsfr24                                       sfr24        00000
__Hsfr25                                       sfr25        00000
__Hsfr26                                       sfr26        00000
__Hsfr27                                       sfr27        00000
__Hsfr28                                       sfr28        00000
__Hsfr29                                       sfr29        00000
__Hsfr3                                        sfr3         00000
__Hsfr30                                       sfr30        00000
__Hsfr31                                       sfr31        00000
__Hsfr4                                        sfr4         00000
__Hsfr5                                        sfr5         00000
__Hsfr6                                        sfr6         00000
__Hsfr7                                        sfr7         00000
__Hsfr8                                        sfr8         00000
__Hsfr9                                        sfr9         00000
__Hsivt                                        sivt         00038
__Hspace_0                                     (abs)        006D6
__Hspace_1                                     (abs)        000B0
__Hspace_2                                     (abs)        00000
__Hspace_3                                     (abs)        00000
__Hspace_4                                     (abs)        10010
__Hstack                                       stack        00000
__Hstrings                                     strings      00000
__Hstringtext1                                 stringtext1  00000
__Htext                                        text         00000
__L__absolute__                                __absolute__ 00000
__Labs1                                        abs1         00000
__Lbank0                                       bank0        00000
__Lbank1                                       bank1        00000
__Lbank10                                      bank10       00000
__Lbank11                                      bank11       00000
__Lbank12                                      bank12       00000
__Lbank13                                      bank13       00000
__Lbank14                                      bank14       00000
__Lbank15                                      bank15       00000
__Lbank16                                      bank16       00000
__Lbank17                                      bank17       00000
__Lbank18                                      bank18       00000
__Lbank19                                      bank19       00000
__Lbank2                                       bank2        00000
__Lbank20                                      bank20       00000
__Lbank21                                      bank21       00000
__Lbank22                                      bank22       00000
__Lbank23                                      bank23       00000
__Lbank24                                      bank24       00000
__Lbank25                                      bank25       00000
__Lbank26                                      bank26       00000
__Lbank27                                      bank27       00000
__Lbank28                                      bank28       00000
__Lbank29                                      bank29       00000
__Lbank3                                       bank3        00000
__Lbank30                                      bank30       00000
__Lbank31                                      bank31       00000
__Lbank4                                       bank4        00000
__Lbank5                                       bank5        00000
__Lbank6                                       bank6        00000
__Lbank7                                       bank7        00000
__Lbank8                                       bank8        00000
__Lbank9                                       bank9        00000
__Lbigram                                      bigram       00000
__LbssBANK0                                    bssBANK0     00000
__LbssBANK1                                    bssBANK1     00000
__LbssCOMMON                                   bssCOMMON    00000
__Lcinit                                       cinit        0003A
__Lclrtext                                     clrtext      00000
__Lcode                                        code         00000
__Lcommon                                      common       00000
__Lconfig                                      config       00000
__LcstackBANK0                                 cstackBANK0  00000
__LcstackCOMMON                                cstackCOMMON 00000
__LdataBANK0                                   dataBANK0    00000
__Leeprom_data                                 eeprom_data  00000
__Lend_init                                    end_init     00038
__Lfunctab                                     functab      00000
__Lheap                                        heap         00000
__LidataBANK0                                  idataBANK0   00000
__Lidloc                                       idloc        00000
__Linit                                        init         00038
__Lintentry                                    intentry     00004
__Lmaintext                                    maintext     00000
__Lpowerup                                     powerup      00000
__Lram                                         ram          00000
__Lreset_vec                                   reset_vec    00000
__Lsfr0                                        sfr0         00000
__Lsfr1                                        sfr1         00000
__Lsfr10                                       sfr10        00000
__Lsfr11                                       sfr11        00000
__Lsfr12                                       sfr12        00000
__Lsfr13                                       sfr13        00000
__Lsfr14                                       sfr14        00000
__Lsfr15                                       sfr15        00000
__Lsfr16                                       sfr16        00000
__Lsfr17                                       sfr17        00000
__Lsfr18                                       sfr18        00000
__Lsfr19                                       sfr19        00000
__Lsfr2                                        sfr2         00000
__Lsfr20                                       sfr20        00000
__Lsfr21                                       sfr21        00000
__Lsfr22                                       sfr22        00000
__Lsfr23                                       sfr23        00000
__Lsfr24                                       sfr24        00000
__Lsfr25                                       sfr25        00000
__Lsfr26                                       sfr26        00000
__Lsfr27                                       sfr27        00000
__Lsfr28                                       sfr28        00000
__Lsfr29                                       sfr29        00000
__Lsfr3                                        sfr3         00000
__Lsfr30                                       sfr30        00000
__Lsfr31                                       sfr31        00000
__Lsfr4                                        sfr4         00000
__Lsfr5                                        sfr5         00000
__Lsfr6                                        sfr6         00000
__Lsfr7                                        sfr7         00000
__Lsfr8                                        sfr8         00000
__Lsfr9                                        sfr9         00000
__Lsivt                                        sivt         00038
__Lspace_0                                     (abs)        00000
__Lspace_1                                     (abs)        00000
__Lspace_2                                     (abs)        00000
__Lspace_3                                     (abs)        00000
__Lspace_4                                     (abs)        00000
__Lstack                                       stack        00000
__Lstrings                                     strings      00000
__Lstringtext1                                 stringtext1  00000
__Ltext                                        text         00000
__S0                                           (abs)        006D6
__S1                                           (abs)        000B0
__S3                                           (abs)        00000
___heap_hi                                     (abs)        00000
___heap_lo                                     (abs)        00000
___int_sp                                      stack        00000
___int_stack_hi                                stack        00000
___int_stack_lo                                stack        00000
___latbits                                     (abs)        00002
___sp                                          stack        00000
___stack_hi                                    stack        00000
___stack_lo                                    stack        00000
___stackhi                                     (abs)        00000
___stacklo                                     (abs)        00000
__end_of_AutoBaud_Detect                       text49       005F0
__end_of_AutoBaud_Detect_ON                    text50       00697
__end_of_DRL_OFF                               text31       006D0
__end_of_DRL_ON                                text30       006CD
__end_of_EUSART_DefaultErrorHandler            text60       006AC
__end_of_EUSART_DefaultFramingErrorHandler     text59       006D6
__end_of_EUSART_DefaultOverrunErrorHandler     text58       006A8
__end_of_EUSART_Initialize                     text10       003E5
__end_of_EUSART_Read                           text47       0049F
__end_of_EUSART_Receive_ISR                    text57       0041E
__end_of_EUSART_RxDataHandler                  text61       0058D
__end_of_EUSART_SetErrorHandler                text15       0067E
__end_of_EUSART_SetFramingErrorHandler         text14       00678
__end_of_EUSART_SetOverrunErrorHandler         text13       00672
__end_of_EUSART_SetRxInterruptHandler          text12       0066C
__end_of_EUSART_SetTxInterruptHandler          text11       00666
__end_of_EUSART_Transmit_ISR                   text56       0050B
__end_of_EUSART_Write                          text39       00479
__end_of_EUSART_get_last_status                text46       006D3
__end_of_EUSART_is_rx_ready                    text48       0064C
__end_of_HIBEAM_OFF                            text29       006CA
__end_of_HIBEAM_ON                             text28       006C7
__end_of_INTERRUPT_InterruptManager            intentry     00038
__end_of_LEFT_OFF                              text27       006C4
__end_of_LEFT_ON                               text26       006C1
__end_of_LIN_Slave_Initialize                  text6        0062A
__end_of_LIN_breakCheck                        text45       005DD
__end_of_LIN_calcParity                        text44       002D4
__end_of_LIN_checkPID                          text42       00575
__end_of_LIN_disableRx                         text41       00692
__end_of_LIN_enableRx                          text40       0068D
__end_of_LIN_getChecksum                       text38       00451
__end_of_LIN_getFromTable                      text43       0033E
__end_of_LIN_getPacket                         text24       00527
__end_of_LIN_handler                           text16       0017F
__end_of_LIN_init                              text7        005A3
__end_of_LIN_queuePacket                       text35       003A7
__end_of_LIN_sendPacket                        text37       004E9
__end_of_LIN_setTimerHandler                   text8        00654
__end_of_LIN_startTimer                        text33       00637
__end_of_LIN_stopTimer                         text32       00683
__end_of_LIN_timerHandler                      text53       0060F
__end_of_LOBEAM_OFF                            text23       006BE
__end_of_LOBEAM_ON                             text22       006BB
__end_of_OSCILLATOR_Initialize                 text5        00643
__end_of_PIN_MANAGER_Initialize                text4        00541
__end_of_POS_OFF                               text21       006B8
__end_of_POS_ON                                text20       006B5
__end_of_RIGHT_OFF                             text19       006B2
__end_of_RIGHT_ON                              text18       006AF
__end_of_SYSTEM_Initialize                     text1        005CA
__end_of_TMR0_DefaultInterruptHandler          text54       006D5
__end_of_TMR0_ISR                              text52       00600
__end_of_TMR0_Initialize                       text3        005B7
__end_of_TMR0_SetInterruptHandler              text9        00660
__end_of_TMR0_WriteTimer                       text34       00688
__end_of_WDT_Initialize                        text2        006A4
__end_of__initialization                       cinit        00050
__end_of_main                                  maintext     0061D
__end_of_memcpy                                text36       004C4
__end_of_memset                                text25       0055B
__end_of_processLIN                            text17       0024E
__end_of_scheduleTable                         stringtext1  006A0
__end_ofi1_LIN_stopTimer                       text55       0069C
__initialization                               cinit        0003A
__pbssBANK0                                    bssBANK0     00020
__pbssBANK1                                    bssBANK1     000A0
__pbssCOMMON                                   bssCOMMON    0007B
__pcstackBANK0                                 cstackBANK0  0005C
__pcstackCOMMON                                cstackCOMMON 00070
__pdataBANK0                                   dataBANK0    00068
__pidataBANK0                                  idataBANK0   006D3
__pintentry                                    intentry     00004
__pmaintext                                    maintext     0060F
__pstringtext1                                 stringtext1  0069C
__ptext1                                       text1        005B7
__ptext10                                      text10       003A7
__ptext11                                      text11       00660
__ptext12                                      text12       00666
__ptext13                                      text13       0066C
__ptext14                                      text14       00672
__ptext15                                      text15       00678
__ptext16                                      text16       00054
__ptext17                                      text17       0017F
__ptext18                                      text18       006AC
__ptext19                                      text19       006AF
__ptext2                                       text2        006A0
__ptext20                                      text20       006B2
__ptext21                                      text21       006B5
__ptext22                                      text22       006B8
__ptext23                                      text23       006BB
__ptext24                                      text24       0050B
__ptext25                                      text25       00541
__ptext26                                      text26       006BE
__ptext27                                      text27       006C1
__ptext28                                      text28       006C4
__ptext29                                      text29       006C7
__ptext3                                       text3        005A3
__ptext30                                      text30       006CA
__ptext31                                      text31       006CD
__ptext32                                      text32       0067E
__ptext33                                      text33       0062A
__ptext34                                      text34       00683
__ptext35                                      text35       0033E
__ptext36                                      text36       0049F
__ptext37                                      text37       004C4
__ptext38                                      text38       0041E
__ptext39                                      text39       00451
__ptext4                                       text4        00527
__ptext40                                      text40       00688
__ptext41                                      text41       0068D
__ptext42                                      text42       0055B
__ptext43                                      text43       002D4
__ptext44                                      text44       0024E
__ptext45                                      text45       005CA
__ptext46                                      text46       006D0
__ptext47                                      text47       00479
__ptext48                                      text48       00643
__ptext49                                      text49       005DD
__ptext5                                       text5        00637
__ptext50                                      text50       00692
__ptext52                                      text52       005F0
__ptext53                                      text53       00600
__ptext54                                      text54       006D4
__ptext55                                      text55       00697
__ptext56                                      text56       004E9
__ptext57                                      text57       003E5
__ptext58                                      text58       006A4
__ptext59                                      text59       006D5
__ptext6                                       text6        0061D
__ptext60                                      text60       006A8
__ptext61                                      text61       00575
__ptext7                                       text7        0058D
__ptext8                                       text8        0064C
__ptext9                                       text9        0065A
_eusartRxBuffer                                bssBANK1     000A0
_eusartRxCount                                 bssBANK0     00042
_eusartRxHead                                  bssCOMMON    0007C
_eusartRxLastError                             bssBANK0     00041
_eusartRxStatusBuffer                          bssBANK0     00020
_eusartRxTail                                  bssCOMMON    0007B
_eusartTxBuffer                                bssBANK0     00028
_eusartTxBufferRemaining                       bssBANK0     00043
_eusartTxHead                                  bssBANK0     00045
_eusartTxTail                                  bssBANK0     00044
_lampFlags                                     bssBANK0     0004C
_lampState                                     bssBANK0     0004E
_main                                          maintext     0060F
_memcpy                                        text36       0049F
_memset                                        text25       00541
_processLIN                                    text17       0017F
_scheduleTable                                 stringtext1  0069C
_timer0ReloadVal                               bssBANK0     00040
btemp                                          (abs)        0007E
clear_ram0                                     clrtext      00654
end_of_initialization                          cinit        00050
i1_LIN_stopTimer                               text55       00697
int$flags                                      (abs)        0007E
intlevel0                                      functab      00000
intlevel1                                      functab      00000
intlevel2                                      functab      00000
intlevel3                                      functab      00000
intlevel4                                      functab      00000
intlevel5                                      functab      00000
memcpy@d                                       cstackCOMMON 00076
memcpy@d1                                      cstackCOMMON 00078
memcpy@n                                       cstackCOMMON 00072
memcpy@s                                       cstackCOMMON 00077
memcpy@s1                                      cstackCOMMON 00071
memcpy@tmp                                     cstackCOMMON 00075
memset@c                                       cstackCOMMON 00071
memset@dest                                    cstackCOMMON 00077
memset@n                                       cstackCOMMON 00073
memset@p                                       cstackCOMMON 00076
processLIN@cmd                                 cstackBANK0  0005C
processLIN@tempRxData                          cstackBANK0  0005D
reset_vec                                      reset_vec    00000
start                                          init         00038
start_initialization                           cinit        0003A
wtemp0                                         (abs)        0007E


MODULE INFORMATION

Module		Function		Class		Link	Load	Size
D:\yiming\00work\FR743_B101L_RX01.X\mcc_generated_files\LINDrivers\lin_slave.c
		_LIN_init      		CODE           	058D	0000	22
		_LIN_stopTimer 		CODE           	067E	0000	5
		_LIN_timerHandler		CODE           	0600	0000	15
		_LIN_checkPID  		CODE           	055B	0000	26
		_LIN_getFromTable		CODE           	02D4	0000	106
		_LIN_getPacket 		CODE           	050B	0000	28
		_LIN_sendPacket		CODE           	04C4	0000	37
		_LIN_disableRx 		CODE           	068D	0000	5
		_LIN_setTimerHandler		CODE           	064C	0000	8
		_LIN_startTimer		CODE           	062A	0000	13
		_LIN_queuePacket		CODE           	033E	0000	105
		_LIN_breakCheck		CODE           	05CA	0000	19
		_LIN_getChecksum		CODE           	041E	0000	51
		_LIN_handler   		CODE           	0054	0000	299
		_LIN_calcParity		CODE           	024E	0000	134
		_LIN_enableRx  		CODE           	0688	0000	5

D:\yiming\00work\FR743_B101L_RX01.X\mcc_generated_files\LINDrivers\lin_slave.c estimated size: 878

c:\PROGRA~1\MICROC~1\xc8\v2.46\pic\sources\c99\common\memcpy.c
		_memcpy        		CODE           	049F	0000	37

c:\PROGRA~1\MICROC~1\xc8\v2.46\pic\sources\c99\common\memcpy.c estimated size: 37

D:\yiming\00work\FR743_B101L_RX01.X\mcc_generated_files\tmr0.c
		_TMR0_SetInterruptHandler		CODE           	065A	0000	6
		_TMR0_DefaultInterruptHandler		CODE           	06D4	0000	1
		_TMR0_WriteTimer		CODE           	0683	0000	5
		_TMR0_ISR      		CODE           	05F0	0000	16
		_TMR0_Initialize		CODE           	05A3	0000	20

D:\yiming\00work\FR743_B101L_RX01.X\mcc_generated_files\tmr0.c estimated size: 48

D:\yiming\00work\FR743_B101L_RX01.X\mcc_generated_files\interrupt_manager.c
		_INTERRUPT_InterruptManager		CODE           	0004	0000	52

D:\yiming\00work\FR743_B101L_RX01.X\mcc_generated_files\interrupt_manager.c estimated size: 52

D:\yiming\00work\FR743_B101L_RX01.X\mcc_generated_files\mcc.c
		_WDT_Initialize		CODE           	06A0	0000	4
		_OSCILLATOR_Initialize		CODE           	0637	0000	12
		_SYSTEM_Initialize		CODE           	05B7	0000	19

D:\yiming\00work\FR743_B101L_RX01.X\mcc_generated_files\mcc.c estimated size: 35

D:\yiming\00work\FR743_B101L_RX01.X\main.c
		_main          		CODE           	060F	0000	14
		_AutoBaud_Detect		CODE           	05DD	0000	19
		_AutoBaud_Detect_ON		CODE           	0692	0000	5

D:\yiming\00work\FR743_B101L_RX01.X\main.c estimated size: 38

shared
		i1_LIN_stopTimer		CODE           	0697	0000	5
		_scheduleTable 		STRCODE        	069C	0000	4
		__initialization		CODE           	003A	0000	22

shared estimated size: 31

D:\yiming\00work\FR743_B101L_RX01.X\mcc_generated_files\pin_manager.c
		_PIN_MANAGER_Initialize		CODE           	0527	0000	26

D:\yiming\00work\FR743_B101L_RX01.X\mcc_generated_files\pin_manager.c estimated size: 26

c:\PROGRA~1\MICROC~1\xc8\v2.46\pic\sources\c99\common\memset.c
		_memset        		CODE           	0541	0000	26

c:\PROGRA~1\MICROC~1\xc8\v2.46\pic\sources\c99\common\memset.c estimated size: 26

D:\yiming\00work\FR743_B101L_RX01.X\mcc_generated_files\eusart.c
		_EUSART_SetRxInterruptHandler		CODE           	0666	0000	6
		_EUSART_SetTxInterruptHandler		CODE           	0660	0000	6
		_EUSART_Read   		CODE           	0479	0000	38
		_EUSART_DefaultOverrunErrorHandler		CODE           	06A4	0000	4
		_EUSART_Write  		CODE           	0451	0000	40
		_EUSART_DefaultErrorHandler		CODE           	06A8	0000	4
		_EUSART_Transmit_ISR		CODE           	04E9	0000	34
		_EUSART_Initialize		CODE           	03A7	0000	62
		_EUSART_SetFramingErrorHandler		CODE           	0672	0000	6
		_EUSART_SetErrorHandler		CODE           	0678	0000	6
		_EUSART_SetOverrunErrorHandler		CODE           	066C	0000	6
		_EUSART_Receive_ISR		CODE           	03E5	0000	57
		_EUSART_RxDataHandler		CODE           	0575	0000	24
		_EUSART_DefaultFramingErrorHandler		CODE           	06D5	0000	1
		_EUSART_get_last_status		CODE           	06D0	0000	3
		_EUSART_is_rx_ready		CODE           	0643	0000	9

D:\yiming\00work\FR743_B101L_RX01.X\mcc_generated_files\eusart.c estimated size: 306

D:\yiming\00work\FR743_B101L_RX01.X\mcc_generated_files\LINDrivers\lin_app.c
		_processLIN    		CODE           	017F	0000	207
		_POS_OFF       		CODE           	06B5	0000	3
		_HIBEAM_ON     		CODE           	06C4	0000	3
		_HIBEAM_OFF    		CODE           	06C7	0000	3
		_RIGHT_ON      		CODE           	06AC	0000	3
		_RIGHT_OFF     		CODE           	06AF	0000	3
		_LEFT_OFF      		CODE           	06C1	0000	3
		_LOBEAM_ON     		CODE           	06B8	0000	3
		_LOBEAM_OFF    		CODE           	06BB	0000	3
		_DRL_ON        		CODE           	06CA	0000	3
		_LIN_Slave_Initialize		CODE           	061D	0000	13
		_LEFT_ON       		CODE           	06BE	0000	3
		_POS_ON        		CODE           	06B2	0000	3
		_DRL_OFF       		CODE           	06CD	0000	3

D:\yiming\00work\FR743_B101L_RX01.X\mcc_generated_files\LINDrivers\lin_app.c estimated size: 256

